Archive member included to satisfy reference by file (symbol)

/Applications/STM32CubeIDE.app/Contents/Eclipse/plugins/com.st.stm32cube.ide.mcu.externaltools.gnu-tools-for-stm32.7-2018-q2-update.macos64_1.4.0.202007081208/tools/bin/../lib/gcc/arm-none-eabi/7.3.1/../../../../arm-none-eabi/lib/thumb/v7e-m/fpv4-sp/hard/libc_nano.a(lib_a-errno.o)
                              Src/syscalls.o (__errno)
/Applications/STM32CubeIDE.app/Contents/Eclipse/plugins/com.st.stm32cube.ide.mcu.externaltools.gnu-tools-for-stm32.7-2018-q2-update.macos64_1.4.0.202007081208/tools/bin/../lib/gcc/arm-none-eabi/7.3.1/../../../../arm-none-eabi/lib/thumb/v7e-m/fpv4-sp/hard/libc_nano.a(lib_a-exit.o)
                              /Applications/STM32CubeIDE.app/Contents/Eclipse/plugins/com.st.stm32cube.ide.mcu.externaltools.gnu-tools-for-stm32.7-2018-q2-update.macos64_1.4.0.202007081208/tools/bin/../lib/gcc/arm-none-eabi/7.3.1/../../../../arm-none-eabi/lib/thumb/v7e-m/fpv4-sp/hard/crt0.o (exit)
/Applications/STM32CubeIDE.app/Contents/Eclipse/plugins/com.st.stm32cube.ide.mcu.externaltools.gnu-tools-for-stm32.7-2018-q2-update.macos64_1.4.0.202007081208/tools/bin/../lib/gcc/arm-none-eabi/7.3.1/../../../../arm-none-eabi/lib/thumb/v7e-m/fpv4-sp/hard/libc_nano.a(lib_a-impure.o)
                              /Applications/STM32CubeIDE.app/Contents/Eclipse/plugins/com.st.stm32cube.ide.mcu.externaltools.gnu-tools-for-stm32.7-2018-q2-update.macos64_1.4.0.202007081208/tools/bin/../lib/gcc/arm-none-eabi/7.3.1/../../../../arm-none-eabi/lib/thumb/v7e-m/fpv4-sp/hard/libc_nano.a(lib_a-exit.o) (_global_impure_ptr)
/Applications/STM32CubeIDE.app/Contents/Eclipse/plugins/com.st.stm32cube.ide.mcu.externaltools.gnu-tools-for-stm32.7-2018-q2-update.macos64_1.4.0.202007081208/tools/bin/../lib/gcc/arm-none-eabi/7.3.1/../../../../arm-none-eabi/lib/thumb/v7e-m/fpv4-sp/hard/libc_nano.a(lib_a-init.o)
                              /Applications/STM32CubeIDE.app/Contents/Eclipse/plugins/com.st.stm32cube.ide.mcu.externaltools.gnu-tools-for-stm32.7-2018-q2-update.macos64_1.4.0.202007081208/tools/bin/../lib/gcc/arm-none-eabi/7.3.1/../../../../arm-none-eabi/lib/thumb/v7e-m/fpv4-sp/hard/crt0.o (__libc_init_array)
/Applications/STM32CubeIDE.app/Contents/Eclipse/plugins/com.st.stm32cube.ide.mcu.externaltools.gnu-tools-for-stm32.7-2018-q2-update.macos64_1.4.0.202007081208/tools/bin/../lib/gcc/arm-none-eabi/7.3.1/../../../../arm-none-eabi/lib/thumb/v7e-m/fpv4-sp/hard/libc_nano.a(lib_a-memcpy-stub.o)
                              Middlewares/Third_Party/FreeRTOS/Source/queue.o (memcpy)
/Applications/STM32CubeIDE.app/Contents/Eclipse/plugins/com.st.stm32cube.ide.mcu.externaltools.gnu-tools-for-stm32.7-2018-q2-update.macos64_1.4.0.202007081208/tools/bin/../lib/gcc/arm-none-eabi/7.3.1/../../../../arm-none-eabi/lib/thumb/v7e-m/fpv4-sp/hard/libc_nano.a(lib_a-memset.o)
                              /Applications/STM32CubeIDE.app/Contents/Eclipse/plugins/com.st.stm32cube.ide.mcu.externaltools.gnu-tools-for-stm32.7-2018-q2-update.macos64_1.4.0.202007081208/tools/bin/../lib/gcc/arm-none-eabi/7.3.1/../../../../arm-none-eabi/lib/thumb/v7e-m/fpv4-sp/hard/crt0.o (memset)
/Applications/STM32CubeIDE.app/Contents/Eclipse/plugins/com.st.stm32cube.ide.mcu.externaltools.gnu-tools-for-stm32.7-2018-q2-update.macos64_1.4.0.202007081208/tools/bin/../lib/gcc/arm-none-eabi/7.3.1/../../../../arm-none-eabi/lib/thumb/v7e-m/fpv4-sp/hard/libc_nano.a(lib_a-sprintf.o)
                              Src/main.o (sprintf)
/Applications/STM32CubeIDE.app/Contents/Eclipse/plugins/com.st.stm32cube.ide.mcu.externaltools.gnu-tools-for-stm32.7-2018-q2-update.macos64_1.4.0.202007081208/tools/bin/../lib/gcc/arm-none-eabi/7.3.1/../../../../arm-none-eabi/lib/thumb/v7e-m/fpv4-sp/hard/libc_nano.a(lib_a-strcat.o)
                              Src/main.o (strcat)
/Applications/STM32CubeIDE.app/Contents/Eclipse/plugins/com.st.stm32cube.ide.mcu.externaltools.gnu-tools-for-stm32.7-2018-q2-update.macos64_1.4.0.202007081208/tools/bin/../lib/gcc/arm-none-eabi/7.3.1/../../../../arm-none-eabi/lib/thumb/v7e-m/fpv4-sp/hard/libc_nano.a(lib_a-strlen.o)
                              Src/main.o (strlen)
/Applications/STM32CubeIDE.app/Contents/Eclipse/plugins/com.st.stm32cube.ide.mcu.externaltools.gnu-tools-for-stm32.7-2018-q2-update.macos64_1.4.0.202007081208/tools/bin/../lib/gcc/arm-none-eabi/7.3.1/../../../../arm-none-eabi/lib/thumb/v7e-m/fpv4-sp/hard/libc_nano.a(lib_a-nano-svfprintf.o)
                              /Applications/STM32CubeIDE.app/Contents/Eclipse/plugins/com.st.stm32cube.ide.mcu.externaltools.gnu-tools-for-stm32.7-2018-q2-update.macos64_1.4.0.202007081208/tools/bin/../lib/gcc/arm-none-eabi/7.3.1/../../../../arm-none-eabi/lib/thumb/v7e-m/fpv4-sp/hard/libc_nano.a(lib_a-sprintf.o) (_svfprintf_r)
[...]
Memory Configuration

Name             Origin             Length             Attributes
RAM              0x0000000020000000 0x0000000000018000 xrw
RAM2             0x0000000010000000 0x0000000000008000 xrw
FLASH            0x0000000008000000 0x0000000000100000 xr
*default*        0x0000000000000000 0xffffffffffffffff

Linker script and memory map

LOAD /Applications/STM32CubeIDE.app/Contents/Eclipse/plugins/com.st.stm32cube.ide.mcu.externaltools.gnu-tools-for-stm32.7-2018-q2-update.macos64_1.4.0.202007081208/tools/bin/../lib/gcc/arm-none-eabi/7.3.1/thumb/v7e-m/fpv4-sp/hard/crti.o
LOAD /Applications/STM32CubeIDE.app/Contents/Eclipse/plugins/com.st.stm32cube.ide.mcu.externaltools.gnu-tools-for-stm32.7-2018-q2-update.macos64_1.4.0.202007081208/tools/bin/../lib/gcc/arm-none-eabi/7.3.1/thumb/v7e-m/fpv4-sp/hard/crtbegin.o
LOAD /Applications/STM32CubeIDE.app/Contents/Eclipse/plugins/com.st.stm32cube.ide.mcu.externaltools.gnu-tools-for-stm32.7-2018-q2-update.macos64_1.4.0.202007081208/tools/bin/../lib/gcc/arm-none-eabi/7.3.1/../../../../arm-none-eabi/lib/thumb/v7e-m/fpv4-sp/hard/crt0.o
LOAD Drivers/BSP/B-L475E-IOT01/stm32l475e_iot01.o
LOAD Drivers/BSP/B-L475E-IOT01/stm32l475e_iot01_accelero.o
LOAD Drivers/BSP/B-L475E-IOT01/stm32l475e_iot01_gyro.o
LOAD Drivers/BSP/B-L475E-IOT01/stm32l475e_iot01_hsensor.o
LOAD Drivers/BSP/B-L475E-IOT01/stm32l475e_iot01_magneto.o
LOAD Drivers/BSP/B-L475E-IOT01/stm32l475e_iot01_psensor.o
LOAD Drivers/BSP/B-L475E-IOT01/stm32l475e_iot01_tsensor.o
LOAD Drivers/BSP/Components/hts221/hts221.o
LOAD Drivers/BSP/Components/lis3mdl/lis3mdl.o
LOAD Drivers/BSP/Components/lps22hb/lps22hb.o
LOAD Drivers/BSP/Components/lsm6dsl/lsm6dsl.o
LOAD Drivers/STM32L4xx_HAL_Driver/Src/stm32l4xx_hal.o
LOAD Drivers/STM32L4xx_HAL_Driver/Src/stm32l4xx_hal_cortex.o
LOAD Drivers/STM32L4xx_HAL_Driver/Src/stm32l4xx_hal_dma.o
LOAD Drivers/STM32L4xx_HAL_Driver/Src/stm32l4xx_hal_dma_ex.o
LOAD Drivers/STM32L4xx_HAL_Driver/Src/stm32l4xx_hal_exti.o
LOAD Drivers/STM32L4xx_HAL_Driver/Src/stm32l4xx_hal_flash.o
LOAD Drivers/STM32L4xx_HAL_Driver/Src/stm32l4xx_hal_flash_ex.o
LOAD Drivers/STM32L4xx_HAL_Driver/Src/stm32l4xx_hal_flash_ramfunc.o
LOAD Drivers/STM32L4xx_HAL_Driver/Src/stm32l4xx_hal_gpio.o
LOAD Drivers/STM32L4xx_HAL_Driver/Src/stm32l4xx_hal_i2c.o
LOAD Drivers/STM32L4xx_HAL_Driver/Src/stm32l4xx_hal_i2c_ex.o
LOAD Drivers/STM32L4xx_HAL_Driver/Src/stm32l4xx_hal_pwr.o
LOAD Drivers/STM32L4xx_HAL_Driver/Src/stm32l4xx_hal_pwr_ex.o
LOAD Drivers/STM32L4xx_HAL_Driver/Src/stm32l4xx_hal_rcc.o
LOAD Drivers/STM32L4xx_HAL_Driver/Src/stm32l4xx_hal_rcc_ex.o
LOAD Drivers/STM32L4xx_HAL_Driver/Src/stm32l4xx_hal_tim.o
LOAD Drivers/STM32L4xx_HAL_Driver/Src/stm32l4xx_hal_tim_ex.o
LOAD Drivers/STM32L4xx_HAL_Driver/Src/stm32l4xx_hal_uart.o
LOAD Drivers/STM32L4xx_HAL_Driver/Src/stm32l4xx_hal_uart_ex.o
LOAD Middlewares/Third_Party/FreeRTOS/Source/CMSIS_RTOS/cmsis_os.o
LOAD Middlewares/Third_Party/FreeRTOS/Source/croutine.o
LOAD Middlewares/Third_Party/FreeRTOS/Source/event_groups.o
LOAD Middlewares/Third_Party/FreeRTOS/Source/list.o
LOAD Middlewares/Third_Party/FreeRTOS/Source/queue.o
LOAD Middlewares/Third_Party/FreeRTOS/Source/stream_buffer.o
LOAD Middlewares/Third_Party/FreeRTOS/Source/tasks.o
LOAD Middlewares/Third_Party/FreeRTOS/Source/timers.o
LOAD Middlewares/Third_Party/FreeRTOS/Source/portable/GCC/ARM_CM4F/port.o
LOAD Middlewares/Third_Party/FreeRTOS/Source/portable/MemMang/heap_4.o
LOAD Src/freertos.o
LOAD Src/main.o
LOAD Src/stm32l4xx_hal_msp.o
LOAD Src/stm32l4xx_hal_timebase_tim.o
LOAD Src/stm32l4xx_it.o
LOAD Src/syscalls.o
LOAD Src/sysmem.o
LOAD Src/system_stm32l4xx.o
LOAD Startup/startup_stm32l475vgtx.o
START GROUP
LOAD /Applications/STM32CubeIDE.app/Contents/Eclipse/plugins/com.st.stm32cube.ide.mcu.externaltools.gnu-tools-for-stm32.7-2018-q2-update.macos64_1.4.0.202007081208/tools/bin/../lib/gcc/arm-none-eabi/7.3.1/../../../../arm-none-eabi/lib/thumb/v7e-m/fpv4-sp/hard/libc_nano.a
LOAD /Applications/STM32CubeIDE.app/Contents/Eclipse/plugins/com.st.stm32cube.ide.mcu.externaltools.gnu-tools-for-stm32.7-2018-q2-update.macos64_1.4.0.202007081208/tools/bin/../lib/gcc/arm-none-eabi/7.3.1/../../../../arm-none-eabi/lib/thumb/v7e-m/fpv4-sp/hard/libm.a
END GROUP
START GROUP
LOAD /Applications/STM32CubeIDE.app/Contents/Eclipse/plugins/com.st.stm32cube.ide.mcu.externaltools.gnu-tools-for-stm32.7-2018-q2-update.macos64_1.4.0.202007081208/tools/bin/../lib/gcc/arm-none-eabi/7.3.1/thumb/v7e-m/fpv4-sp/hard/libgcc.a
LOAD /Applications/STM32CubeIDE.app/Contents/Eclipse/plugins/com.st.stm32cube.ide.mcu.externaltools.gnu-tools-for-stm32.7-2018-q2-update.macos64_1.4.0.202007081208/tools/bin/../lib/gcc/arm-none-eabi/7.3.1/../../../../arm-none-eabi/lib/thumb/v7e-m/fpv4-sp/hard/libc_nano.a
END GROUP
START GROUP
LOAD /Applications/STM32CubeIDE.app/Contents/Eclipse/plugins/com.st.stm32cube.ide.mcu.externaltools.gnu-tools-for-stm32.7-2018-q2-update.macos64_1.4.0.202007081208/tools/bin/../lib/gcc/arm-none-eabi/7.3.1/thumb/v7e-m/fpv4-sp/hard/libgcc.a
LOAD /Applications/STM32CubeIDE.app/Contents/Eclipse/plugins/com.st.stm32cube.ide.mcu.externaltools.gnu-tools-for-stm32.7-2018-q2-update.macos64_1.4.0.202007081208/tools/bin/../lib/gcc/arm-none-eabi/7.3.1/../../../../arm-none-eabi/lib/thumb/v7e-m/fpv4-sp/hard/libc_nano.a
LOAD /Applications/STM32CubeIDE.app/Contents/Eclipse/plugins/com.st.stm32cube.ide.mcu.externaltools.gnu-tools-for-stm32.7-2018-q2-update.macos64_1.4.0.202007081208/tools/bin/../lib/gcc/arm-none-eabi/7.3.1/../../../../arm-none-eabi/lib/thumb/v7e-m/fpv4-sp/hard/libnosys.a
END GROUP
START GROUP
LOAD /Applications/STM32CubeIDE.app/Contents/Eclipse/plugins/com.st.stm32cube.ide.mcu.externaltools.gnu-tools-for-stm32.7-2018-q2-update.macos64_1.4.0.202007081208/tools/bin/../lib/gcc/arm-none-eabi/7.3.1/thumb/v7e-m/fpv4-sp/hard/libgcc.a
LOAD /Applications/STM32CubeIDE.app/Contents/Eclipse/plugins/com.st.stm32cube.ide.mcu.externaltools.gnu-tools-for-stm32.7-2018-q2-update.macos64_1.4.0.202007081208/tools/bin/../lib/gcc/arm-none-eabi/7.3.1/../../../../arm-none-eabi/lib/thumb/v7e-m/fpv4-sp/hard/libc_nano.a
LOAD /Applications/STM32CubeIDE.app/Contents/Eclipse/plugins/com.st.stm32cube.ide.mcu.externaltools.gnu-tools-for-stm32.7-2018-q2-update.macos64_1.4.0.202007081208/tools/bin/../lib/gcc/arm-none-eabi/7.3.1/../../../../arm-none-eabi/lib/thumb/v7e-m/fpv4-sp/hard/libnosys.a
END GROUP
LOAD /Applications/STM32CubeIDE.app/Contents/Eclipse/plugins/com.st.stm32cube.ide.mcu.externaltools.gnu-tools-for-stm32.7-2018-q2-update.macos64_1.4.0.202007081208/tools/bin/../lib/gcc/arm-none-eabi/7.3.1/thumb/v7e-m/fpv4-sp/hard/crtend.o
LOAD /Applications/STM32CubeIDE.app/Contents/Eclipse/plugins/com.st.stm32cube.ide.mcu.externaltools.gnu-tools-for-stm32.7-2018-q2-update.macos64_1.4.0.202007081208/tools/bin/../lib/gcc/arm-none-eabi/7.3.1/thumb/v7e-m/fpv4-sp/hard/crtn.o
                0x0000000020018000                _estack = (ORIGIN (RAM) + LENGTH (RAM))
                0x0000000000000200                _Min_Heap_Size = 0x200
                0x0000000000000400                _Min_Stack_Size = 0x400

.isr_vector     0x0000000008000000      0x188
                0x0000000008000000                . = ALIGN (0x4)
 *(.isr_vector)
 .isr_vector    0x0000000008000000      0x188 Startup/startup_stm32l475vgtx.o
                0x0000000008000000                g_pfnVectors
                0x0000000008000188                . = ALIGN (0x4)

.text           0x0000000008000190     0x74d4
                0x0000000008000190                . = ALIGN (0x4)
 *(.text)
 .text          0x0000000008000190       0x40 /Applications/STM32CubeIDE.app/Contents/Eclipse/plugins/com.st.stm32cube.ide.mcu.externaltools.gnu-tools-for-stm32.7-2018-q2-update.macos64_1.4.0.202007081208/tools/bin/../lib/gcc/arm-none-eabi/7.3.1/thumb/v7e-m/fpv4-sp/hard/crtbegin.o
 .text          0x00000000080001d0       0x10 /Applications/STM32CubeIDE.app/Contents/Eclipse/plugins/com.st.stm32cube.ide.mcu.externaltools.gnu-tools-for-stm32.7-2018-q2-update.macos64_1.4.0.202007081208/tools/bin/../lib/gcc/arm-none-eabi/7.3.1/../../../../arm-none-eabi/lib/thumb/v7e-m/fpv4-sp/hard/libc_nano.a(lib_a-strlen.o)
                0x00000000080001d0                strlen
 .text          0x00000000080001e0       0xa0 /Applications/STM32CubeIDE.app/Contents/Eclipse/plugins/com.st.stm32cube.ide.mcu.externaltools.gnu-tools-for-stm32.7-2018-q2-update.macos64_1.4.0.202007081208/tools/bin/../lib/gcc/arm-none-eabi/7.3.1/../../../../arm-none-eabi/lib/thumb/v7e-m/fpv4-sp/hard/libc_nano.a(lib_a-memchr.o)
                0x00000000080001e0                memchr
 .text          0x0000000008000280       0x30 /Applications/STM32CubeIDE.app/Contents/Eclipse/plugins/com.st.stm32cube.ide.mcu.externaltools.gnu-tools-for-stm32.7-2018-q2-update.macos64_1.4.0.202007081208/tools/bin/../lib/gcc/arm-none-eabi/7.3.1/thumb/v7e-m/fpv4-sp/hard/libgcc.a(_aeabi_uldivmod.o)
                0x0000000008000280                __aeabi_uldivmod
 .text          0x00000000080002b0      0x2cc /Applications/STM32CubeIDE.app/Contents/Eclipse/plugins/com.st.stm32cube.ide.mcu.externaltools.gnu-tools-for-stm32.7-2018-q2-update.macos64_1.4.0.202007081208/tools/bin/../lib/gcc/arm-none-eabi/7.3.1/thumb/v7e-m/fpv4-sp/hard/libgcc.a(_udivmoddi4.o)
                0x00000000080002b0                __udivmoddi4
 .text          0x000000000800057c        0x4 /Applications/STM32CubeIDE.app/Contents/Eclipse/plugins/com.st.stm32cube.ide.mcu.externaltools.gnu-tools-for-stm32.7-2018-q2-update.macos64_1.4.0.202007081208/tools/bin/../lib/gcc/arm-none-eabi/7.3.1/thumb/v7e-m/fpv4-sp/hard/libgcc.a(_dvmd_tls.o)
                0x000000000800057c                __aeabi_ldiv0
                0x000000000800057c                __aeabi_idiv0
 *(.text*)
 .text.I2Cx_MspInit
                0x0000000008000580       0xb0 Drivers/BSP/B-L475E-IOT01/stm32l475e_iot01.o
 .text.I2Cx_Init
                0x0000000008000630       0x5c Drivers/BSP/B-L475E-IOT01/stm32l475e_iot01.o
 .text.I2Cx_ReadMultiple
                0x000000000800068c       0x5a Drivers/BSP/B-L475E-IOT01/stm32l475e_iot01.o
 .text.I2Cx_WriteMultiple
                0x00000000080006e6       0x5a Drivers/BSP/B-L475E-IOT01/stm32l475e_iot01.o
 .text.I2Cx_Error
                0x0000000008000740       0x20 Drivers/BSP/B-L475E-IOT01/stm32l475e_iot01.o
 .text.SENSOR_IO_Init
                0x0000000008000760       0x14 Drivers/BSP/B-L475E-IOT01/stm32l475e_iot01.o
                0x0000000008000760                SENSOR_IO_Init
 .text.SENSOR_IO_Write
                0x0000000008000774       0x34 Drivers/BSP/B-L475E-IOT01/stm32l475e_iot01.o
                0x0000000008000774                SENSOR_IO_Write
 .text.SENSOR_IO_Read
                0x00000000080007a8       0x3c Drivers/BSP/B-L475E-IOT01/stm32l475e_iot01.o
                0x00000000080007a8                SENSOR_IO_Read
 .text.SENSOR_IO_ReadMultiple
                0x00000000080007e4       0x3c Drivers/BSP/B-L475E-IOT01/stm32l475e_iot01.o
                0x00000000080007e4                SENSOR_IO_ReadMultiple
 .text.BSP_ACCELERO_Init
                0x0000000008000820       0x7c Drivers/BSP/B-L475E-IOT01/stm32l475e_iot01_accelero.o
                0x0000000008000820                BSP_ACCELERO_Init
 .text.BSP_ACCELERO_LowPower
                0x000000000800089c       0x34 Drivers/BSP/B-L475E-IOT01/stm32l475e_iot01_accelero.o
                0x000000000800089c                BSP_ACCELERO_LowPower
 .text.BSP_GYRO_Init
                0x00000000080008d0       0x84 Drivers/BSP/B-L475E-IOT01/stm32l475e_iot01_gyro.o
                0x00000000080008d0                BSP_GYRO_Init
 .text.BSP_GYRO_LowPower
                0x0000000008000954       0x34 Drivers/BSP/B-L475E-IOT01/stm32l475e_iot01_gyro.o
                0x0000000008000954                BSP_GYRO_LowPower
 .text.BSP_GYRO_GetXYZ
                0x0000000008000988       0x30 Drivers/BSP/B-L475E-IOT01/stm32l475e_iot01_gyro.o
                0x0000000008000988                BSP_GYRO_GetXYZ
 .text.BSP_HSENSOR_Init
                0x00000000080009b8       0x40 Drivers/BSP/B-L475E-IOT01/stm32l475e_iot01_hsensor.o
                0x00000000080009b8                BSP_HSENSOR_Init
 .text.BSP_HSENSOR_ReadHumidity
                0x00000000080009f8       0x1c Drivers/BSP/B-L475E-IOT01/stm32l475e_iot01_hsensor.o
                0x00000000080009f8                BSP_HSENSOR_ReadHumidity
 .text.BSP_MAGNETO_Init
                0x0000000008000a14       0x58 Drivers/BSP/B-L475E-IOT01/stm32l475e_iot01_magneto.o
                0x0000000008000a14                BSP_MAGNETO_Init
 .text.BSP_MAGNETO_LowPower
                0x0000000008000a6c       0x34 Drivers/BSP/B-L475E-IOT01/stm32l475e_iot01_magneto.o
                0x0000000008000a6c                BSP_MAGNETO_LowPower
 .text.BSP_MAGNETO_GetXYZ
                0x0000000008000aa0       0x30 Drivers/BSP/B-L475E-IOT01/stm32l475e_iot01_magneto.o
                0x0000000008000aa0                BSP_MAGNETO_GetXYZ
 .text.BSP_PSENSOR_Init
                0x0000000008000ad0       0x40 Drivers/BSP/B-L475E-IOT01/stm32l475e_iot01_psensor.o
                0x0000000008000ad0                BSP_PSENSOR_Init
 .text.BSP_PSENSOR_ReadPressure
                0x0000000008000b10       0x1c Drivers/BSP/B-L475E-IOT01/stm32l475e_iot01_psensor.o
                0x0000000008000b10                BSP_PSENSOR_ReadPressure
 .text.BSP_TSENSOR_Init
                0x0000000008000b2c       0x38 Drivers/BSP/B-L475E-IOT01/stm32l475e_iot01_tsensor.o
                0x0000000008000b2c                BSP_TSENSOR_Init
 .text.HTS221_H_Init
                0x0000000008000b64       0x58 Drivers/BSP/Components/hts221/hts221.o
                0x0000000008000b64                HTS221_H_Init
 .text.HTS221_H_ReadID
                0x0000000008000bbc       0x2c Drivers/BSP/Components/hts221/hts221.o
                0x0000000008000bbc                HTS221_H_ReadID
 .text.HTS221_H_ReadHumidity
                0x0000000008000be8      0x138 Drivers/BSP/Components/hts221/hts221.o
                0x0000000008000be8                HTS221_H_ReadHumidity
 .text.HTS221_T_Init
                0x0000000008000d20       0x5a Drivers/BSP/Components/hts221/hts221.o
                0x0000000008000d20                HTS221_T_Init
 .text.HTS221_T_ReadTemp
                0x0000000008000d7a      0x10e Drivers/BSP/Components/hts221/hts221.o
                0x0000000008000d7a                HTS221_T_ReadTemp
 .text.LIS3MDL_MagInit
                0x0000000008000e88       0x50 Drivers/BSP/Components/lis3mdl/lis3mdl.o
                0x0000000008000e88                LIS3MDL_MagInit
 .text.LIS3MDL_MagDeInit
                0x0000000008000ed8       0x3a Drivers/BSP/Components/lis3mdl/lis3mdl.o
                0x0000000008000ed8                LIS3MDL_MagDeInit
 .text.LIS3MDL_MagReadID
                0x0000000008000f12       0x16 Drivers/BSP/Components/lis3mdl/lis3mdl.o
                0x0000000008000f12                LIS3MDL_MagReadID
 .text.LIS3MDL_MagLowPower
                0x0000000008000f28       0x44 Drivers/BSP/Components/lis3mdl/lis3mdl.o
                0x0000000008000f28                LIS3MDL_MagLowPower
 .text.LIS3MDL_MagReadXYZ
                0x0000000008000f6c      0x110 Drivers/BSP/Components/lis3mdl/lis3mdl.o
                0x0000000008000f6c                LIS3MDL_MagReadXYZ
 .text.LPS22HB_P_Init
                0x000000000800107c       0x1a Drivers/BSP/Components/lps22hb/lps22hb.o
                0x000000000800107c                LPS22HB_P_Init
 .text.LPS22HB_P_ReadID
                0x0000000008001096       0x2c Drivers/BSP/Components/lps22hb/lps22hb.o
                0x0000000008001096                LPS22HB_P_ReadID
 *fill*         0x00000000080010c2        0x2 
 .text.LPS22HB_P_ReadPressure
                0x00000000080010c4       0xc0 Drivers/BSP/Components/lps22hb/lps22hb.o
                0x00000000080010c4                LPS22HB_P_ReadPressure
 .text.LPS22HB_Init
                0x0000000008001184       0x7e Drivers/BSP/Components/lps22hb/lps22hb.o
 .text.LSM6DSL_AccInit
                0x0000000008001202       0x72 Drivers/BSP/Components/lsm6dsl/lsm6dsl.o
                0x0000000008001202                LSM6DSL_AccInit
 .text.LSM6DSL_AccDeInit
                0x0000000008001274       0x32 Drivers/BSP/Components/lsm6dsl/lsm6dsl.o
                0x0000000008001274                LSM6DSL_AccDeInit
 .text.LSM6DSL_AccReadID
                0x00000000080012a6       0x16 Drivers/BSP/Components/lsm6dsl/lsm6dsl.o
                0x00000000080012a6                LSM6DSL_AccReadID
 .text.LSM6DSL_AccLowPower
                0x00000000080012bc       0x44 Drivers/BSP/Components/lsm6dsl/lsm6dsl.o
                0x00000000080012bc                LSM6DSL_AccLowPower
 .text.LSM6DSL_AccReadXYZ
                0x0000000008001300      0x134 Drivers/BSP/Components/lsm6dsl/lsm6dsl.o
                0x0000000008001300                LSM6DSL_AccReadXYZ
 .text.LSM6DSL_GyroInit
                0x0000000008001434       0x72 Drivers/BSP/Components/lsm6dsl/lsm6dsl.o
                0x0000000008001434                LSM6DSL_GyroInit
 .text.LSM6DSL_GyroDeInit
                0x00000000080014a6       0x32 Drivers/BSP/Components/lsm6dsl/lsm6dsl.o
                0x00000000080014a6                LSM6DSL_GyroDeInit
 .text.LSM6DSL_GyroReadID
                0x00000000080014d8       0x16 Drivers/BSP/Components/lsm6dsl/lsm6dsl.o
                0x00000000080014d8                LSM6DSL_GyroReadID
 .text.LSM6DSL_GyroLowPower
                0x00000000080014ee       0x44 Drivers/BSP/Components/lsm6dsl/lsm6dsl.o
                0x00000000080014ee                LSM6DSL_GyroLowPower
 *fill*         0x0000000008001532        0x2 
 .text.LSM6DSL_GyroReadXYZAngRate
                0x0000000008001534      0x12c Drivers/BSP/Components/lsm6dsl/lsm6dsl.o
                0x0000000008001534                LSM6DSL_GyroReadXYZAngRate
 .text.HAL_Init
                0x0000000008001660       0x30 Drivers/STM32L4xx_HAL_Driver/Src/stm32l4xx_hal.o
                0x0000000008001660                HAL_Init
 .text.HAL_IncTick
                0x0000000008001690       0x28 Drivers/STM32L4xx_HAL_Driver/Src/stm32l4xx_hal.o
                0x0000000008001690                HAL_IncTick
 .text.HAL_GetTick
                0x00000000080016b8       0x18 Drivers/STM32L4xx_HAL_Driver/Src/stm32l4xx_hal.o
                0x00000000080016b8                HAL_GetTick
 .text.__NVIC_SetPriorityGrouping
                0x00000000080016d0       0x48 Drivers/STM32L4xx_HAL_Driver/Src/stm32l4xx_hal_cortex.o
 .text.__NVIC_GetPriorityGrouping
                0x0000000008001718       0x1c Drivers/STM32L4xx_HAL_Driver/Src/stm32l4xx_hal_cortex.o
 .text.__NVIC_EnableIRQ
                0x0000000008001734       0x3c Drivers/STM32L4xx_HAL_Driver/Src/stm32l4xx_hal_cortex.o
 .text.__NVIC_SetPriority
                0x0000000008001770       0x54 Drivers/STM32L4xx_HAL_Driver/Src/stm32l4xx_hal_cortex.o
 .text.NVIC_EncodePriority
                0x00000000080017c4       0x66 Drivers/STM32L4xx_HAL_Driver/Src/stm32l4xx_hal_cortex.o
 .text.HAL_NVIC_SetPriorityGrouping
                0x000000000800182a       0x16 Drivers/STM32L4xx_HAL_Driver/Src/stm32l4xx_hal_cortex.o
                0x000000000800182a                HAL_NVIC_SetPriorityGrouping
 .text.HAL_NVIC_SetPriority
                0x0000000008001840       0x38 Drivers/STM32L4xx_HAL_Driver/Src/stm32l4xx_hal_cortex.o
                0x0000000008001840                HAL_NVIC_SetPriority
 .text.HAL_NVIC_EnableIRQ
                0x0000000008001878       0x1c Drivers/STM32L4xx_HAL_Driver/Src/stm32l4xx_hal_cortex.o
                0x0000000008001878                HAL_NVIC_EnableIRQ
 .text.HAL_GPIO_Init
                0x0000000008001894      0x350 Drivers/STM32L4xx_HAL_Driver/Src/stm32l4xx_hal_gpio.o
                0x0000000008001894                HAL_GPIO_Init
 .text.HAL_GPIO_DeInit
                0x0000000008001be4      0x1e8 Drivers/STM32L4xx_HAL_Driver/Src/stm32l4xx_hal_gpio.o
                0x0000000008001be4                HAL_GPIO_DeInit
 .text.HAL_GPIO_ReadPin
                0x0000000008001dcc       0x30 Drivers/STM32L4xx_HAL_Driver/Src/stm32l4xx_hal_gpio.o
                0x0000000008001dcc                HAL_GPIO_ReadPin
 .text.HAL_GPIO_WritePin
                0x0000000008001dfc       0x30 Drivers/STM32L4xx_HAL_Driver/Src/stm32l4xx_hal_gpio.o
                0x0000000008001dfc                HAL_GPIO_WritePin
 .text.HAL_GPIO_EXTI_IRQHandler
                0x0000000008001e2c       0x30 Drivers/STM32L4xx_HAL_Driver/Src/stm32l4xx_hal_gpio.o
                0x0000000008001e2c                HAL_GPIO_EXTI_IRQHandler
 .text.HAL_GPIO_EXTI_Callback
                0x0000000008001e5c       0x16 Drivers/STM32L4xx_HAL_Driver/Src/stm32l4xx_hal_gpio.o
                0x0000000008001e5c                HAL_GPIO_EXTI_Callback
 .text.HAL_I2C_Init
                0x0000000008001e72      0x11e Drivers/STM32L4xx_HAL_Driver/Src/stm32l4xx_hal_i2c.o
                0x0000000008001e72                HAL_I2C_Init
 .text.HAL_I2C_DeInit
                0x0000000008001f90       0x5e Drivers/STM32L4xx_HAL_Driver/Src/stm32l4xx_hal_i2c.o
                0x0000000008001f90                HAL_I2C_DeInit
 *fill*         0x0000000008001fee        0x2 
 .text.HAL_I2C_Mem_Write
                0x0000000008001ff0      0x228 Drivers/STM32L4xx_HAL_Driver/Src/stm32l4xx_hal_i2c.o
                0x0000000008001ff0                HAL_I2C_Mem_Write
 .text.HAL_I2C_Mem_Read
                0x0000000008002218      0x234 Drivers/STM32L4xx_HAL_Driver/Src/stm32l4xx_hal_i2c.o
                0x0000000008002218                HAL_I2C_Mem_Read
 .text.I2C_RequestMemoryWrite
                0x000000000800244c       0xa8 Drivers/STM32L4xx_HAL_Driver/Src/stm32l4xx_hal_i2c.o
 .text.I2C_RequestMemoryRead
                0x00000000080024f4       0xa8 Drivers/STM32L4xx_HAL_Driver/Src/stm32l4xx_hal_i2c.o
 .text.I2C_Flush_TXDR
                0x000000000800259c       0x48 Drivers/STM32L4xx_HAL_Driver/Src/stm32l4xx_hal_i2c.o
 .text.I2C_WaitOnFlagUntilTimeout
                0x00000000080025e4       0x80 Drivers/STM32L4xx_HAL_Driver/Src/stm32l4xx_hal_i2c.o
 .text.I2C_WaitOnTXISFlagUntilTimeout
                0x0000000008002664       0x80 Drivers/STM32L4xx_HAL_Driver/Src/stm32l4xx_hal_i2c.o
 .text.I2C_WaitOnSTOPFlagUntilTimeout
                0x00000000080026e4       0x78 Drivers/STM32L4xx_HAL_Driver/Src/stm32l4xx_hal_i2c.o
 .text.I2C_IsAcknowledgeFailed
                0x000000000800275c       0xcc Drivers/STM32L4xx_HAL_Driver/Src/stm32l4xx_hal_i2c.o
 .text.I2C_TransferConfig
                0x0000000008002828       0x5c Drivers/STM32L4xx_HAL_Driver/Src/stm32l4xx_hal_i2c.o
 .text.HAL_I2CEx_ConfigAnalogFilter
                0x0000000008002884       0x96 Drivers/STM32L4xx_HAL_Driver/Src/stm32l4xx_hal_i2c_ex.o
                0x0000000008002884                HAL_I2CEx_ConfigAnalogFilter
 .text.HAL_I2CEx_ConfigDigitalFilter
                0x000000000800291a       0x98 Drivers/STM32L4xx_HAL_Driver/Src/stm32l4xx_hal_i2c_ex.o
                0x000000000800291a                HAL_I2CEx_ConfigDigitalFilter
 *fill*         0x00000000080029b2        0x2 
 .text.HAL_PWREx_GetVoltageRange
                0x00000000080029b4       0x1c Drivers/STM32L4xx_HAL_Driver/Src/stm32l4xx_hal_pwr_ex.o
                0x00000000080029b4                HAL_PWREx_GetVoltageRange
 .text.HAL_PWREx_ControlVoltageScaling
                0x00000000080029d0       0xac Drivers/STM32L4xx_HAL_Driver/Src/stm32l4xx_hal_pwr_ex.o
                0x00000000080029d0                HAL_PWREx_ControlVoltageScaling
 .text.HAL_RCC_OscConfig
                0x0000000008002a7c      0x7cc Drivers/STM32L4xx_HAL_Driver/Src/stm32l4xx_hal_rcc.o
                0x0000000008002a7c                HAL_RCC_OscConfig
 .text.HAL_RCC_ClockConfig
                0x0000000008003248      0x1c4 Drivers/STM32L4xx_HAL_Driver/Src/stm32l4xx_hal_rcc.o
                0x0000000008003248                HAL_RCC_ClockConfig
 .text.HAL_RCC_GetSysClockFreq
                0x000000000800340c      0x114 Drivers/STM32L4xx_HAL_Driver/Src/stm32l4xx_hal_rcc.o
                0x000000000800340c                HAL_RCC_GetSysClockFreq
 .text.HAL_RCC_GetHCLKFreq
                0x0000000008003520       0x18 Drivers/STM32L4xx_HAL_Driver/Src/stm32l4xx_hal_rcc.o
                0x0000000008003520                HAL_RCC_GetHCLKFreq
 .text.HAL_RCC_GetPCLK1Freq
                0x0000000008003538       0x2c Drivers/STM32L4xx_HAL_Driver/Src/stm32l4xx_hal_rcc.o
                0x0000000008003538                HAL_RCC_GetPCLK1Freq
 .text.HAL_RCC_GetPCLK2Freq
                0x0000000008003564       0x2c Drivers/STM32L4xx_HAL_Driver/Src/stm32l4xx_hal_rcc.o
                0x0000000008003564                HAL_RCC_GetPCLK2Freq
 .text.HAL_RCC_GetClockConfig
                0x0000000008003590       0x64 Drivers/STM32L4xx_HAL_Driver/Src/stm32l4xx_hal_rcc.o
                0x0000000008003590                HAL_RCC_GetClockConfig
 .text.RCC_SetFlashLatencyFromMSIRange
                0x00000000080035f4       0xc0 Drivers/STM32L4xx_HAL_Driver/Src/stm32l4xx_hal_rcc.o
 .text.HAL_RCCEx_PeriphCLKConfig
                0x00000000080036b4      0x5cc Drivers/STM32L4xx_HAL_Driver/Src/stm32l4xx_hal_rcc_ex.o
                0x00000000080036b4                HAL_RCCEx_PeriphCLKConfig
 .text.RCCEx_PLLSAI1_Config
                0x0000000008003c80      0x1e0 Drivers/STM32L4xx_HAL_Driver/Src/stm32l4xx_hal_rcc_ex.o
 .text.RCCEx_PLLSAI2_Config
                0x0000000008003e60      0x1b4 Drivers/STM32L4xx_HAL_Driver/Src/stm32l4xx_hal_rcc_ex.o
 .text.HAL_TIM_Base_Init
                0x0000000008004014       0xae Drivers/STM32L4xx_HAL_Driver/Src/stm32l4xx_hal_tim.o
                0x0000000008004014                HAL_TIM_Base_Init
 .text.HAL_TIM_Base_MspInit
                0x00000000080040c2       0x14 Drivers/STM32L4xx_HAL_Driver/Src/stm32l4xx_hal_tim.o
                0x00000000080040c2                HAL_TIM_Base_MspInit
 *fill*         0x00000000080040d6        0x2 
 .text.HAL_TIM_Base_Start_IT
                0x00000000080040d8       0xe0 Drivers/STM32L4xx_HAL_Driver/Src/stm32l4xx_hal_tim.o
                0x00000000080040d8                HAL_TIM_Base_Start_IT
 .text.HAL_TIM_IRQHandler
                0x00000000080041b8      0x23e Drivers/STM32L4xx_HAL_Driver/Src/stm32l4xx_hal_tim.o
                0x00000000080041b8                HAL_TIM_IRQHandler
 .text.HAL_TIM_OC_DelayElapsedCallback
                0x00000000080043f6       0x14 Drivers/STM32L4xx_HAL_Driver/Src/stm32l4xx_hal_tim.o
                0x00000000080043f6                HAL_TIM_OC_DelayElapsedCallback
 .text.HAL_TIM_IC_CaptureCallback
                0x000000000800440a       0x14 Drivers/STM32L4xx_HAL_Driver/Src/stm32l4xx_hal_tim.o
                0x000000000800440a                HAL_TIM_IC_CaptureCallback
 .text.HAL_TIM_PWM_PulseFinishedCallback
                0x000000000800441e       0x14 Drivers/STM32L4xx_HAL_Driver/Src/stm32l4xx_hal_tim.o
                0x000000000800441e                HAL_TIM_PWM_PulseFinishedCallback
 .text.HAL_TIM_TriggerCallback
                0x0000000008004432       0x14 Drivers/STM32L4xx_HAL_Driver/Src/stm32l4xx_hal_tim.o
                0x0000000008004432                HAL_TIM_TriggerCallback
 *fill*         0x0000000008004446        0x2 
 .text.TIM_Base_SetConfig
                0x0000000008004448      0x134 Drivers/STM32L4xx_HAL_Driver/Src/stm32l4xx_hal_tim.o
                0x0000000008004448                TIM_Base_SetConfig
 .text.HAL_TIMEx_CommutCallback
                0x000000000800457c       0x14 Drivers/STM32L4xx_HAL_Driver/Src/stm32l4xx_hal_tim_ex.o
                0x000000000800457c                HAL_TIMEx_CommutCallback
 .text.HAL_TIMEx_BreakCallback
                0x0000000008004590       0x14 Drivers/STM32L4xx_HAL_Driver/Src/stm32l4xx_hal_tim_ex.o
                0x0000000008004590                HAL_TIMEx_BreakCallback
 .text.HAL_TIMEx_Break2Callback
                0x00000000080045a4       0x14 Drivers/STM32L4xx_HAL_Driver/Src/stm32l4xx_hal_tim_ex.o
                0x00000000080045a4                HAL_TIMEx_Break2Callback
 .text.HAL_UART_Init
                0x00000000080045b8       0x9c Drivers/STM32L4xx_HAL_Driver/Src/stm32l4xx_hal_uart.o
                0x00000000080045b8                HAL_UART_Init
 .text.HAL_UART_Transmit
                0x0000000008004654      0x126 Drivers/STM32L4xx_HAL_Driver/Src/stm32l4xx_hal_uart.o
                0x0000000008004654                HAL_UART_Transmit
 *fill*         0x000000000800477a        0x2 
 .text.UART_SetConfig
                0x000000000800477c      0x514 Drivers/STM32L4xx_HAL_Driver/Src/stm32l4xx_hal_uart.o
                0x000000000800477c                UART_SetConfig
 .text.UART_AdvFeatureConfig
                0x0000000008004c90      0x144 Drivers/STM32L4xx_HAL_Driver/Src/stm32l4xx_hal_uart.o
                0x0000000008004c90                UART_AdvFeatureConfig
 .text.UART_CheckIdleState
                0x0000000008004dd4       0x8a Drivers/STM32L4xx_HAL_Driver/Src/stm32l4xx_hal_uart.o
                0x0000000008004dd4                UART_CheckIdleState
 .text.UART_WaitOnFlagUntilTimeout
                0x0000000008004e5e       0xf6 Drivers/STM32L4xx_HAL_Driver/Src/stm32l4xx_hal_uart.o
                0x0000000008004e5e                UART_WaitOnFlagUntilTimeout
 .text.makeFreeRtosPriority
                0x0000000008004f54       0x30 Middlewares/Third_Party/FreeRTOS/Source/CMSIS_RTOS/cmsis_os.o
 .text.osKernelStart
                0x0000000008004f84        0xe Middlewares/Third_Party/FreeRTOS/Source/CMSIS_RTOS/cmsis_os.o
                0x0000000008004f84                osKernelStart
 .text.osThreadCreate
                0x0000000008004f92       0x98 Middlewares/Third_Party/FreeRTOS/Source/CMSIS_RTOS/cmsis_os.o
                0x0000000008004f92                osThreadCreate
 .text.osDelay  0x000000000800502a       0x28 Middlewares/Third_Party/FreeRTOS/Source/CMSIS_RTOS/cmsis_os.o
                0x000000000800502a                osDelay
 .text.vListInitialise
                0x0000000008005052       0x40 Middlewares/Third_Party/FreeRTOS/Source/list.o
                0x0000000008005052                vListInitialise
 .text.vListInitialiseItem
                0x0000000008005092       0x1a Middlewares/Third_Party/FreeRTOS/Source/list.o
                0x0000000008005092                vListInitialiseItem
 .text.vListInsertEnd
                0x00000000080050ac       0x48 Middlewares/Third_Party/FreeRTOS/Source/list.o
                0x00000000080050ac                vListInsertEnd
 .text.vListInsert
                0x00000000080050f4       0x72 Middlewares/Third_Party/FreeRTOS/Source/list.o
                0x00000000080050f4                vListInsert
 .text.uxListRemove
                0x0000000008005166       0x54 Middlewares/Third_Party/FreeRTOS/Source/list.o
                0x0000000008005166                uxListRemove
 .text.xTaskCreateStatic
                0x00000000080051ba       0xb4 Middlewares/Third_Party/FreeRTOS/Source/tasks.o
                0x00000000080051ba                xTaskCreateStatic
 .text.xTaskCreate
                0x000000000800526e       0x8a Middlewares/Third_Party/FreeRTOS/Source/tasks.o
                0x000000000800526e                xTaskCreate
 .text.prvInitialiseNewTask
                0x00000000080052f8      0x10c Middlewares/Third_Party/FreeRTOS/Source/tasks.o
 .text.prvAddNewTaskToReadyList
                0x0000000008005404       0xd4 Middlewares/Third_Party/FreeRTOS/Source/tasks.o
 .text.vTaskDelay
                0x00000000080054d8       0x68 Middlewares/Third_Party/FreeRTOS/Source/tasks.o
                0x00000000080054d8                vTaskDelay
 .text.vTaskStartScheduler
                0x0000000008005540       0xbc Middlewares/Third_Party/FreeRTOS/Source/tasks.o
                0x0000000008005540                vTaskStartScheduler
 .text.vTaskSuspendAll
                0x00000000080055fc       0x1c Middlewares/Third_Party/FreeRTOS/Source/tasks.o
                0x00000000080055fc                vTaskSuspendAll
 .text.xTaskResumeAll
                0x0000000008005618      0x138 Middlewares/Third_Party/FreeRTOS/Source/tasks.o
                0x0000000008005618                xTaskResumeAll
 .text.xTaskIncrementTick
                0x0000000008005750      0x170 Middlewares/Third_Party/FreeRTOS/Source/tasks.o
                0x0000000008005750                xTaskIncrementTick
 .text.vTaskSwitchContext
                0x00000000080058c0       0xb4 Middlewares/Third_Party/FreeRTOS/Source/tasks.o
                0x00000000080058c0                vTaskSwitchContext
 .text.prvIdleTask
                0x0000000008005974       0x30 Middlewares/Third_Party/FreeRTOS/Source/tasks.o
 .text.prvInitialiseTaskLists
                0x00000000080059a4       0x80 Middlewares/Third_Party/FreeRTOS/Source/tasks.o
 .text.prvCheckTasksWaitingTermination
                0x0000000008005a24       0x58 Middlewares/Third_Party/FreeRTOS/Source/tasks.o
 .text.prvDeleteTCB
                0x0000000008005a7c       0x5c Middlewares/Third_Party/FreeRTOS/Source/tasks.o
 .text.prvResetNextTaskUnblockTime
                0x0000000008005ad8       0x40 Middlewares/Third_Party/FreeRTOS/Source/tasks.o
 .text.prvAddCurrentTaskToDelayedList
                0x0000000008005b18       0xcc Middlewares/Third_Party/FreeRTOS/Source/tasks.o
 .text.pxPortInitialiseStack
                0x0000000008005be4       0x68 Middlewares/Third_Party/FreeRTOS/Source/portable/GCC/ARM_CM4F/port.o
                0x0000000008005be4                pxPortInitialiseStack
 .text.prvTaskExitError
                0x0000000008005c4c       0x54 Middlewares/Third_Party/FreeRTOS/Source/portable/GCC/ARM_CM4F/port.o
 .text.SVC_Handler
                0x0000000008005ca0       0x28 Middlewares/Third_Party/FreeRTOS/Source/portable/GCC/ARM_CM4F/port.o
                0x0000000008005ca0                SVC_Handler
 .text.prvPortStartFirstTask
                0x0000000008005cc8       0x28 Middlewares/Third_Party/FreeRTOS/Source/portable/GCC/ARM_CM4F/port.o
 .text.xPortStartScheduler
                0x0000000008005cf0      0x13c Middlewares/Third_Party/FreeRTOS/Source/portable/GCC/ARM_CM4F/port.o
                0x0000000008005cf0                xPortStartScheduler
 .text.vPortEnterCritical
                0x0000000008005e2c       0x5c Middlewares/Third_Party/FreeRTOS/Source/portable/GCC/ARM_CM4F/port.o
                0x0000000008005e2c                vPortEnterCritical
 .text.vPortExitCritical
                0x0000000008005e88       0x50 Middlewares/Third_Party/FreeRTOS/Source/portable/GCC/ARM_CM4F/port.o
                0x0000000008005e88                vPortExitCritical
 *fill*         0x0000000008005ed8        0x8 
 .text.PendSV_Handler
                0x0000000008005ee0       0x68 Middlewares/Third_Party/FreeRTOS/Source/portable/GCC/ARM_CM4F/port.o
                0x0000000008005ee0                PendSV_Handler
 .text.SysTick_Handler
                0x0000000008005f48       0x40 Middlewares/Third_Party/FreeRTOS/Source/portable/GCC/ARM_CM4F/port.o
                0x0000000008005f48                SysTick_Handler
 .text.vPortSetupTimerInterrupt
                0x0000000008005f88       0x48 Middlewares/Third_Party/FreeRTOS/Source/portable/GCC/ARM_CM4F/port.o
                0x0000000008005f88                vPortSetupTimerInterrupt
 .text.vPortEnableVFP
                0x0000000008005fd0       0x14 Middlewares/Third_Party/FreeRTOS/Source/portable/GCC/ARM_CM4F/port.o
 .text.pvPortMalloc
                0x0000000008005fe4      0x184 Middlewares/Third_Party/FreeRTOS/Source/portable/MemMang/heap_4.o
                0x0000000008005fe4                pvPortMalloc
 .text.vPortFree
                0x0000000008006168       0xb0 Middlewares/Third_Party/FreeRTOS/Source/portable/MemMang/heap_4.o
                0x0000000008006168                vPortFree
 .text.prvHeapInit
                0x0000000008006218       0xc4 Middlewares/Third_Party/FreeRTOS/Source/portable/MemMang/heap_4.o
 .text.prvInsertBlockIntoFreeList
                0x00000000080062dc       0xb4 Middlewares/Third_Party/FreeRTOS/Source/portable/MemMang/heap_4.o
 .text.vApplicationGetIdleTaskMemory
                0x0000000008006390       0x34 Src/freertos.o
                0x0000000008006390                vApplicationGetIdleTaskMemory
 .text.main     0x00000000080063c4       0xd0 Src/main.o
                0x00000000080063c4                main
 .text.SystemClock_Config
                0x0000000008006494       0xf2 Src/main.o
                0x0000000008006494                SystemClock_Config
 *fill*         0x0000000008006586        0x2 
 .text.MX_I2C2_Init
                0x0000000008006588       0x80 Src/main.o
 .text.MX_USART1_UART_Init
                0x0000000008006608       0x60 Src/main.o
 .text.MX_GPIO_Init
                0x0000000008006668       0xb4 Src/main.o
 .text.button_pressed_task
                0x000000000800671c       0x40 Src/main.o
                0x000000000800671c                button_pressed_task
 .text.transmit_task
                0x000000000800675c       0x30 Src/main.o
                0x000000000800675c                transmit_task
 .text.Read_Sensor
                0x000000000800678c      0x228 Src/main.o
                0x000000000800678c                Read_Sensor
 .text.HAL_TIM_PeriodElapsedCallback
                0x00000000080069b4       0x24 Src/main.o
                0x00000000080069b4                HAL_TIM_PeriodElapsedCallback
 .text.Error_Handler
                0x00000000080069d8        0xe Src/main.o
                0x00000000080069d8                Error_Handler
 *fill*         0x00000000080069e6        0x2 
 .text.HAL_MspInit
                0x00000000080069e8       0x48 Src/stm32l4xx_hal_msp.o
                0x00000000080069e8                HAL_MspInit
 .text.HAL_I2C_MspInit
                0x0000000008006a30       0x88 Src/stm32l4xx_hal_msp.o
                0x0000000008006a30                HAL_I2C_MspInit
 .text.HAL_I2C_MspDeInit
                0x0000000008006ab8       0x48 Src/stm32l4xx_hal_msp.o
                0x0000000008006ab8                HAL_I2C_MspDeInit
 .text.HAL_UART_MspInit
                0x0000000008006b00       0x88 Src/stm32l4xx_hal_msp.o
                0x0000000008006b00                HAL_UART_MspInit
 .text.HAL_InitTick
                0x0000000008006b88       0xac Src/stm32l4xx_hal_timebase_tim.o
                0x0000000008006b88                HAL_InitTick
 .text.NMI_Handler
                0x0000000008006c34        0xe Src/stm32l4xx_it.o
                0x0000000008006c34                NMI_Handler
 .text.HardFault_Handler
                0x0000000008006c42        0x6 Src/stm32l4xx_it.o
                0x0000000008006c42                HardFault_Handler
 .text.MemManage_Handler
                0x0000000008006c48        0x6 Src/stm32l4xx_it.o
                0x0000000008006c48                MemManage_Handler
 .text.BusFault_Handler
                0x0000000008006c4e        0x6 Src/stm32l4xx_it.o
                0x0000000008006c4e                BusFault_Handler
 .text.UsageFault_Handler
                0x0000000008006c54        0x6 Src/stm32l4xx_it.o
                0x0000000008006c54                UsageFault_Handler
 .text.DebugMon_Handler
                0x0000000008006c5a        0xe Src/stm32l4xx_it.o
                0x0000000008006c5a                DebugMon_Handler
 .text.TIM1_TRG_COM_TIM17_IRQHandler
                0x0000000008006c68       0x14 Src/stm32l4xx_it.o
                0x0000000008006c68                TIM1_TRG_COM_TIM17_IRQHandler
 .text.EXTI15_10_IRQHandler
                0x0000000008006c7c       0x10 Src/stm32l4xx_it.o
                0x0000000008006c7c                EXTI15_10_IRQHandler
 .text._sbrk    0x0000000008006c8c       0x6c Src/sysmem.o
                0x0000000008006c8c                _sbrk
 .text.SystemInit
                0x0000000008006cf8       0x6c Src/system_stm32l4xx.o
                0x0000000008006cf8                SystemInit
 .text.Reset_Handler
                0x0000000008006d64       0x50 Startup/startup_stm32l475vgtx.o
                0x0000000008006d64                Reset_Handler
 .text.Default_Handler
                0x0000000008006db4        0x2 Startup/startup_stm32l475vgtx.o
                0x0000000008006db4                TIM1_BRK_TIM15_IRQHandler
                0x0000000008006db4                EXTI2_IRQHandler
                0x0000000008006db4                TIM8_TRG_COM_IRQHandler
                0x0000000008006db4                TIM8_CC_IRQHandler
                0x0000000008006db4                TIM1_CC_IRQHandler
                0x0000000008006db4                TSC_IRQHandler
                0x0000000008006db4                TAMP_STAMP_IRQHandler
                0x0000000008006db4                EXTI3_IRQHandler
                0x0000000008006db4                LPTIM2_IRQHandler
                0x0000000008006db4                DFSDM1_FLT1_IRQHandler
                0x0000000008006db4                I2C3_ER_IRQHandler
                0x0000000008006db4                DFSDM1_FLT2_IRQHandler
                0x0000000008006db4                EXTI0_IRQHandler
                0x0000000008006db4                I2C2_EV_IRQHandler
                0x0000000008006db4                CAN1_RX0_IRQHandler
                0x0000000008006db4                FPU_IRQHandler
                0x0000000008006db4                TIM1_UP_TIM16_IRQHandler
                0x0000000008006db4                ADC1_2_IRQHandler
                0x0000000008006db4                SPI1_IRQHandler
                0x0000000008006db4                TIM6_DAC_IRQHandler
                0x0000000008006db4                TIM8_UP_IRQHandler
                0x0000000008006db4                DMA2_Channel2_IRQHandler
                0x0000000008006db4                DMA1_Channel4_IRQHandler
                0x0000000008006db4                SAI2_IRQHandler
                0x0000000008006db4                DFSDM1_FLT3_IRQHandler
                0x0000000008006db4                USART3_IRQHandler
                0x0000000008006db4                DMA1_Channel7_IRQHandler
                0x0000000008006db4                CAN1_RX1_IRQHandler
                0x0000000008006db4                UART5_IRQHandler
                0x0000000008006db4                ADC3_IRQHandler
                0x0000000008006db4                TIM4_IRQHandler
                0x0000000008006db4                DMA2_Channel1_IRQHandler
                0x0000000008006db4                QUADSPI_IRQHandler
                0x0000000008006db4                I2C1_EV_IRQHandler
                0x0000000008006db4                DMA1_Channel6_IRQHandler
                0x0000000008006db4                UART4_IRQHandler
                0x0000000008006db4                DMA2_Channel4_IRQHandler
                0x0000000008006db4                TIM3_IRQHandler
                0x0000000008006db4                RCC_IRQHandler
                0x0000000008006db4                DMA1_Channel1_IRQHandler
                0x0000000008006db4                Default_Handler
                0x0000000008006db4                DMA2_Channel7_IRQHandler
                0x0000000008006db4                TIM7_IRQHandler
                0x0000000008006db4                SDMMC1_IRQHandler
                0x0000000008006db4                TIM5_IRQHandler
                0x0000000008006db4                I2C3_EV_IRQHandler
                0x0000000008006db4                EXTI9_5_IRQHandler
                0x0000000008006db4                RTC_WKUP_IRQHandler
                0x0000000008006db4                PVD_PVM_IRQHandler
                0x0000000008006db4                SPI2_IRQHandler
                0x0000000008006db4                CAN1_TX_IRQHandler
                0x0000000008006db4                DMA2_Channel5_IRQHandler
                0x0000000008006db4                DMA1_Channel5_IRQHandler
                0x0000000008006db4                EXTI4_IRQHandler
                0x0000000008006db4                RNG_IRQHandler
                0x0000000008006db4                DMA1_Channel3_IRQHandler
                0x0000000008006db4                COMP_IRQHandler
                0x0000000008006db4                WWDG_IRQHandler
                0x0000000008006db4                LPUART1_IRQHandler
                0x0000000008006db4                DMA2_Channel6_IRQHandler
                0x0000000008006db4                TIM2_IRQHandler
                0x0000000008006db4                EXTI1_IRQHandler
                0x0000000008006db4                USART2_IRQHandler
                0x0000000008006db4                DFSDM1_FLT0_IRQHandler
                0x0000000008006db4                I2C2_ER_IRQHandler
                0x0000000008006db4                DMA1_Channel2_IRQHandler
                0x0000000008006db4                TIM8_BRK_IRQHandler
                0x0000000008006db4                CAN1_SCE_IRQHandler
                0x0000000008006db4                FLASH_IRQHandler
                0x0000000008006db4                USART1_IRQHandler
                0x0000000008006db4                OTG_FS_IRQHandler
                0x0000000008006db4                SPI3_IRQHandler
                0x0000000008006db4                I2C1_ER_IRQHandler
                0x0000000008006db4                FMC_IRQHandler
                0x0000000008006db4                SWPMI1_IRQHandler
                0x0000000008006db4                LPTIM1_IRQHandler
                0x0000000008006db4                SAI1_IRQHandler
                0x0000000008006db4                DMA2_Channel3_IRQHandler
                0x0000000008006db4                RTC_Alarm_IRQHandler
 *fill*         0x0000000008006db6        0x2 
 .text.__errno  0x0000000008006db8        0xc /Applications/STM32CubeIDE.app/Contents/Eclipse/plugins/com.st.stm32cube.ide.mcu.externaltools.gnu-tools-for-stm32.7-2018-q2-update.macos64_1.4.0.202007081208/tools/bin/../lib/gcc/arm-none-eabi/7.3.1/../../../../arm-none-eabi/lib/thumb/v7e-m/fpv4-sp/hard/libc_nano.a(lib_a-errno.o)
                0x0000000008006db8                __errno
 .text.__libc_init_array
                0x0000000008006dc4       0x48 /Applications/STM32CubeIDE.app/Contents/Eclipse/plugins/com.st.stm32cube.ide.mcu.externaltools.gnu-tools-for-stm32.7-2018-q2-update.macos64_1.4.0.202007081208/tools/bin/../lib/gcc/arm-none-eabi/7.3.1/../../../../arm-none-eabi/lib/thumb/v7e-m/fpv4-sp/hard/libc_nano.a(lib_a-init.o)
                0x0000000008006dc4                __libc_init_array
 .text.memcpy   0x0000000008006e0c       0x16 /Applications/STM32CubeIDE.app/Contents/Eclipse/plugins/com.st.stm32cube.ide.mcu.externaltools.gnu-tools-for-stm32.7-2018-q2-update.macos64_1.4.0.202007081208/tools/bin/../lib/gcc/arm-none-eabi/7.3.1/../../../../arm-none-eabi/lib/thumb/v7e-m/fpv4-sp/hard/libc_nano.a(lib_a-memcpy-stub.o)
                0x0000000008006e0c                memcpy
 .text.memset   0x0000000008006e22       0x10 /Applications/STM32CubeIDE.app/Contents/Eclipse/plugins/com.st.stm32cube.ide.mcu.externaltools.gnu-tools-for-stm32.7-2018-q2-update.macos64_1.4.0.202007081208/tools/bin/../lib/gcc/arm-none-eabi/7.3.1/../../../../arm-none-eabi/lib/thumb/v7e-m/fpv4-sp/hard/libc_nano.a(lib_a-memset.o)
                0x0000000008006e22                memset
 *fill*         0x0000000008006e32        0x2 
 .text.sprintf  0x0000000008006e34       0x40 /Applications/STM32CubeIDE.app/Contents/Eclipse/plugins/com.st.stm32cube.ide.mcu.externaltools.gnu-tools-for-stm32.7-2018-q2-update.macos64_1.4.0.202007081208/tools/bin/../lib/gcc/arm-none-eabi/7.3.1/../../../../arm-none-eabi/lib/thumb/v7e-m/fpv4-sp/hard/libc_nano.a(lib_a-sprintf.o)
                0x0000000008006e34                sprintf
                0x0000000008006e34                siprintf
 .text.strcat   0x0000000008006e74       0x1e /Applications/STM32CubeIDE.app/Contents/Eclipse/plugins/com.st.stm32cube.ide.mcu.externaltools.gnu-tools-for-stm32.7-2018-q2-update.macos64_1.4.0.202007081208/tools/bin/../lib/gcc/arm-none-eabi/7.3.1/../../../../arm-none-eabi/lib/thumb/v7e-m/fpv4-sp/hard/libc_nano.a(lib_a-strcat.o)
                0x0000000008006e74                strcat
 .text.__ssputs_r
                0x0000000008006e92       0xb4 /Applications/STM32CubeIDE.app/Contents/Eclipse/plugins/com.st.stm32cube.ide.mcu.externaltools.gnu-tools-for-stm32.7-2018-q2-update.macos64_1.4.0.202007081208/tools/bin/../lib/gcc/arm-none-eabi/7.3.1/../../../../arm-none-eabi/lib/thumb/v7e-m/fpv4-sp/hard/libc_nano.a(lib_a-nano-svfprintf.o)
                0x0000000008006e92                __ssputs_r
 *fill*         0x0000000008006f46        0x2 
 .text._svfprintf_r
                0x0000000008006f48      0x1f0 /Applications/STM32CubeIDE.app/Contents/Eclipse/plugins/com.st.stm32cube.ide.mcu.externaltools.gnu-tools-for-stm32.7-2018-q2-update.macos64_1.4.0.202007081208/tools/bin/../lib/gcc/arm-none-eabi/7.3.1/../../../../arm-none-eabi/lib/thumb/v7e-m/fpv4-sp/hard/libc_nano.a(lib_a-nano-svfprintf.o)
                0x0000000008006f48                _svfprintf_r
                0x0000000008006f48                _svfiprintf_r
 .text._printf_common
                0x0000000008007138       0xea /Applications/STM32CubeIDE.app/Contents/Eclipse/plugins/com.st.stm32cube.ide.mcu.externaltools.gnu-tools-for-stm32.7-2018-q2-update.macos64_1.4.0.202007081208/tools/bin/../lib/gcc/arm-none-eabi/7.3.1/../../../../arm-none-eabi/lib/thumb/v7e-m/fpv4-sp/hard/libc_nano.a(lib_a-nano-vfprintf_i.o)
                0x0000000008007138                _printf_common
 *fill*         0x0000000008007222        0x2 
 .text._printf_i
                0x0000000008007224      0x224 /Applications/STM32CubeIDE.app/Contents/Eclipse/plugins/com.st.stm32cube.ide.mcu.externaltools.gnu-tools-for-stm32.7-2018-q2-update.macos64_1.4.0.202007081208/tools/bin/../lib/gcc/arm-none-eabi/7.3.1/../../../../arm-none-eabi/lib/thumb/v7e-m/fpv4-sp/hard/libc_nano.a(lib_a-nano-vfprintf_i.o)
                0x0000000008007224                _printf_i
 .text.memmove  0x0000000008007448       0x32 /Applications/STM32CubeIDE.app/Contents/Eclipse/plugins/com.st.stm32cube.ide.mcu.externaltools.gnu-tools-for-stm32.7-2018-q2-update.macos64_1.4.0.202007081208/tools/bin/../lib/gcc/arm-none-eabi/7.3.1/../../../../arm-none-eabi/lib/thumb/v7e-m/fpv4-sp/hard/libc_nano.a(lib_a-memmove.o)
                0x0000000008007448                memmove
 *fill*         0x000000000800747a        0x2 
 .text._free_r  0x000000000800747c       0x9c /Applications/STM32CubeIDE.app/Contents/Eclipse/plugins/com.st.stm32cube.ide.mcu.externaltools.gnu-tools-for-stm32.7-2018-q2-update.macos64_1.4.0.202007081208/tools/bin/../lib/gcc/arm-none-eabi/7.3.1/../../../../arm-none-eabi/lib/thumb/v7e-m/fpv4-sp/hard/libc_nano.a(lib_a-nano-freer.o)
                0x000000000800747c                _free_r
 .text._malloc_r
                0x0000000008007518       0xb4 /Applications/STM32CubeIDE.app/Contents/Eclipse/plugins/com.st.stm32cube.ide.mcu.externaltools.gnu-tools-for-stm32.7-2018-q2-update.macos64_1.4.0.202007081208/tools/bin/../lib/gcc/arm-none-eabi/7.3.1/../../../../arm-none-eabi/lib/thumb/v7e-m/fpv4-sp/hard/libc_nano.a(lib_a-nano-mallocr.o)
                0x0000000008007518                _malloc_r
 .text._realloc_r
                0x00000000080075cc       0x4c /Applications/STM32CubeIDE.app/Contents/Eclipse/plugins/com.st.stm32cube.ide.mcu.externaltools.gnu-tools-for-stm32.7-2018-q2-update.macos64_1.4.0.202007081208/tools/bin/../lib/gcc/arm-none-eabi/7.3.1/../../../../arm-none-eabi/lib/thumb/v7e-m/fpv4-sp/hard/libc_nano.a(lib_a-nano-reallocr.o)
                0x00000000080075cc                _realloc_r
 .text._sbrk_r  0x0000000008007618       0x20 /Applications/STM32CubeIDE.app/Contents/Eclipse/plugins/com.st.stm32cube.ide.mcu.externaltools.gnu-tools-for-stm32.7-2018-q2-update.macos64_1.4.0.202007081208/tools/bin/../lib/gcc/arm-none-eabi/7.3.1/../../../../arm-none-eabi/lib/thumb/v7e-m/fpv4-sp/hard/libc_nano.a(lib_a-sbrkr.o)
                0x0000000008007618                _sbrk_r
 .text.__malloc_lock
                0x0000000008007638        0x2 /Applications/STM32CubeIDE.app/Contents/Eclipse/plugins/com.st.stm32cube.ide.mcu.externaltools.gnu-tools-for-stm32.7-2018-q2-update.macos64_1.4.0.202007081208/tools/bin/../lib/gcc/arm-none-eabi/7.3.1/../../../../arm-none-eabi/lib/thumb/v7e-m/fpv4-sp/hard/libc_nano.a(lib_a-mlock.o)
                0x0000000008007638                __malloc_lock
 .text.__malloc_unlock
                0x000000000800763a        0x2 /Applications/STM32CubeIDE.app/Contents/Eclipse/plugins/com.st.stm32cube.ide.mcu.externaltools.gnu-tools-for-stm32.7-2018-q2-update.macos64_1.4.0.202007081208/tools/bin/../lib/gcc/arm-none-eabi/7.3.1/../../../../arm-none-eabi/lib/thumb/v7e-m/fpv4-sp/hard/libc_nano.a(lib_a-mlock.o)
                0x000000000800763a                __malloc_unlock
 .text._malloc_usable_size_r
                0x000000000800763c       0x10 /Applications/STM32CubeIDE.app/Contents/Eclipse/plugins/com.st.stm32cube.ide.mcu.externaltools.gnu-tools-for-stm32.7-2018-q2-update.macos64_1.4.0.202007081208/tools/bin/../lib/gcc/arm-none-eabi/7.3.1/../../../../arm-none-eabi/lib/thumb/v7e-m/fpv4-sp/hard/libc_nano.a(lib_a-nano-msizer.o)
                0x000000000800763c                _malloc_usable_size_r
 *(.glue_7)
 .glue_7        0x000000000800764c        0x0 linker stubs
 *(.glue_7t)
 .glue_7t       0x000000000800764c        0x0 linker stubs
 *(.eh_frame)
 .eh_frame      0x000000000800764c        0x0 /Applications/STM32CubeIDE.app/Contents/Eclipse/plugins/com.st.stm32cube.ide.mcu.externaltools.gnu-tools-for-stm32.7-2018-q2-update.macos64_1.4.0.202007081208/tools/bin/../lib/gcc/arm-none-eabi/7.3.1/thumb/v7e-m/fpv4-sp/hard/crtbegin.o
 *(.init)
 .init          0x000000000800764c        0x4 /Applications/STM32CubeIDE.app/Contents/Eclipse/plugins/com.st.stm32cube.ide.mcu.externaltools.gnu-tools-for-stm32.7-2018-q2-update.macos64_1.4.0.202007081208/tools/bin/../lib/gcc/arm-none-eabi/7.3.1/thumb/v7e-m/fpv4-sp/hard/crti.o
                0x000000000800764c                _init
 .init          0x0000000008007650        0x8 /Applications/STM32CubeIDE.app/Contents/Eclipse/plugins/com.st.stm32cube.ide.mcu.externaltools.gnu-tools-for-stm32.7-2018-q2-update.macos64_1.4.0.202007081208/tools/bin/../lib/gcc/arm-none-eabi/7.3.1/thumb/v7e-m/fpv4-sp/hard/crtn.o
 *(.fini)
 .fini          0x0000000008007658        0x4 /Applications/STM32CubeIDE.app/Contents/Eclipse/plugins/com.st.stm32cube.ide.mcu.externaltools.gnu-tools-for-stm32.7-2018-q2-update.macos64_1.4.0.202007081208/tools/bin/../lib/gcc/arm-none-eabi/7.3.1/thumb/v7e-m/fpv4-sp/hard/crti.o
                0x0000000008007658                _fini
 .fini          0x000000000800765c        0x8 /Applications/STM32CubeIDE.app/Contents/Eclipse/plugins/com.st.stm32cube.ide.mcu.externaltools.gnu-tools-for-stm32.7-2018-q2-update.macos64_1.4.0.202007081208/tools/bin/../lib/gcc/arm-none-eabi/7.3.1/thumb/v7e-m/fpv4-sp/hard/crtn.o
                0x0000000008007664                . = ALIGN (0x4)
                0x0000000008007664                _etext = .

.vfp11_veneer   0x0000000008007664        0x0
 .vfp11_veneer  0x0000000008007664        0x0 linker stubs

.v4_bx          0x0000000008007664        0x0
 .v4_bx         0x0000000008007664        0x0 linker stubs

.iplt           0x0000000008007664        0x0
 .iplt          0x0000000008007664        0x0 /Applications/STM32CubeIDE.app/Contents/Eclipse/plugins/com.st.stm32cube.ide.mcu.externaltools.gnu-tools-for-stm32.7-2018-q2-update.macos64_1.4.0.202007081208/tools/bin/../lib/gcc/arm-none-eabi/7.3.1/thumb/v7e-m/fpv4-sp/hard/crtbegin.o

.rodata         0x0000000008007664      0x19c
                0x0000000008007664                . = ALIGN (0x4)
 *(.rodata)
 .rodata        0x0000000008007664        0x5 Middlewares/Third_Party/FreeRTOS/Source/tasks.o
 *fill*         0x0000000008007669        0x3 
 .rodata        0x000000000800766c      0x117 Src/main.o
 *(.rodata*)
 *fill*         0x0000000008007783        0x1 
 .rodata.AHBPrescTable
                0x0000000008007784       0x10 Src/system_stm32l4xx.o
                0x0000000008007784                AHBPrescTable
 .rodata.APBPrescTable
                0x0000000008007794        0x8 Src/system_stm32l4xx.o
                0x0000000008007794                APBPrescTable
 .rodata.MSIRangeTable
                0x000000000800779c       0x30 Src/system_stm32l4xx.o
                0x000000000800779c                MSIRangeTable
 .rodata._svfprintf_r.str1.1
                0x00000000080077cc       0x11 /Applications/STM32CubeIDE.app/Contents/Eclipse/plugins/com.st.stm32cube.ide.mcu.externaltools.gnu-tools-for-stm32.7-2018-q2-update.macos64_1.4.0.202007081208/tools/bin/../lib/gcc/arm-none-eabi/7.3.1/../../../../arm-none-eabi/lib/thumb/v7e-m/fpv4-sp/hard/libc_nano.a(lib_a-nano-svfprintf.o)
 .rodata._printf_i.str1.1
                0x00000000080077dd       0x22 /Applications/STM32CubeIDE.app/Contents/Eclipse/plugins/com.st.stm32cube.ide.mcu.externaltools.gnu-tools-for-stm32.7-2018-q2-update.macos64_1.4.0.202007081208/tools/bin/../lib/gcc/arm-none-eabi/7.3.1/../../../../arm-none-eabi/lib/thumb/v7e-m/fpv4-sp/hard/libc_nano.a(lib_a-nano-vfprintf_i.o)
                0x0000000008007800                . = ALIGN (0x4)
 *fill*         0x00000000080077ff        0x1 

.ARM.extab      0x0000000008007800        0x0
                0x0000000008007800                . = ALIGN (0x4)
 *(.ARM.extab* .gnu.linkonce.armextab.*)
                0x0000000008007800                . = ALIGN (0x4)

.ARM            0x0000000008007800        0x8
                0x0000000008007800                . = ALIGN (0x4)
                0x0000000008007800                __exidx_start = .
 *(.ARM.exidx*)
 .ARM.exidx     0x0000000008007800        0x8 /Applications/STM32CubeIDE.app/Contents/Eclipse/plugins/com.st.stm32cube.ide.mcu.externaltools.gnu-tools-for-stm32.7-2018-q2-update.macos64_1.4.0.202007081208/tools/bin/../lib/gcc/arm-none-eabi/7.3.1/thumb/v7e-m/fpv4-sp/hard/libgcc.a(_udivmoddi4.o)
                0x0000000008007808                __exidx_end = .
                0x0000000008007808                . = ALIGN (0x4)

.rel.dyn        0x0000000008007808        0x0
 .rel.iplt      0x0000000008007808        0x0 /Applications/STM32CubeIDE.app/Contents/Eclipse/plugins/com.st.stm32cube.ide.mcu.externaltools.gnu-tools-for-stm32.7-2018-q2-update.macos64_1.4.0.202007081208/tools/bin/../lib/gcc/arm-none-eabi/7.3.1/thumb/v7e-m/fpv4-sp/hard/crtbegin.o

.preinit_array  0x0000000008007808        0x0
                0x0000000008007808                . = ALIGN (0x4)
                0x0000000008007808                PROVIDE (__preinit_array_start = .)
 *(.preinit_array*)
                0x0000000008007808                PROVIDE (__preinit_array_end = .)
                0x0000000008007808                . = ALIGN (0x4)

.init_array     0x0000000008007808        0x4
                0x0000000008007808                . = ALIGN (0x4)
                0x0000000008007808                PROVIDE (__init_array_start = .)
 *(SORT_BY_NAME(.init_array.*))
 *(.init_array*)
 .init_array    0x0000000008007808        0x4 /Applications/STM32CubeIDE.app/Contents/Eclipse/plugins/com.st.stm32cube.ide.mcu.externaltools.gnu-tools-for-stm32.7-2018-q2-update.macos64_1.4.0.202007081208/tools/bin/../lib/gcc/arm-none-eabi/7.3.1/thumb/v7e-m/fpv4-sp/hard/crtbegin.o
                0x000000000800780c                PROVIDE (__init_array_end = .)
                0x000000000800780c                . = ALIGN (0x4)

.fini_array     0x000000000800780c        0x4
                0x000000000800780c                . = ALIGN (0x4)
                [!provide]                        PROVIDE (__fini_array_start = .)
 *(SORT_BY_NAME(.fini_array.*))
 *(.fini_array*)
 .fini_array    0x000000000800780c        0x4 /Applications/STM32CubeIDE.app/Contents/Eclipse/plugins/com.st.stm32cube.ide.mcu.externaltools.gnu-tools-for-stm32.7-2018-q2-update.macos64_1.4.0.202007081208/tools/bin/../lib/gcc/arm-none-eabi/7.3.1/thumb/v7e-m/fpv4-sp/hard/crtbegin.o
                [!provide]                        PROVIDE (__fini_array_end = .)
                0x0000000008007810                . = ALIGN (0x4)
                0x0000000008007810                _sidata = LOADADDR (.data)

.data           0x0000000020000000      0x138 load address 0x0000000008007810
                0x0000000020000000                . = ALIGN (0x4)
                0x0000000020000000                _sdata = .
 *(.data)
 *(.data*)
 .data.HTS221_H_Drv
                0x0000000020000000        0xc Drivers/BSP/Components/hts221/hts221.o
                0x0000000020000000                HTS221_H_Drv
 .data.HTS221_T_Drv
                0x000000002000000c       0x10 Drivers/BSP/Components/hts221/hts221.o
                0x000000002000000c                HTS221_T_Drv
 .data.Lis3mdlMagDrv
                0x000000002000001c       0x34 Drivers/BSP/Components/lis3mdl/lis3mdl.o
                0x000000002000001c                Lis3mdlMagDrv
 .data.LPS22HB_P_Drv
                0x0000000020000050        0xc Drivers/BSP/Components/lps22hb/lps22hb.o
                0x0000000020000050                LPS22HB_P_Drv
 .data.Lsm6dslAccDrv
                0x000000002000005c       0x34 Drivers/BSP/Components/lsm6dsl/lsm6dsl.o
                0x000000002000005c                Lsm6dslAccDrv
 .data.Lsm6dslGyroDrv
                0x0000000020000090       0x34 Drivers/BSP/Components/lsm6dsl/lsm6dsl.o
                0x0000000020000090                Lsm6dslGyroDrv
 .data.uwTickPrio
                0x00000000200000c4        0x4 Drivers/STM32L4xx_HAL_Driver/Src/stm32l4xx_hal.o
                0x00000000200000c4                uwTickPrio
 .data.uwTickFreq
                0x00000000200000c8        0x1 Drivers/STM32L4xx_HAL_Driver/Src/stm32l4xx_hal.o
                0x00000000200000c8                uwTickFreq
 *fill*         0x00000000200000c9        0x3 
 .data.uxCriticalNesting
                0x00000000200000cc        0x4 Middlewares/Third_Party/FreeRTOS/Source/portable/GCC/ARM_CM4F/port.o
 .data.SystemCoreClock
                0x00000000200000d0        0x4 Src/system_stm32l4xx.o
                0x00000000200000d0                SystemCoreClock
 .data._impure_ptr
                0x00000000200000d4        0x4 /Applications/STM32CubeIDE.app/Contents/Eclipse/plugins/com.st.stm32cube.ide.mcu.externaltools.gnu-tools-for-stm32.7-2018-q2-update.macos64_1.4.0.202007081208/tools/bin/../lib/gcc/arm-none-eabi/7.3.1/../../../../arm-none-eabi/lib/thumb/v7e-m/fpv4-sp/hard/libc_nano.a(lib_a-impure.o)
                0x00000000200000d4                _impure_ptr
 .data.impure_data
                0x00000000200000d8       0x60 /Applications/STM32CubeIDE.app/Contents/Eclipse/plugins/com.st.stm32cube.ide.mcu.externaltools.gnu-tools-for-stm32.7-2018-q2-update.macos64_1.4.0.202007081208/tools/bin/../lib/gcc/arm-none-eabi/7.3.1/../../../../arm-none-eabi/lib/thumb/v7e-m/fpv4-sp/hard/libc_nano.a(lib_a-impure.o)
                0x0000000020000138                . = ALIGN (0x4)
                0x0000000020000138                _edata = .

.igot.plt       0x0000000020000138        0x0 load address 0x0000000008007948
 .igot.plt      0x0000000020000138        0x0 /Applications/STM32CubeIDE.app/Contents/Eclipse/plugins/com.st.stm32cube.ide.mcu.externaltools.gnu-tools-for-stm32.7-2018-q2-update.macos64_1.4.0.202007081208/tools/bin/../lib/gcc/arm-none-eabi/7.3.1/thumb/v7e-m/fpv4-sp/hard/crtbegin.o
                0x0000000020000138                . = ALIGN (0x4)

.bss            0x0000000020000138     0x11f8 load address 0x0000000008007948
                0x0000000020000138                _sbss = .
                0x0000000020000138                __bss_start__ = _sbss
 *(.bss)
 .bss           0x0000000020000138       0x1c /Applications/STM32CubeIDE.app/Contents/Eclipse/plugins/com.st.stm32cube.ide.mcu.externaltools.gnu-tools-for-stm32.7-2018-q2-update.macos64_1.4.0.202007081208/tools/bin/../lib/gcc/arm-none-eabi/7.3.1/thumb/v7e-m/fpv4-sp/hard/crtbegin.o
 *(.bss*)
 .bss.AccelerometerDrv
                0x0000000020000154        0x4 Drivers/BSP/B-L475E-IOT01/stm32l475e_iot01_accelero.o
 .bss.GyroscopeDrv
                0x0000000020000158        0x4 Drivers/BSP/B-L475E-IOT01/stm32l475e_iot01_gyro.o
 .bss.Hsensor_drv
                0x000000002000015c        0x4 Drivers/BSP/B-L475E-IOT01/stm32l475e_iot01_hsensor.o
 .bss.MagnetoDrv
                0x0000000020000160        0x4 Drivers/BSP/B-L475E-IOT01/stm32l475e_iot01_magneto.o
 .bss.Psensor_drv
                0x0000000020000164        0x4 Drivers/BSP/B-L475E-IOT01/stm32l475e_iot01_psensor.o
 .bss.tsensor_drv
                0x0000000020000168        0x4 Drivers/BSP/B-L475E-IOT01/stm32l475e_iot01_tsensor.o
 .bss.pxCurrentTCB
                0x000000002000016c        0x4 Middlewares/Third_Party/FreeRTOS/Source/tasks.o
                0x000000002000016c                pxCurrentTCB
 .bss.pxReadyTasksLists
                0x0000000020000170       0x8c Middlewares/Third_Party/FreeRTOS/Source/tasks.o
 .bss.xDelayedTaskList1
                0x00000000200001fc       0x14 Middlewares/Third_Party/FreeRTOS/Source/tasks.o
 .bss.xDelayedTaskList2
                0x0000000020000210       0x14 Middlewares/Third_Party/FreeRTOS/Source/tasks.o
 .bss.pxDelayedTaskList
                0x0000000020000224        0x4 Middlewares/Third_Party/FreeRTOS/Source/tasks.o
 .bss.pxOverflowDelayedTaskList
                0x0000000020000228        0x4 Middlewares/Third_Party/FreeRTOS/Source/tasks.o
 .bss.xPendingReadyList
                0x000000002000022c       0x14 Middlewares/Third_Party/FreeRTOS/Source/tasks.o
 .bss.xTasksWaitingTermination
                0x0000000020000240       0x14 Middlewares/Third_Party/FreeRTOS/Source/tasks.o
 .bss.uxDeletedTasksWaitingCleanUp
                0x0000000020000254        0x4 Middlewares/Third_Party/FreeRTOS/Source/tasks.o
 .bss.xSuspendedTaskList
                0x0000000020000258       0x14 Middlewares/Third_Party/FreeRTOS/Source/tasks.o
 .bss.uxCurrentNumberOfTasks
                0x000000002000026c        0x4 Middlewares/Third_Party/FreeRTOS/Source/tasks.o
 .bss.xTickCount
                0x0000000020000270        0x4 Middlewares/Third_Party/FreeRTOS/Source/tasks.o
 .bss.uxTopReadyPriority
                0x0000000020000274        0x4 Middlewares/Third_Party/FreeRTOS/Source/tasks.o
 .bss.xSchedulerRunning
                0x0000000020000278        0x4 Middlewares/Third_Party/FreeRTOS/Source/tasks.o
 .bss.uxPendedTicks
                0x000000002000027c        0x4 Middlewares/Third_Party/FreeRTOS/Source/tasks.o
 .bss.xYieldPending
                0x0000000020000280        0x4 Middlewares/Third_Party/FreeRTOS/Source/tasks.o
 .bss.xNumOfOverflows
                0x0000000020000284        0x4 Middlewares/Third_Party/FreeRTOS/Source/tasks.o
 .bss.uxTaskNumber
                0x0000000020000288        0x4 Middlewares/Third_Party/FreeRTOS/Source/tasks.o
 .bss.xNextTaskUnblockTime
                0x000000002000028c        0x4 Middlewares/Third_Party/FreeRTOS/Source/tasks.o
 .bss.xIdleTaskHandle
                0x0000000020000290        0x4 Middlewares/Third_Party/FreeRTOS/Source/tasks.o
 .bss.uxSchedulerSuspended
                0x0000000020000294        0x4 Middlewares/Third_Party/FreeRTOS/Source/tasks.o
 .bss.ucMaxSysCallPriority
                0x0000000020000298        0x1 Middlewares/Third_Party/FreeRTOS/Source/portable/GCC/ARM_CM4F/port.o
 *fill*         0x0000000020000299        0x3 
 .bss.ulMaxPRIGROUPValue
                0x000000002000029c        0x4 Middlewares/Third_Party/FreeRTOS/Source/portable/GCC/ARM_CM4F/port.o
 .bss.ucHeap    0x00000000200002a0      0xbb8 Middlewares/Third_Party/FreeRTOS/Source/portable/MemMang/heap_4.o
 .bss.xStart    0x0000000020000e58        0x8 Middlewares/Third_Party/FreeRTOS/Source/portable/MemMang/heap_4.o
 .bss.pxEnd     0x0000000020000e60        0x4 Middlewares/Third_Party/FreeRTOS/Source/portable/MemMang/heap_4.o
 .bss.xFreeBytesRemaining
                0x0000000020000e64        0x4 Middlewares/Third_Party/FreeRTOS/Source/portable/MemMang/heap_4.o
 .bss.xMinimumEverFreeBytesRemaining
                0x0000000020000e68        0x4 Middlewares/Third_Party/FreeRTOS/Source/portable/MemMang/heap_4.o
 .bss.xBlockAllocatedBit
                0x0000000020000e6c        0x4 Middlewares/Third_Party/FreeRTOS/Source/portable/MemMang/heap_4.o
 .bss.xIdleTaskTCBBuffer
                0x0000000020000e70       0x54 Src/freertos.o
 .bss.xIdleStack
                0x0000000020000ec4      0x200 Src/freertos.o
 .bss.sensorType
                0x00000000200010c4        0x4 Src/main.o
                0x00000000200010c4                sensorType
 .bss.buffer    0x00000000200010c8       0x64 Src/main.o
                0x00000000200010c8                buffer
 .bss.__sbrk_heap_end
                0x000000002000112c        0x4 Src/sysmem.o
 .bss.__malloc_free_list
                0x0000000020001130        0x4 /Applications/STM32CubeIDE.app/Contents/Eclipse/plugins/com.st.stm32cube.ide.mcu.externaltools.gnu-tools-for-stm32.7-2018-q2-update.macos64_1.4.0.202007081208/tools/bin/../lib/gcc/arm-none-eabi/7.3.1/../../../../arm-none-eabi/lib/thumb/v7e-m/fpv4-sp/hard/libc_nano.a(lib_a-nano-mallocr.o)
                0x0000000020001130                __malloc_free_list
 .bss.__malloc_sbrk_start
                0x0000000020001134        0x4 /Applications/STM32CubeIDE.app/Contents/Eclipse/plugins/com.st.stm32cube.ide.mcu.externaltools.gnu-tools-for-stm32.7-2018-q2-update.macos64_1.4.0.202007081208/tools/bin/../lib/gcc/arm-none-eabi/7.3.1/../../../../arm-none-eabi/lib/thumb/v7e-m/fpv4-sp/hard/libc_nano.a(lib_a-nano-mallocr.o)
                0x0000000020001134                __malloc_sbrk_start
 *(COMMON)
 COMMON         0x0000000020001138       0xcc Drivers/BSP/B-L475E-IOT01/stm32l475e_iot01.o
                0x0000000020001138                hDiscoUart
                0x00000000200011b8                hI2cHandler
 COMMON         0x0000000020001204        0x4 Drivers/STM32L4xx_HAL_Driver/Src/stm32l4xx_hal.o
                0x0000000020001204                uwTick
 COMMON         0x0000000020001208       0xd8 Src/main.o
                0x0000000020001208                defaultTaskHandle
                0x000000002000120c                hi2c2
                0x0000000020001258                huart1
                0x00000000200012d8                ReadTaskHandle
                0x00000000200012dc                TransmitTaskHandle
 COMMON         0x00000000200012e0       0x4c Src/stm32l4xx_hal_timebase_tim.o
                0x00000000200012e0                htim17
 COMMON         0x000000002000132c        0x4 /Applications/STM32CubeIDE.app/Contents/Eclipse/plugins/com.st.stm32cube.ide.mcu.externaltools.gnu-tools-for-stm32.7-2018-q2-update.macos64_1.4.0.202007081208/tools/bin/../lib/gcc/arm-none-eabi/7.3.1/../../../../arm-none-eabi/lib/thumb/v7e-m/fpv4-sp/hard/libc_nano.a(lib_a-reent.o)
                0x000000002000132c                errno
                0x0000000020001330                . = ALIGN (0x4)
                0x0000000020001330                _ebss = .
                0x0000000020001330                __bss_end__ = _ebss

._user_heap_stack
                0x0000000020001330      0x600 load address 0x0000000008007948
                0x0000000020001330                . = ALIGN (0x8)
                [!provide]                        PROVIDE (end = .)
                0x0000000020001330                PROVIDE (_end = .)
                0x0000000020001530                . = (. + _Min_Heap_Size)
 *fill*         0x0000000020001330      0x200 
                0x0000000020001930                . = (. + _Min_Stack_Size)
 *fill*         0x0000000020001530      0x400 
                0x0000000020001930                . = ALIGN (0x8)

/DISCARD/
 libc.a(*)
 libm.a(*)
 libgcc.a(*)

.ARM.attributes
                0x0000000000000000       0x30
 *(.ARM.attributes)
 .ARM.attributes
                0x0000000000000000       0x22 /Applications/STM32CubeIDE.app/Contents/Eclipse/plugins/com.st.stm32cube.ide.mcu.externaltools.gnu-tools-for-stm32.7-2018-q2-update.macos64_1.4.0.202007081208/tools/bin/../lib/gcc/arm-none-eabi/7.3.1/thumb/v7e-m/fpv4-sp/hard/crti.o
 .ARM.attributes
                0x0000000000000022       0x34 /Applications/STM32CubeIDE.app/Contents/Eclipse/plugins/com.st.stm32cube.ide.mcu.externaltools.gnu-tools-for-stm32.7-2018-q2-update.macos64_1.4.0.202007081208/tools/bin/../lib/gcc/arm-none-eabi/7.3.1/thumb/v7e-m/fpv4-sp/hard/crtbegin.o
 .ARM.attributes
                0x0000000000000056       0x39 Drivers/BSP/B-L475E-IOT01/stm32l475e_iot01.o
 .ARM.attributes
                0x000000000000008f       0x39 Drivers/BSP/B-L475E-IOT01/stm32l475e_iot01_accelero.o
 .ARM.attributes
                0x00000000000000c8       0x39 Drivers/BSP/B-L475E-IOT01/stm32l475e_iot01_gyro.o
 .ARM.attributes
                0x0000000000000101       0x39 Drivers/BSP/B-L475E-IOT01/stm32l475e_iot01_hsensor.o
 .ARM.attributes
                0x000000000000013a       0x39 Drivers/BSP/B-L475E-IOT01/stm32l475e_iot01_magneto.o
 .ARM.attributes
                0x0000000000000173       0x39 Drivers/BSP/B-L475E-IOT01/stm32l475e_iot01_psensor.o
 .ARM.attributes
                0x00000000000001ac       0x39 Drivers/BSP/B-L475E-IOT01/stm32l475e_iot01_tsensor.o
 .ARM.attributes
                0x00000000000001e5       0x39 Drivers/BSP/Components/hts221/hts221.o
 .ARM.attributes
                0x000000000000021e       0x39 Drivers/BSP/Components/lis3mdl/lis3mdl.o
 .ARM.attributes
                0x0000000000000257       0x39 Drivers/BSP/Components/lps22hb/lps22hb.o
 .ARM.attributes
                0x0000000000000290       0x39 Drivers/BSP/Components/lsm6dsl/lsm6dsl.o
 .ARM.attributes
                0x00000000000002c9       0x39 Drivers/STM32L4xx_HAL_Driver/Src/stm32l4xx_hal.o
 .ARM.attributes
                0x0000000000000302       0x39 Drivers/STM32L4xx_HAL_Driver/Src/stm32l4xx_hal_cortex.o
 .ARM.attributes
                0x000000000000033b       0x39 Drivers/STM32L4xx_HAL_Driver/Src/stm32l4xx_hal_gpio.o
 .ARM.attributes
                0x0000000000000374       0x39 Drivers/STM32L4xx_HAL_Driver/Src/stm32l4xx_hal_i2c.o
 .ARM.attributes
                0x00000000000003ad       0x39 Drivers/STM32L4xx_HAL_Driver/Src/stm32l4xx_hal_i2c_ex.o
 .ARM.attributes
                0x00000000000003e6       0x39 Drivers/STM32L4xx_HAL_Driver/Src/stm32l4xx_hal_pwr_ex.o
 .ARM.attributes
                0x000000000000041f       0x39 Drivers/STM32L4xx_HAL_Driver/Src/stm32l4xx_hal_rcc.o
 .ARM.attributes
                0x0000000000000458       0x39 Drivers/STM32L4xx_HAL_Driver/Src/stm32l4xx_hal_rcc_ex.o
 .ARM.attributes
                0x0000000000000491       0x39 Drivers/STM32L4xx_HAL_Driver/Src/stm32l4xx_hal_tim.o
 .ARM.attributes
                0x00000000000004ca       0x39 Drivers/STM32L4xx_HAL_Driver/Src/stm32l4xx_hal_tim_ex.o
 .ARM.attributes
                0x0000000000000503       0x39 Drivers/STM32L4xx_HAL_Driver/Src/stm32l4xx_hal_uart.o
 .ARM.attributes
                0x000000000000053c       0x39 Middlewares/Third_Party/FreeRTOS/Source/CMSIS_RTOS/cmsis_os.o
 .ARM.attributes
                0x0000000000000575       0x39 Middlewares/Third_Party/FreeRTOS/Source/list.o
 .ARM.attributes
                0x00000000000005ae       0x39 Middlewares/Third_Party/FreeRTOS/Source/tasks.o
 .ARM.attributes
                0x00000000000005e7       0x39 Middlewares/Third_Party/FreeRTOS/Source/portable/GCC/ARM_CM4F/port.o
 .ARM.attributes
                0x0000000000000620       0x39 Middlewares/Third_Party/FreeRTOS/Source/portable/MemMang/heap_4.o
 .ARM.attributes
                0x0000000000000659       0x39 Src/freertos.o
 .ARM.attributes
                0x0000000000000692       0x39 Src/main.o
 .ARM.attributes
                0x00000000000006cb       0x39 Src/stm32l4xx_hal_msp.o
 .ARM.attributes
                0x0000000000000704       0x39 Src/stm32l4xx_hal_timebase_tim.o
 .ARM.attributes
                0x000000000000073d       0x39 Src/stm32l4xx_it.o
 .ARM.attributes
                0x0000000000000776       0x39 Src/sysmem.o
 .ARM.attributes
                0x00000000000007af       0x39 Src/system_stm32l4xx.o
 .ARM.attributes
                0x00000000000007e8       0x21 Startup/startup_stm32l475vgtx.o
 .ARM.attributes
                0x0000000000000809       0x34 /Applications/STM32CubeIDE.app/Contents/Eclipse/plugins/com.st.stm32cube.ide.mcu.externaltools.gnu-tools-for-stm32.7-2018-q2-update.macos64_1.4.0.202007081208/tools/bin/../lib/gcc/arm-none-eabi/7.3.1/../../../../arm-none-eabi/lib/thumb/v7e-m/fpv4-sp/hard/libc_nano.a(lib_a-errno.o)
 .ARM.attributes
                0x000000000000083d       0x34 /Applications/STM32CubeIDE.app/Contents/Eclipse/plugins/com.st.stm32cube.ide.mcu.externaltools.gnu-tools-for-stm32.7-2018-q2-update.macos64_1.4.0.202007081208/tools/bin/../lib/gcc/arm-none-eabi/7.3.1/../../../../arm-none-eabi/lib/thumb/v7e-m/fpv4-sp/hard/libc_nano.a(lib_a-impure.o)
 .ARM.attributes
                0x0000000000000871       0x34 /Applications/STM32CubeIDE.app/Contents/Eclipse/plugins/com.st.stm32cube.ide.mcu.externaltools.gnu-tools-for-stm32.7-2018-q2-update.macos64_1.4.0.202007081208/tools/bin/../lib/gcc/arm-none-eabi/7.3.1/../../../../arm-none-eabi/lib/thumb/v7e-m/fpv4-sp/hard/libc_nano.a(lib_a-init.o)
 .ARM.attributes
                0x00000000000008a5       0x34 /Applications/STM32CubeIDE.app/Contents/Eclipse/plugins/com.st.stm32cube.ide.mcu.externaltools.gnu-tools-for-stm32.7-2018-q2-update.macos64_1.4.0.202007081208/tools/bin/../lib/gcc/arm-none-eabi/7.3.1/../../../../arm-none-eabi/lib/thumb/v7e-m/fpv4-sp/hard/libc_nano.a(lib_a-memcpy-stub.o)
 .ARM.attributes
                0x00000000000008d9       0x34 /Applications/STM32CubeIDE.app/Contents/Eclipse/plugins/com.st.stm32cube.ide.mcu.externaltools.gnu-tools-for-stm32.7-2018-q2-update.macos64_1.4.0.202007081208/tools/bin/../lib/gcc/arm-none-eabi/7.3.1/../../../../arm-none-eabi/lib/thumb/v7e-m/fpv4-sp/hard/libc_nano.a(lib_a-memset.o)
 .ARM.attributes
                0x000000000000090d       0x34 /Applications/STM32CubeIDE.app/Contents/Eclipse/plugins/com.st.stm32cube.ide.mcu.externaltools.gnu-tools-for-stm32.7-2018-q2-update.macos64_1.4.0.202007081208/tools/bin/../lib/gcc/arm-none-eabi/7.3.1/../../../../arm-none-eabi/lib/thumb/v7e-m/fpv4-sp/hard/libc_nano.a(lib_a-sprintf.o)
 .ARM.attributes
                0x0000000000000941       0x34 /Applications/STM32CubeIDE.app/Contents/Eclipse/plugins/com.st.stm32cube.ide.mcu.externaltools.gnu-tools-for-stm32.7-2018-q2-update.macos64_1.4.0.202007081208/tools/bin/../lib/gcc/arm-none-eabi/7.3.1/../../../../arm-none-eabi/lib/thumb/v7e-m/fpv4-sp/hard/libc_nano.a(lib_a-strcat.o)
 .ARM.attributes
                0x0000000000000975       0x1b /Applications/STM32CubeIDE.app/Contents/Eclipse/plugins/com.st.stm32cube.ide.mcu.externaltools.gnu-tools-for-stm32.7-2018-q2-update.macos64_1.4.0.202007081208/tools/bin/../lib/gcc/arm-none-eabi/7.3.1/../../../../arm-none-eabi/lib/thumb/v7e-m/fpv4-sp/hard/libc_nano.a(lib_a-strlen.o)
 .ARM.attributes
                0x0000000000000990       0x34 /Applications/STM32CubeIDE.app/Contents/Eclipse/plugins/com.st.stm32cube.ide.mcu.externaltools.gnu-tools-for-stm32.7-2018-q2-update.macos64_1.4.0.202007081208/tools/bin/../lib/gcc/arm-none-eabi/7.3.1/../../../../arm-none-eabi/lib/thumb/v7e-m/fpv4-sp/hard/libc_nano.a(lib_a-nano-svfprintf.o)
 .ARM.attributes
                0x00000000000009c4       0x34 /Applications/STM32CubeIDE.app/Contents/Eclipse/plugins/com.st.stm32cube.ide.mcu.externaltools.gnu-tools-for-stm32.7-2018-q2-update.macos64_1.4.0.202007081208/tools/bin/../lib/gcc/arm-none-eabi/7.3.1/../../../../arm-none-eabi/lib/thumb/v7e-m/fpv4-sp/hard/libc_nano.a(lib_a-nano-vfprintf_i.o)
 .ARM.attributes
                0x00000000000009f8       0x20 /Applications/STM32CubeIDE.app/Contents/Eclipse/plugins/com.st.stm32cube.ide.mcu.externaltools.gnu-tools-for-stm32.7-2018-q2-update.macos64_1.4.0.202007081208/tools/bin/../lib/gcc/arm-none-eabi/7.3.1/../../../../arm-none-eabi/lib/thumb/v7e-m/fpv4-sp/hard/libc_nano.a(lib_a-memchr.o)
 .ARM.attributes
                0x0000000000000a18       0x34 /Applications/STM32CubeIDE.app/Contents/Eclipse/plugins/com.st.stm32cube.ide.mcu.externaltools.gnu-tools-for-stm32.7-2018-q2-update.macos64_1.4.0.202007081208/tools/bin/../lib/gcc/arm-none-eabi/7.3.1/../../../../arm-none-eabi/lib/thumb/v7e-m/fpv4-sp/hard/libc_nano.a(lib_a-memmove.o)
 .ARM.attributes
                0x0000000000000a4c       0x34 /Applications/STM32CubeIDE.app/Contents/Eclipse/plugins/com.st.stm32cube.ide.mcu.externaltools.gnu-tools-for-stm32.7-2018-q2-update.macos64_1.4.0.202007081208/tools/bin/../lib/gcc/arm-none-eabi/7.3.1/../../../../arm-none-eabi/lib/thumb/v7e-m/fpv4-sp/hard/libc_nano.a(lib_a-nano-freer.o)
 .ARM.attributes
                0x0000000000000a80       0x34 /Applications/STM32CubeIDE.app/Contents/Eclipse/plugins/com.st.stm32cube.ide.mcu.externaltools.gnu-tools-for-stm32.7-2018-q2-update.macos64_1.4.0.202007081208/tools/bin/../lib/gcc/arm-none-eabi/7.3.1/../../../../arm-none-eabi/lib/thumb/v7e-m/fpv4-sp/hard/libc_nano.a(lib_a-nano-mallocr.o)
 .ARM.attributes
                0x0000000000000ab4       0x34 /Applications/STM32CubeIDE.app/Contents/Eclipse/plugins/com.st.stm32cube.ide.mcu.externaltools.gnu-tools-for-stm32.7-2018-q2-update.macos64_1.4.0.202007081208/tools/bin/../lib/gcc/arm-none-eabi/7.3.1/../../../../arm-none-eabi/lib/thumb/v7e-m/fpv4-sp/hard/libc_nano.a(lib_a-nano-reallocr.o)
 .ARM.attributes
                0x0000000000000ae8       0x34 /Applications/STM32CubeIDE.app/Contents/Eclipse/plugins/com.st.stm32cube.ide.mcu.externaltools.gnu-tools-for-stm32.7-2018-q2-update.macos64_1.4.0.202007081208/tools/bin/../lib/gcc/arm-none-eabi/7.3.1/../../../../arm-none-eabi/lib/thumb/v7e-m/fpv4-sp/hard/libc_nano.a(lib_a-sbrkr.o)
 .ARM.attributes
                0x0000000000000b1c       0x34 /Applications/STM32CubeIDE.app/Contents/Eclipse/plugins/com.st.stm32cube.ide.mcu.externaltools.gnu-tools-for-stm32.7-2018-q2-update.macos64_1.4.0.202007081208/tools/bin/../lib/gcc/arm-none-eabi/7.3.1/../../../../arm-none-eabi/lib/thumb/v7e-m/fpv4-sp/hard/libc_nano.a(lib_a-mlock.o)
 .ARM.attributes
                0x0000000000000b50       0x34 /Applications/STM32CubeIDE.app/Contents/Eclipse/plugins/com.st.stm32cube.ide.mcu.externaltools.gnu-tools-for-stm32.7-2018-q2-update.macos64_1.4.0.202007081208/tools/bin/../lib/gcc/arm-none-eabi/7.3.1/../../../../arm-none-eabi/lib/thumb/v7e-m/fpv4-sp/hard/libc_nano.a(lib_a-nano-msizer.o)
 .ARM.attributes
                0x0000000000000b84       0x34 /Applications/STM32CubeIDE.app/Contents/Eclipse/plugins/com.st.stm32cube.ide.mcu.externaltools.gnu-tools-for-stm32.7-2018-q2-update.macos64_1.4.0.202007081208/tools/bin/../lib/gcc/arm-none-eabi/7.3.1/../../../../arm-none-eabi/lib/thumb/v7e-m/fpv4-sp/hard/libc_nano.a(lib_a-reent.o)
 .ARM.attributes
                0x0000000000000bb8       0x22 /Applications/STM32CubeIDE.app/Contents/Eclipse/plugins/com.st.stm32cube.ide.mcu.externaltools.gnu-tools-for-stm32.7-2018-q2-update.macos64_1.4.0.202007081208/tools/bin/../lib/gcc/arm-none-eabi/7.3.1/thumb/v7e-m/fpv4-sp/hard/libgcc.a(_aeabi_uldivmod.o)
 .ARM.attributes
                0x0000000000000bda       0x34 /Applications/STM32CubeIDE.app/Contents/Eclipse/plugins/com.st.stm32cube.ide.mcu.externaltools.gnu-tools-for-stm32.7-2018-q2-update.macos64_1.4.0.202007081208/tools/bin/../lib/gcc/arm-none-eabi/7.3.1/thumb/v7e-m/fpv4-sp/hard/libgcc.a(_udivmoddi4.o)
 .ARM.attributes
                0x0000000000000c0e       0x22 /Applications/STM32CubeIDE.app/Contents/Eclipse/plugins/com.st.stm32cube.ide.mcu.externaltools.gnu-tools-for-stm32.7-2018-q2-update.macos64_1.4.0.202007081208/tools/bin/../lib/gcc/arm-none-eabi/7.3.1/thumb/v7e-m/fpv4-sp/hard/libgcc.a(_dvmd_tls.o)
 .ARM.attributes
                0x0000000000000c30       0x22 /Applications/STM32CubeIDE.app/Contents/Eclipse/plugins/com.st.stm32cube.ide.mcu.externaltools.gnu-tools-for-stm32.7-2018-q2-update.macos64_1.4.0.202007081208/tools/bin/../lib/gcc/arm-none-eabi/7.3.1/thumb/v7e-m/fpv4-sp/hard/crtn.o
OUTPUT(Lab7-FreeRTOS.elf elf32-littlearm)

.debug_info     0x0000000000000000    0x1e0fb
 .debug_info    0x0000000000000000     0x1a64 Drivers/BSP/B-L475E-IOT01/stm32l475e_iot01.o
 .debug_info    0x0000000000001a64      0x651 Drivers/BSP/B-L475E-IOT01/stm32l475e_iot01_accelero.o
 .debug_info    0x00000000000020b5      0x63a Drivers/BSP/B-L475E-IOT01/stm32l475e_iot01_gyro.o
 .debug_info    0x00000000000026ef      0x4c3 Drivers/BSP/B-L475E-IOT01/stm32l475e_iot01_hsensor.o
 .debug_info    0x0000000000002bb2      0x525 Drivers/BSP/B-L475E-IOT01/stm32l475e_iot01_magneto.o
 .debug_info    0x00000000000030d7      0x4c3 Drivers/BSP/B-L475E-IOT01/stm32l475e_iot01_psensor.o
 .debug_info    0x000000000000359a      0x4ae Drivers/BSP/B-L475E-IOT01/stm32l475e_iot01_tsensor.o
 .debug_info    0x0000000000003a48      0x462 Drivers/BSP/Components/hts221/hts221.o
 .debug_info    0x0000000000003eaa      0x355 Drivers/BSP/Components/lis3mdl/lis3mdl.o
 .debug_info    0x00000000000041ff      0x40c Drivers/BSP/Components/lps22hb/lps22hb.o
 .debug_info    0x000000000000460b      0x540 Drivers/BSP/Components/lsm6dsl/lsm6dsl.o
 .debug_info    0x0000000000004b4b      0xc1a Drivers/STM32L4xx_HAL_Driver/Src/stm32l4xx_hal.o
 .debug_info    0x0000000000005765      0xf67 Drivers/STM32L4xx_HAL_Driver/Src/stm32l4xx_hal_cortex.o
 .debug_info    0x00000000000066cc      0x9c2 Drivers/STM32L4xx_HAL_Driver/Src/stm32l4xx_hal_gpio.o
 .debug_info    0x000000000000708e     0x210d Drivers/STM32L4xx_HAL_Driver/Src/stm32l4xx_hal_i2c.o
 .debug_info    0x000000000000919b      0xb72 Drivers/STM32L4xx_HAL_Driver/Src/stm32l4xx_hal_i2c_ex.o
 .debug_info    0x0000000000009d0d      0xb35 Drivers/STM32L4xx_HAL_Driver/Src/stm32l4xx_hal_pwr_ex.o
 .debug_info    0x000000000000a842      0xd2f Drivers/STM32L4xx_HAL_Driver/Src/stm32l4xx_hal_rcc.o
 .debug_info    0x000000000000b571      0xf41 Drivers/STM32L4xx_HAL_Driver/Src/stm32l4xx_hal_rcc_ex.o
 .debug_info    0x000000000000c4b2     0x2a61 Drivers/STM32L4xx_HAL_Driver/Src/stm32l4xx_hal_tim.o
 .debug_info    0x000000000000ef13     0x167e Drivers/STM32L4xx_HAL_Driver/Src/stm32l4xx_hal_tim_ex.o
 .debug_info    0x0000000000010591     0x1830 Drivers/STM32L4xx_HAL_Driver/Src/stm32l4xx_hal_uart.o
 .debug_info    0x0000000000011dc1     0x1e80 Middlewares/Third_Party/FreeRTOS/Source/CMSIS_RTOS/cmsis_os.o
 .debug_info    0x0000000000013c41      0xacb Middlewares/Third_Party/FreeRTOS/Source/list.o
 .debug_info    0x000000000001470c     0x2494 Middlewares/Third_Party/FreeRTOS/Source/tasks.o
 .debug_info    0x0000000000016ba0      0x533 Middlewares/Third_Party/FreeRTOS/Source/portable/GCC/ARM_CM4F/port.o
 .debug_info    0x00000000000170d3      0xbea Middlewares/Third_Party/FreeRTOS/Source/portable/MemMang/heap_4.o
 .debug_info    0x0000000000017cbd      0x483 Src/freertos.o
 .debug_info    0x0000000000018140     0x29b4 Src/main.o
 .debug_info    0x000000000001aaf4      0xf09 Src/stm32l4xx_hal_msp.o
 .debug_info    0x000000000001b9fd      0xd6b Src/stm32l4xx_hal_timebase_tim.o
 .debug_info    0x000000000001c768      0x8c5 Src/stm32l4xx_it.o
 .debug_info    0x000000000001d02d      0x985 Src/sysmem.o
 .debug_info    0x000000000001d9b2      0x727 Src/system_stm32l4xx.o
 .debug_info    0x000000000001e0d9       0x22 Startup/startup_stm32l475vgtx.o

.debug_abbrev   0x0000000000000000     0x3f29
 .debug_abbrev  0x0000000000000000      0x26f Drivers/BSP/B-L475E-IOT01/stm32l475e_iot01.o
 .debug_abbrev  0x000000000000026f      0x15f Drivers/BSP/B-L475E-IOT01/stm32l475e_iot01_accelero.o
 .debug_abbrev  0x00000000000003ce      0x15f Drivers/BSP/B-L475E-IOT01/stm32l475e_iot01_gyro.o
 .debug_abbrev  0x000000000000052d      0x128 Drivers/BSP/B-L475E-IOT01/stm32l475e_iot01_hsensor.o
 .debug_abbrev  0x0000000000000655      0x15f Drivers/BSP/B-L475E-IOT01/stm32l475e_iot01_magneto.o
 .debug_abbrev  0x00000000000007b4      0x128 Drivers/BSP/B-L475E-IOT01/stm32l475e_iot01_psensor.o
 .debug_abbrev  0x00000000000008dc      0x128 Drivers/BSP/B-L475E-IOT01/stm32l475e_iot01_tsensor.o
 .debug_abbrev  0x0000000000000a04      0x125 Drivers/BSP/Components/hts221/hts221.o
 .debug_abbrev  0x0000000000000b29      0x133 Drivers/BSP/Components/lis3mdl/lis3mdl.o
 .debug_abbrev  0x0000000000000c5c      0x13d Drivers/BSP/Components/lps22hb/lps22hb.o
 .debug_abbrev  0x0000000000000d99      0x194 Drivers/BSP/Components/lsm6dsl/lsm6dsl.o
 .debug_abbrev  0x0000000000000f2d      0x1fb Drivers/STM32L4xx_HAL_Driver/Src/stm32l4xx_hal.o
 .debug_abbrev  0x0000000000001128      0x2fa Drivers/STM32L4xx_HAL_Driver/Src/stm32l4xx_hal_cortex.o
 .debug_abbrev  0x0000000000001422      0x1c0 Drivers/STM32L4xx_HAL_Driver/Src/stm32l4xx_hal_gpio.o
 .debug_abbrev  0x00000000000015e2      0x22a Drivers/STM32L4xx_HAL_Driver/Src/stm32l4xx_hal_i2c.o
 .debug_abbrev  0x000000000000180c      0x1b9 Drivers/STM32L4xx_HAL_Driver/Src/stm32l4xx_hal_i2c_ex.o
 .debug_abbrev  0x00000000000019c5      0x1cb Drivers/STM32L4xx_HAL_Driver/Src/stm32l4xx_hal_pwr_ex.o
 .debug_abbrev  0x0000000000001b90      0x245 Drivers/STM32L4xx_HAL_Driver/Src/stm32l4xx_hal_rcc.o
 .debug_abbrev  0x0000000000001dd5      0x238 Drivers/STM32L4xx_HAL_Driver/Src/stm32l4xx_hal_rcc_ex.o
 .debug_abbrev  0x000000000000200d      0x230 Drivers/STM32L4xx_HAL_Driver/Src/stm32l4xx_hal_tim.o
 .debug_abbrev  0x000000000000223d      0x236 Drivers/STM32L4xx_HAL_Driver/Src/stm32l4xx_hal_tim_ex.o
 .debug_abbrev  0x0000000000002473      0x205 Drivers/STM32L4xx_HAL_Driver/Src/stm32l4xx_hal_uart.o
 .debug_abbrev  0x0000000000002678      0x386 Middlewares/Third_Party/FreeRTOS/Source/CMSIS_RTOS/cmsis_os.o
 .debug_abbrev  0x00000000000029fe      0x1cf Middlewares/Third_Party/FreeRTOS/Source/list.o
 .debug_abbrev  0x0000000000002bcd      0x338 Middlewares/Third_Party/FreeRTOS/Source/tasks.o
 .debug_abbrev  0x0000000000002f05      0x210 Middlewares/Third_Party/FreeRTOS/Source/portable/GCC/ARM_CM4F/port.o
 .debug_abbrev  0x0000000000003115      0x29e Middlewares/Third_Party/FreeRTOS/Source/portable/MemMang/heap_4.o
 .debug_abbrev  0x00000000000033b3      0x125 Src/freertos.o
 .debug_abbrev  0x00000000000034d8      0x2c6 Src/main.o
 .debug_abbrev  0x000000000000379e      0x197 Src/stm32l4xx_hal_msp.o
 .debug_abbrev  0x0000000000003935      0x19d Src/stm32l4xx_hal_timebase_tim.o
 .debug_abbrev  0x0000000000003ad2      0x15a Src/stm32l4xx_it.o
 .debug_abbrev  0x0000000000003c2c      0x19b Src/sysmem.o
 .debug_abbrev  0x0000000000003dc7      0x150 Src/system_stm32l4xx.o
 .debug_abbrev  0x0000000000003f17       0x12 Startup/startup_stm32l475vgtx.o

.debug_aranges  0x0000000000000000     0x1960
 .debug_aranges
                0x0000000000000000      0x130 Drivers/BSP/B-L475E-IOT01/stm32l475e_iot01.o
 .debug_aranges
                0x0000000000000130       0x38 Drivers/BSP/B-L475E-IOT01/stm32l475e_iot01_accelero.o
 .debug_aranges
                0x0000000000000168       0x38 Drivers/BSP/B-L475E-IOT01/stm32l475e_iot01_gyro.o
 .debug_aranges
                0x00000000000001a0       0x30 Drivers/BSP/B-L475E-IOT01/stm32l475e_iot01_hsensor.o
 .debug_aranges
                0x00000000000001d0       0x38 Drivers/BSP/B-L475E-IOT01/stm32l475e_iot01_magneto.o
 .debug_aranges
                0x0000000000000208       0x30 Drivers/BSP/B-L475E-IOT01/stm32l475e_iot01_psensor.o
 .debug_aranges
                0x0000000000000238       0x28 Drivers/BSP/B-L475E-IOT01/stm32l475e_iot01_tsensor.o
 .debug_aranges
                0x0000000000000260       0x40 Drivers/BSP/Components/hts221/hts221.o
 .debug_aranges
                0x00000000000002a0       0x40 Drivers/BSP/Components/lis3mdl/lis3mdl.o
 .debug_aranges
                0x00000000000002e0       0x48 Drivers/BSP/Components/lps22hb/lps22hb.o
 .debug_aranges
                0x0000000000000328       0x68 Drivers/BSP/Components/lsm6dsl/lsm6dsl.o
 .debug_aranges
                0x0000000000000390      0x130 Drivers/STM32L4xx_HAL_Driver/Src/stm32l4xx_hal.o
 .debug_aranges
                0x00000000000004c0      0x118 Drivers/STM32L4xx_HAL_Driver/Src/stm32l4xx_hal_cortex.o
 .debug_aranges
                0x00000000000005d8       0x58 Drivers/STM32L4xx_HAL_Driver/Src/stm32l4xx_hal_gpio.o
 .debug_aranges
                0x0000000000000630      0x290 Drivers/STM32L4xx_HAL_Driver/Src/stm32l4xx_hal_i2c.o
 .debug_aranges
                0x00000000000008c0       0x48 Drivers/STM32L4xx_HAL_Driver/Src/stm32l4xx_hal_i2c_ex.o
 .debug_aranges
                0x0000000000000908      0x150 Drivers/STM32L4xx_HAL_Driver/Src/stm32l4xx_hal_pwr_ex.o
 .debug_aranges
                0x0000000000000a58       0x88 Drivers/STM32L4xx_HAL_Driver/Src/stm32l4xx_hal_rcc.o
 .debug_aranges
                0x0000000000000ae0       0xc0 Drivers/STM32L4xx_HAL_Driver/Src/stm32l4xx_hal_rcc_ex.o
 .debug_aranges
                0x0000000000000ba0      0x3e0 Drivers/STM32L4xx_HAL_Driver/Src/stm32l4xx_hal_tim.o
 .debug_aranges
                0x0000000000000f80      0x180 Drivers/STM32L4xx_HAL_Driver/Src/stm32l4xx_hal_tim_ex.o
 .debug_aranges
                0x0000000000001100      0x210 Drivers/STM32L4xx_HAL_Driver/Src/stm32l4xx_hal_uart.o
 .debug_aranges
                0x0000000000001310      0x1d8 Middlewares/Third_Party/FreeRTOS/Source/CMSIS_RTOS/cmsis_os.o
 .debug_aranges
                0x00000000000014e8       0x40 Middlewares/Third_Party/FreeRTOS/Source/list.o
 .debug_aranges
                0x0000000000001528      0x1a8 Middlewares/Third_Party/FreeRTOS/Source/tasks.o
 .debug_aranges
                0x00000000000016d0       0x80 Middlewares/Third_Party/FreeRTOS/Source/portable/GCC/ARM_CM4F/port.o
 .debug_aranges
                0x0000000000001750       0x50 Middlewares/Third_Party/FreeRTOS/Source/portable/MemMang/heap_4.o
 .debug_aranges
                0x00000000000017a0       0x20 Src/freertos.o
 .debug_aranges
                0x00000000000017c0       0x68 Src/main.o
 .debug_aranges
                0x0000000000001828       0x40 Src/stm32l4xx_hal_msp.o
 .debug_aranges
                0x0000000000001868       0x30 Src/stm32l4xx_hal_timebase_tim.o
 .debug_aranges
                0x0000000000001898       0x58 Src/stm32l4xx_it.o
 .debug_aranges
                0x00000000000018f0       0x20 Src/sysmem.o
 .debug_aranges
                0x0000000000001910       0x28 Src/system_stm32l4xx.o
 .debug_aranges
                0x0000000000001938       0x28 Startup/startup_stm32l475vgtx.o

.debug_ranges   0x0000000000000000     0x1738
 .debug_ranges  0x0000000000000000      0x120 Drivers/BSP/B-L475E-IOT01/stm32l475e_iot01.o
 .debug_ranges  0x0000000000000120       0x28 Drivers/BSP/B-L475E-IOT01/stm32l475e_iot01_accelero.o