Archive member included to satisfy reference by file (symbol)

/Applications/STM32CubeIDE.app/Contents/Eclipse/plugins/com.st.stm32cube.ide.mcu.externaltools.gnu-tools-for-stm32.7-2018-q2-update.macos64_1.4.0.202007081208/tools/bin/../lib/gcc/arm-none-eabi/7.3.1/../../../../arm-none-eabi/lib/thumb/v7e-m/fpv4-sp/hard/libc_nano.a(lib_a-errno.o)
                              Src/syscalls.o (__errno)
/Applications/STM32CubeIDE.app/Contents/Eclipse/plugins/com.st.stm32cube.ide.mcu.externaltools.gnu-tools-for-stm32.7-2018-q2-update.macos64_1.4.0.202007081208/tools/bin/../lib/gcc/arm-none-eabi/7.3.1/../../../../arm-none-eabi/lib/thumb/v7e-m/fpv4-sp/hard/libc_nano.a(lib_a-exit.o)
                              /Applications/STM32CubeIDE.app/Contents/Eclipse/plugins/com.st.stm32cube.ide.mcu.externaltools.gnu-tools-for-stm32.7-2018-q2-update.macos64_1.4.0.202007081208/tools/bin/../lib/gcc/arm-none-eabi/7.3.1/../../../../arm-none-eabi/lib/thumb/v7e-m/fpv4-sp/hard/crt0.o (exit)
/Applications/STM32CubeIDE.app/Contents/Eclipse/plugins/com.st.stm32cube.ide.mcu.externaltools.gnu-tools-for-stm32.7-2018-q2-update.macos64_1.4.0.202007081208/tools/bin/../lib/gcc/arm-none-eabi/7.3.1/../../../../arm-none-eabi/lib/thumb/v7e-m/fpv4-sp/hard/libc_nano.a(lib_a-impure.o)
                              /Applications/STM32CubeIDE.app/Contents/Eclipse/plugins/com.st.stm32cube.ide.mcu.externaltools.gnu-tools-for-stm32.7-2018-q2-update.macos64_1.4.0.202007081208/tools/bin/../lib/gcc/arm-none-eabi/7.3.1/../../../../arm-none-eabi/lib/thumb/v7e-m/fpv4-sp/hard/libc_nano.a(lib_a-exit.o) (_global_impure_ptr)
/Applications/STM32CubeIDE.app/Contents/Eclipse/plugins/com.st.stm32cube.ide.mcu.externaltools.gnu-tools-for-stm32.7-2018-q2-update.macos64_1.4.0.202007081208/tools/bin/../lib/gcc/arm-none-eabi/7.3.1/../../../../arm-none-eabi/lib/thumb/v7e-m/fpv4-sp/hard/libc_nano.a(lib_a-init.o)
                              /Applications/STM32CubeIDE.app/Contents/Eclipse/plugins/com.st.stm32cube.ide.mcu.externaltools.gnu-tools-for-stm32.7-2018-q2-update.macos64_1.4.0.202007081208/tools/bin/../lib/gcc/arm-none-eabi/7.3.1/../../../../arm-none-eabi/lib/thumb/v7e-m/fpv4-sp/hard/crt0.o (__libc_init_array)
/Applications/STM32CubeIDE.app/Contents/Eclipse/plugins/com.st.stm32cube.ide.mcu.externaltools.gnu-tools-for-stm32.7-2018-q2-update.macos64_1.4.0.202007081208/tools/bin/../lib/gcc/arm-none-eabi/7.3.1/../../../../arm-none-eabi/lib/thumb/v7e-m/fpv4-sp/hard/libc_nano.a(lib_a-memset.o)
                              /Applications/STM32CubeIDE.app/Contents/Eclipse/plugins/com.st.stm32cube.ide.mcu.externaltools.gnu-tools-for-stm32.7-2018-q2-update.macos64_1.4.0.202007081208/tools/bin/../lib/gcc/arm-none-eabi/7.3.1/../../../../arm-none-eabi/lib/thumb/v7e-m/fpv4-sp/hard/crt0.o (memset)
/Applications/STM32CubeIDE.app/Contents/Eclipse/plugins/com.st.stm32cube.ide.mcu.externaltools.gnu-tools-for-stm32.7-2018-q2-update.macos64_1.4.0.202007081208/tools/bin/../lib/gcc/arm-none-eabi/7.3.1/../../../../arm-none-eabi/lib/thumb/v7e-m/fpv4-sp/hard/libc_nano.a(lib_a-sprintf.o)
                              Src/main.o (sprintf)
/Applications/STM32CubeIDE.app/Contents/Eclipse/plugins/com.st.stm32cube.ide.mcu.externaltools.gnu-tools-for-stm32.7-2018-q2-update.macos64_1.4.0.202007081208/tools/bin/../lib/gcc/arm-none-eabi/7.3.1/../../../../arm-none-eabi/lib/thumb/v7e-m/fpv4-sp/hard/libc_nano.a(lib_a-strcat.o)
                              Src/main.o (strcat)
/Applications/STM32CubeIDE.app/Contents/Eclipse/plugins/com.st.stm32cube.ide.mcu.externaltools.gnu-tools-for-stm32.7-2018-q2-update.macos64_1.4.0.202007081208/tools/bin/../lib/gcc/arm-none-eabi/7.3.1/../../../../arm-none-eabi/lib/thumb/v7e-m/fpv4-sp/hard/libc_nano.a(lib_a-strlen.o)
                              Src/main.o (strlen)
/Applications/STM32CubeIDE.app/Contents/Eclipse/plugins/com.st.stm32cube.ide.mcu.externaltools.gnu-tools-for-stm32.7-2018-q2-update.macos64_1.4.0.202007081208/tools/bin/../lib/gcc/arm-none-eabi/7.3.1/../../../../arm-none-eabi/lib/thumb/v7e-m/fpv4-sp/hard/libc_nano.a(lib_a-nano-svfprintf.o)
                              /Applications/STM32CubeIDE.app/Contents/Eclipse/plugins/com.st.stm32cube.ide.mcu.externaltools.gnu-tools-for-stm32.7-2018-q2-update.macos64_1.4.0.202007081208/tools/bin/../lib/gcc/arm-none-eabi/7.3.1/../../../../arm-none-eabi/lib/thumb/v7e-m/fpv4-sp/hard/libc_nano.a(lib_a-sprintf.o) (_svfprintf_r)
/Applications/STM32CubeIDE.app/Contents/Eclipse/plugins/com.st.stm32cube.ide.mcu.externaltools.gnu-tools-for-stm32.7-2018-q2-update.macos64_1.4.0.202007081208/tools/bin/../lib/gcc/arm-none-eabi/7.3.1/../../../../arm-none-eabi/lib/thumb/v7e-m/fpv4-sp/hard/libc_nano.a(lib_a-nano-vfprintf_i.o)
[...]
Memory Configuration

Name             Origin             Length             Attributes
RAM              0x0000000020000000 0x0000000000018000 xrw
RAM2             0x0000000010000000 0x0000000000008000 xrw
FLASH            0x0000000008000000 0x0000000000100000 xr
*default*        0x0000000000000000 0xffffffffffffffff

Linker script and memory map

LOAD /Applications/STM32CubeIDE.app/Contents/Eclipse/plugins/com.st.stm32cube.ide.mcu.externaltools.gnu-tools-for-stm32.7-2018-q2-update.macos64_1.4.0.202007081208/tools/bin/../lib/gcc/arm-none-eabi/7.3.1/thumb/v7e-m/fpv4-sp/hard/crti.o
LOAD /Applications/STM32CubeIDE.app/Contents/Eclipse/plugins/com.st.stm32cube.ide.mcu.externaltools.gnu-tools-for-stm32.7-2018-q2-update.macos64_1.4.0.202007081208/tools/bin/../lib/gcc/arm-none-eabi/7.3.1/thumb/v7e-m/fpv4-sp/hard/crtbegin.o
LOAD /Applications/STM32CubeIDE.app/Contents/Eclipse/plugins/com.st.stm32cube.ide.mcu.externaltools.gnu-tools-for-stm32.7-2018-q2-update.macos64_1.4.0.202007081208/tools/bin/../lib/gcc/arm-none-eabi/7.3.1/../../../../arm-none-eabi/lib/thumb/v7e-m/fpv4-sp/hard/crt0.o
LOAD Drivers/BSP/B-L475E-IOT01/stm32l475e_iot01.o
LOAD Drivers/BSP/B-L475E-IOT01/stm32l475e_iot01_accelero.o
LOAD Drivers/BSP/B-L475E-IOT01/stm32l475e_iot01_gyro.o
LOAD Drivers/BSP/B-L475E-IOT01/stm32l475e_iot01_hsensor.o
LOAD Drivers/BSP/B-L475E-IOT01/stm32l475e_iot01_magneto.o
LOAD Drivers/BSP/B-L475E-IOT01/stm32l475e_iot01_psensor.o
LOAD Drivers/BSP/B-L475E-IOT01/stm32l475e_iot01_tsensor.o
LOAD Drivers/BSP/Components/hts221/hts221.o
LOAD Drivers/BSP/Components/lis3mdl/lis3mdl.o
LOAD Drivers/BSP/Components/lps22hb/lps22hb.o
LOAD Drivers/BSP/Components/lsm6dsl/lsm6dsl.o
LOAD Drivers/STM32L4xx_HAL_Driver/Src/stm32l4xx_hal.o
LOAD Drivers/STM32L4xx_HAL_Driver/Src/stm32l4xx_hal_cortex.o
LOAD Drivers/STM32L4xx_HAL_Driver/Src/stm32l4xx_hal_dma.o
LOAD Drivers/STM32L4xx_HAL_Driver/Src/stm32l4xx_hal_dma_ex.o
LOAD Drivers/STM32L4xx_HAL_Driver/Src/stm32l4xx_hal_exti.o
LOAD Drivers/STM32L4xx_HAL_Driver/Src/stm32l4xx_hal_flash.o
LOAD Drivers/STM32L4xx_HAL_Driver/Src/stm32l4xx_hal_flash_ex.o
LOAD Drivers/STM32L4xx_HAL_Driver/Src/stm32l4xx_hal_flash_ramfunc.o
LOAD Drivers/STM32L4xx_HAL_Driver/Src/stm32l4xx_hal_gpio.o
LOAD Drivers/STM32L4xx_HAL_Driver/Src/stm32l4xx_hal_i2c.o
LOAD Drivers/STM32L4xx_HAL_Driver/Src/stm32l4xx_hal_i2c_ex.o
LOAD Drivers/STM32L4xx_HAL_Driver/Src/stm32l4xx_hal_pwr.o
LOAD Drivers/STM32L4xx_HAL_Driver/Src/stm32l4xx_hal_pwr_ex.o
LOAD Drivers/STM32L4xx_HAL_Driver/Src/stm32l4xx_hal_rcc.o
LOAD Drivers/STM32L4xx_HAL_Driver/Src/stm32l4xx_hal_rcc_ex.o
LOAD Drivers/STM32L4xx_HAL_Driver/Src/stm32l4xx_hal_tim.o
LOAD Drivers/STM32L4xx_HAL_Driver/Src/stm32l4xx_hal_tim_ex.o
LOAD Drivers/STM32L4xx_HAL_Driver/Src/stm32l4xx_hal_uart.o
LOAD Drivers/STM32L4xx_HAL_Driver/Src/stm32l4xx_hal_uart_ex.o
LOAD Src/main.o
LOAD Src/stm32l4xx_hal_msp.o
LOAD Src/stm32l4xx_it.o
LOAD Src/syscalls.o
LOAD Src/sysmem.o
LOAD Src/system_stm32l4xx.o
LOAD Startup/startup_stm32l475vgtx.o
START GROUP
LOAD /Applications/STM32CubeIDE.app/Contents/Eclipse/plugins/com.st.stm32cube.ide.mcu.externaltools.gnu-tools-for-stm32.7-2018-q2-update.macos64_1.4.0.202007081208/tools/bin/../lib/gcc/arm-none-eabi/7.3.1/../../../../arm-none-eabi/lib/thumb/v7e-m/fpv4-sp/hard/libc_nano.a
LOAD /Applications/STM32CubeIDE.app/Contents/Eclipse/plugins/com.st.stm32cube.ide.mcu.externaltools.gnu-tools-for-stm32.7-2018-q2-update.macos64_1.4.0.202007081208/tools/bin/../lib/gcc/arm-none-eabi/7.3.1/../../../../arm-none-eabi/lib/thumb/v7e-m/fpv4-sp/hard/libm.a
END GROUP
START GROUP
LOAD /Applications/STM32CubeIDE.app/Contents/Eclipse/plugins/com.st.stm32cube.ide.mcu.externaltools.gnu-tools-for-stm32.7-2018-q2-update.macos64_1.4.0.202007081208/tools/bin/../lib/gcc/arm-none-eabi/7.3.1/thumb/v7e-m/fpv4-sp/hard/libgcc.a
LOAD /Applications/STM32CubeIDE.app/Contents/Eclipse/plugins/com.st.stm32cube.ide.mcu.externaltools.gnu-tools-for-stm32.7-2018-q2-update.macos64_1.4.0.202007081208/tools/bin/../lib/gcc/arm-none-eabi/7.3.1/../../../../arm-none-eabi/lib/thumb/v7e-m/fpv4-sp/hard/libc_nano.a
END GROUP
START GROUP
LOAD /Applications/STM32CubeIDE.app/Contents/Eclipse/plugins/com.st.stm32cube.ide.mcu.externaltools.gnu-tools-for-stm32.7-2018-q2-update.macos64_1.4.0.202007081208/tools/bin/../lib/gcc/arm-none-eabi/7.3.1/thumb/v7e-m/fpv4-sp/hard/libgcc.a
LOAD /Applications/STM32CubeIDE.app/Contents/Eclipse/plugins/com.st.stm32cube.ide.mcu.externaltools.gnu-tools-for-stm32.7-2018-q2-update.macos64_1.4.0.202007081208/tools/bin/../lib/gcc/arm-none-eabi/7.3.1/../../../../arm-none-eabi/lib/thumb/v7e-m/fpv4-sp/hard/libc_nano.a
LOAD /Applications/STM32CubeIDE.app/Contents/Eclipse/plugins/com.st.stm32cube.ide.mcu.externaltools.gnu-tools-for-stm32.7-2018-q2-update.macos64_1.4.0.202007081208/tools/bin/../lib/gcc/arm-none-eabi/7.3.1/../../../../arm-none-eabi/lib/thumb/v7e-m/fpv4-sp/hard/libnosys.a
END GROUP
START GROUP
LOAD /Applications/STM32CubeIDE.app/Contents/Eclipse/plugins/com.st.stm32cube.ide.mcu.externaltools.gnu-tools-for-stm32.7-2018-q2-update.macos64_1.4.0.202007081208/tools/bin/../lib/gcc/arm-none-eabi/7.3.1/thumb/v7e-m/fpv4-sp/hard/libgcc.a
LOAD /Applications/STM32CubeIDE.app/Contents/Eclipse/plugins/com.st.stm32cube.ide.mcu.externaltools.gnu-tools-for-stm32.7-2018-q2-update.macos64_1.4.0.202007081208/tools/bin/../lib/gcc/arm-none-eabi/7.3.1/../../../../arm-none-eabi/lib/thumb/v7e-m/fpv4-sp/hard/libc_nano.a
LOAD /Applications/STM32CubeIDE.app/Contents/Eclipse/plugins/com.st.stm32cube.ide.mcu.externaltools.gnu-tools-for-stm32.7-2018-q2-update.macos64_1.4.0.202007081208/tools/bin/../lib/gcc/arm-none-eabi/7.3.1/../../../../arm-none-eabi/lib/thumb/v7e-m/fpv4-sp/hard/libnosys.a
END GROUP
LOAD /Applications/STM32CubeIDE.app/Contents/Eclipse/plugins/com.st.stm32cube.ide.mcu.externaltools.gnu-tools-for-stm32.7-2018-q2-update.macos64_1.4.0.202007081208/tools/bin/../lib/gcc/arm-none-eabi/7.3.1/thumb/v7e-m/fpv4-sp/hard/crtend.o
LOAD /Applications/STM32CubeIDE.app/Contents/Eclipse/plugins/com.st.stm32cube.ide.mcu.externaltools.gnu-tools-for-stm32.7-2018-q2-update.macos64_1.4.0.202007081208/tools/bin/../lib/gcc/arm-none-eabi/7.3.1/thumb/v7e-m/fpv4-sp/hard/crtn.o
                0x0000000020018000                _estack = (ORIGIN (RAM) + LENGTH (RAM))
                0x0000000000000200                _Min_Heap_Size = 0x200
                0x0000000000000400                _Min_Stack_Size = 0x400

.isr_vector     0x0000000008000000      0x188
                0x0000000008000000                . = ALIGN (0x4)
 *(.isr_vector)
 .isr_vector    0x0000000008000000      0x188 Startup/startup_stm32l475vgtx.o
                0x0000000008000000                g_pfnVectors
                0x0000000008000188                . = ALIGN (0x4)

.text           0x0000000008000190     0x59c4
                0x0000000008000190                . = ALIGN (0x4)
 *(.text)
 .text          0x0000000008000190       0x40 /Applications/STM32CubeIDE.app/Contents/Eclipse/plugins/com.st.stm32cube.ide.mcu.externaltools.gnu-tools-for-stm32.7-2018-q2-update.macos64_1.4.0.202007081208/tools/bin/../lib/gcc/arm-none-eabi/7.3.1/thumb/v7e-m/fpv4-sp/hard/crtbegin.o
 .text          0x00000000080001d0       0x10 /Applications/STM32CubeIDE.app/Contents/Eclipse/plugins/com.st.stm32cube.ide.mcu.externaltools.gnu-tools-for-stm32.7-2018-q2-update.macos64_1.4.0.202007081208/tools/bin/../lib/gcc/arm-none-eabi/7.3.1/../../../../arm-none-eabi/lib/thumb/v7e-m/fpv4-sp/hard/libc_nano.a(lib_a-strlen.o)
                0x00000000080001d0                strlen
 .text          0x00000000080001e0       0xa0 /Applications/STM32CubeIDE.app/Contents/Eclipse/plugins/com.st.stm32cube.ide.mcu.externaltools.gnu-tools-for-stm32.7-2018-q2-update.macos64_1.4.0.202007081208/tools/bin/../lib/gcc/arm-none-eabi/7.3.1/../../../../arm-none-eabi/lib/thumb/v7e-m/fpv4-sp/hard/libc_nano.a(lib_a-memchr.o)
                0x00000000080001e0                memchr
 .text          0x0000000008000280       0x30 /Applications/STM32CubeIDE.app/Contents/Eclipse/plugins/com.st.stm32cube.ide.mcu.externaltools.gnu-tools-for-stm32.7-2018-q2-update.macos64_1.4.0.202007081208/tools/bin/../lib/gcc/arm-none-eabi/7.3.1/thumb/v7e-m/fpv4-sp/hard/libgcc.a(_aeabi_uldivmod.o)
                0x0000000008000280                __aeabi_uldivmod
 .text          0x00000000080002b0      0x2cc /Applications/STM32CubeIDE.app/Contents/Eclipse/plugins/com.st.stm32cube.ide.mcu.externaltools.gnu-tools-for-stm32.7-2018-q2-update.macos64_1.4.0.202007081208/tools/bin/../lib/gcc/arm-none-eabi/7.3.1/thumb/v7e-m/fpv4-sp/hard/libgcc.a(_udivmoddi4.o)
                0x00000000080002b0                __udivmoddi4
 .text          0x000000000800057c        0x4 /Applications/STM32CubeIDE.app/Contents/Eclipse/plugins/com.st.stm32cube.ide.mcu.externaltools.gnu-tools-for-stm32.7-2018-q2-update.macos64_1.4.0.202007081208/tools/bin/../lib/gcc/arm-none-eabi/7.3.1/thumb/v7e-m/fpv4-sp/hard/libgcc.a(_dvmd_tls.o)
                0x000000000800057c                __aeabi_ldiv0
                0x000000000800057c                __aeabi_idiv0
 *(.text*)
 .text.I2Cx_MspInit
                0x0000000008000580       0xb0 Drivers/BSP/B-L475E-IOT01/stm32l475e_iot01.o
 .text.I2Cx_Init
                0x0000000008000630       0x5c Drivers/BSP/B-L475E-IOT01/stm32l475e_iot01.o
 .text.I2Cx_ReadMultiple
                0x000000000800068c       0x5a Drivers/BSP/B-L475E-IOT01/stm32l475e_iot01.o
 .text.I2Cx_WriteMultiple
                0x00000000080006e6       0x5a Drivers/BSP/B-L475E-IOT01/stm32l475e_iot01.o
 .text.I2Cx_Error
                0x0000000008000740       0x20 Drivers/BSP/B-L475E-IOT01/stm32l475e_iot01.o
 .text.SENSOR_IO_Init
                0x0000000008000760       0x14 Drivers/BSP/B-L475E-IOT01/stm32l475e_iot01.o
                0x0000000008000760                SENSOR_IO_Init
 .text.SENSOR_IO_Write
                0x0000000008000774       0x34 Drivers/BSP/B-L475E-IOT01/stm32l475e_iot01.o
                0x0000000008000774                SENSOR_IO_Write
 .text.SENSOR_IO_Read
                0x00000000080007a8       0x3c Drivers/BSP/B-L475E-IOT01/stm32l475e_iot01.o
                0x00000000080007a8                SENSOR_IO_Read
 .text.SENSOR_IO_ReadMultiple
                0x00000000080007e4       0x3c Drivers/BSP/B-L475E-IOT01/stm32l475e_iot01.o
                0x00000000080007e4                SENSOR_IO_ReadMultiple
 .text.BSP_ACCELERO_Init
                0x0000000008000820       0x7c Drivers/BSP/B-L475E-IOT01/stm32l475e_iot01_accelero.o
                0x0000000008000820                BSP_ACCELERO_Init
 .text.BSP_ACCELERO_LowPower
                0x000000000800089c       0x34 Drivers/BSP/B-L475E-IOT01/stm32l475e_iot01_accelero.o
                0x000000000800089c                BSP_ACCELERO_LowPower
 .text.BSP_GYRO_Init
                0x00000000080008d0       0x84 Drivers/BSP/B-L475E-IOT01/stm32l475e_iot01_gyro.o
                0x00000000080008d0                BSP_GYRO_Init
 .text.BSP_GYRO_GetXYZ
                0x0000000008000954       0x30 Drivers/BSP/B-L475E-IOT01/stm32l475e_iot01_gyro.o
                0x0000000008000954                BSP_GYRO_GetXYZ
 .text.BSP_HSENSOR_Init
                0x0000000008000984       0x40 Drivers/BSP/B-L475E-IOT01/stm32l475e_iot01_hsensor.o
                0x0000000008000984                BSP_HSENSOR_Init
 .text.BSP_HSENSOR_ReadHumidity
                0x00000000080009c4       0x1c Drivers/BSP/B-L475E-IOT01/stm32l475e_iot01_hsensor.o
                0x00000000080009c4                BSP_HSENSOR_ReadHumidity
 .text.BSP_MAGNETO_Init
                0x00000000080009e0       0x58 Drivers/BSP/B-L475E-IOT01/stm32l475e_iot01_magneto.o
                0x00000000080009e0                BSP_MAGNETO_Init
 .text.BSP_MAGNETO_LowPower
                0x0000000008000a38       0x34 Drivers/BSP/B-L475E-IOT01/stm32l475e_iot01_magneto.o
                0x0000000008000a38                BSP_MAGNETO_LowPower
 .text.BSP_MAGNETO_GetXYZ
                0x0000000008000a6c       0x30 Drivers/BSP/B-L475E-IOT01/stm32l475e_iot01_magneto.o
                0x0000000008000a6c                BSP_MAGNETO_GetXYZ
 .text.BSP_PSENSOR_Init
                0x0000000008000a9c       0x40 Drivers/BSP/B-L475E-IOT01/stm32l475e_iot01_psensor.o
                0x0000000008000a9c                BSP_PSENSOR_Init
 .text.BSP_PSENSOR_ReadPressure
                0x0000000008000adc       0x1c Drivers/BSP/B-L475E-IOT01/stm32l475e_iot01_psensor.o
                0x0000000008000adc                BSP_PSENSOR_ReadPressure
 .text.BSP_TSENSOR_Init
                0x0000000008000af8       0x38 Drivers/BSP/B-L475E-IOT01/stm32l475e_iot01_tsensor.o
                0x0000000008000af8                BSP_TSENSOR_Init
 .text.HTS221_H_Init
                0x0000000008000b30       0x58 Drivers/BSP/Components/hts221/hts221.o
                0x0000000008000b30                HTS221_H_Init
 .text.HTS221_H_ReadID
                0x0000000008000b88       0x2c Drivers/BSP/Components/hts221/hts221.o
                0x0000000008000b88                HTS221_H_ReadID
 .text.HTS221_H_ReadHumidity
                0x0000000008000bb4      0x138 Drivers/BSP/Components/hts221/hts221.o
                0x0000000008000bb4                HTS221_H_ReadHumidity
 .text.HTS221_T_Init
                0x0000000008000cec       0x5a Drivers/BSP/Components/hts221/hts221.o
                0x0000000008000cec                HTS221_T_Init
 .text.HTS221_T_ReadTemp
                0x0000000008000d46      0x10e Drivers/BSP/Components/hts221/hts221.o
                0x0000000008000d46                HTS221_T_ReadTemp
 .text.LIS3MDL_MagInit
                0x0000000008000e54       0x50 Drivers/BSP/Components/lis3mdl/lis3mdl.o
                0x0000000008000e54                LIS3MDL_MagInit
 .text.LIS3MDL_MagDeInit
                0x0000000008000ea4       0x3a Drivers/BSP/Components/lis3mdl/lis3mdl.o
                0x0000000008000ea4                LIS3MDL_MagDeInit
 .text.LIS3MDL_MagReadID
                0x0000000008000ede       0x16 Drivers/BSP/Components/lis3mdl/lis3mdl.o
                0x0000000008000ede                LIS3MDL_MagReadID
 .text.LIS3MDL_MagLowPower
                0x0000000008000ef4       0x44 Drivers/BSP/Components/lis3mdl/lis3mdl.o
                0x0000000008000ef4                LIS3MDL_MagLowPower
 .text.LIS3MDL_MagReadXYZ
                0x0000000008000f38      0x110 Drivers/BSP/Components/lis3mdl/lis3mdl.o
                0x0000000008000f38                LIS3MDL_MagReadXYZ
 .text.LPS22HB_P_Init
                0x0000000008001048       0x1a Drivers/BSP/Components/lps22hb/lps22hb.o
                0x0000000008001048                LPS22HB_P_Init
 .text.LPS22HB_P_ReadID
                0x0000000008001062       0x2c Drivers/BSP/Components/lps22hb/lps22hb.o
                0x0000000008001062                LPS22HB_P_ReadID
 *fill*         0x000000000800108e        0x2 
 .text.LPS22HB_P_ReadPressure
                0x0000000008001090       0xc0 Drivers/BSP/Components/lps22hb/lps22hb.o
                0x0000000008001090                LPS22HB_P_ReadPressure
 .text.LPS22HB_Init
                0x0000000008001150       0x7e Drivers/BSP/Components/lps22hb/lps22hb.o
 .text.LSM6DSL_AccInit
                0x00000000080011ce       0x72 Drivers/BSP/Components/lsm6dsl/lsm6dsl.o
                0x00000000080011ce                LSM6DSL_AccInit
 .text.LSM6DSL_AccDeInit
                0x0000000008001240       0x32 Drivers/BSP/Components/lsm6dsl/lsm6dsl.o
                0x0000000008001240                LSM6DSL_AccDeInit
 .text.LSM6DSL_AccReadID
                0x0000000008001272       0x16 Drivers/BSP/Components/lsm6dsl/lsm6dsl.o
                0x0000000008001272                LSM6DSL_AccReadID
 .text.LSM6DSL_AccLowPower
                0x0000000008001288       0x44 Drivers/BSP/Components/lsm6dsl/lsm6dsl.o
                0x0000000008001288                LSM6DSL_AccLowPower
 .text.LSM6DSL_AccReadXYZ
                0x00000000080012cc      0x134 Drivers/BSP/Components/lsm6dsl/lsm6dsl.o
                0x00000000080012cc                LSM6DSL_AccReadXYZ
 .text.LSM6DSL_GyroInit
                0x0000000008001400       0x72 Drivers/BSP/Components/lsm6dsl/lsm6dsl.o
                0x0000000008001400                LSM6DSL_GyroInit
 .text.LSM6DSL_GyroDeInit
                0x0000000008001472       0x32 Drivers/BSP/Components/lsm6dsl/lsm6dsl.o
                0x0000000008001472                LSM6DSL_GyroDeInit
 .text.LSM6DSL_GyroReadID
                0x00000000080014a4       0x16 Drivers/BSP/Components/lsm6dsl/lsm6dsl.o
                0x00000000080014a4                LSM6DSL_GyroReadID
 .text.LSM6DSL_GyroLowPower
                0x00000000080014ba       0x44 Drivers/BSP/Components/lsm6dsl/lsm6dsl.o
                0x00000000080014ba                LSM6DSL_GyroLowPower
 *fill*         0x00000000080014fe        0x2 
 .text.LSM6DSL_GyroReadXYZAngRate
                0x0000000008001500      0x12c Drivers/BSP/Components/lsm6dsl/lsm6dsl.o
                0x0000000008001500                LSM6DSL_GyroReadXYZAngRate
 .text.HAL_Init
                0x000000000800162c       0x30 Drivers/STM32L4xx_HAL_Driver/Src/stm32l4xx_hal.o
                0x000000000800162c                HAL_Init
 .text.HAL_InitTick
                0x000000000800165c       0x78 Drivers/STM32L4xx_HAL_Driver/Src/stm32l4xx_hal.o
                0x000000000800165c                HAL_InitTick
 .text.HAL_IncTick
                0x00000000080016d4       0x28 Drivers/STM32L4xx_HAL_Driver/Src/stm32l4xx_hal.o
                0x00000000080016d4                HAL_IncTick
 .text.HAL_GetTick
                0x00000000080016fc       0x18 Drivers/STM32L4xx_HAL_Driver/Src/stm32l4xx_hal.o
                0x00000000080016fc                HAL_GetTick
 .text.HAL_Delay
                0x0000000008001714       0x44 Drivers/STM32L4xx_HAL_Driver/Src/stm32l4xx_hal.o
                0x0000000008001714                HAL_Delay
 .text.__NVIC_SetPriorityGrouping
                0x0000000008001758       0x48 Drivers/STM32L4xx_HAL_Driver/Src/stm32l4xx_hal_cortex.o
 .text.__NVIC_GetPriorityGrouping
                0x00000000080017a0       0x1c Drivers/STM32L4xx_HAL_Driver/Src/stm32l4xx_hal_cortex.o
 .text.__NVIC_EnableIRQ
                0x00000000080017bc       0x3c Drivers/STM32L4xx_HAL_Driver/Src/stm32l4xx_hal_cortex.o
 .text.__NVIC_SetPriority
                0x00000000080017f8       0x54 Drivers/STM32L4xx_HAL_Driver/Src/stm32l4xx_hal_cortex.o
 .text.NVIC_EncodePriority
                0x000000000800184c       0x66 Drivers/STM32L4xx_HAL_Driver/Src/stm32l4xx_hal_cortex.o
 *fill*         0x00000000080018b2        0x2 
 .text.SysTick_Config
                0x00000000080018b4       0x44 Drivers/STM32L4xx_HAL_Driver/Src/stm32l4xx_hal_cortex.o
 .text.HAL_NVIC_SetPriorityGrouping
                0x00000000080018f8       0x16 Drivers/STM32L4xx_HAL_Driver/Src/stm32l4xx_hal_cortex.o
                0x00000000080018f8                HAL_NVIC_SetPriorityGrouping
 .text.HAL_NVIC_SetPriority
                0x000000000800190e       0x38 Drivers/STM32L4xx_HAL_Driver/Src/stm32l4xx_hal_cortex.o
                0x000000000800190e                HAL_NVIC_SetPriority
 .text.HAL_NVIC_EnableIRQ
                0x0000000008001946       0x1c Drivers/STM32L4xx_HAL_Driver/Src/stm32l4xx_hal_cortex.o
                0x0000000008001946                HAL_NVIC_EnableIRQ
 .text.HAL_SYSTICK_Config
                0x0000000008001962       0x18 Drivers/STM32L4xx_HAL_Driver/Src/stm32l4xx_hal_cortex.o
                0x0000000008001962                HAL_SYSTICK_Config
 *fill*         0x000000000800197a        0x2 
 .text.HAL_GPIO_Init
                0x000000000800197c      0x350 Drivers/STM32L4xx_HAL_Driver/Src/stm32l4xx_hal_gpio.o
                0x000000000800197c                HAL_GPIO_Init
 .text.HAL_GPIO_DeInit
                0x0000000008001ccc      0x1e8 Drivers/STM32L4xx_HAL_Driver/Src/stm32l4xx_hal_gpio.o
                0x0000000008001ccc                HAL_GPIO_DeInit
 .text.HAL_GPIO_WritePin
                0x0000000008001eb4       0x30 Drivers/STM32L4xx_HAL_Driver/Src/stm32l4xx_hal_gpio.o
                0x0000000008001eb4                HAL_GPIO_WritePin
 .text.HAL_GPIO_EXTI_IRQHandler
                0x0000000008001ee4       0x30 Drivers/STM32L4xx_HAL_Driver/Src/stm32l4xx_hal_gpio.o
                0x0000000008001ee4                HAL_GPIO_EXTI_IRQHandler
 .text.HAL_I2C_Init
                0x0000000008001f14      0x11e Drivers/STM32L4xx_HAL_Driver/Src/stm32l4xx_hal_i2c.o
                0x0000000008001f14                HAL_I2C_Init
 .text.HAL_I2C_DeInit
                0x0000000008002032       0x5e Drivers/STM32L4xx_HAL_Driver/Src/stm32l4xx_hal_i2c.o
                0x0000000008002032                HAL_I2C_DeInit
 .text.HAL_I2C_Mem_Write
                0x0000000008002090      0x228 Drivers/STM32L4xx_HAL_Driver/Src/stm32l4xx_hal_i2c.o
                0x0000000008002090                HAL_I2C_Mem_Write
 .text.HAL_I2C_Mem_Read
                0x00000000080022b8      0x234 Drivers/STM32L4xx_HAL_Driver/Src/stm32l4xx_hal_i2c.o
                0x00000000080022b8                HAL_I2C_Mem_Read
 .text.I2C_RequestMemoryWrite
                0x00000000080024ec       0xa8 Drivers/STM32L4xx_HAL_Driver/Src/stm32l4xx_hal_i2c.o
 .text.I2C_RequestMemoryRead
                0x0000000008002594       0xa8 Drivers/STM32L4xx_HAL_Driver/Src/stm32l4xx_hal_i2c.o
 .text.I2C_Flush_TXDR
                0x000000000800263c       0x48 Drivers/STM32L4xx_HAL_Driver/Src/stm32l4xx_hal_i2c.o
 .text.I2C_WaitOnFlagUntilTimeout
                0x0000000008002684       0x80 Drivers/STM32L4xx_HAL_Driver/Src/stm32l4xx_hal_i2c.o
 .text.I2C_WaitOnTXISFlagUntilTimeout
                0x0000000008002704       0x80 Drivers/STM32L4xx_HAL_Driver/Src/stm32l4xx_hal_i2c.o
 .text.I2C_WaitOnSTOPFlagUntilTimeout
                0x0000000008002784       0x78 Drivers/STM32L4xx_HAL_Driver/Src/stm32l4xx_hal_i2c.o
 .text.I2C_IsAcknowledgeFailed
                0x00000000080027fc       0xcc Drivers/STM32L4xx_HAL_Driver/Src/stm32l4xx_hal_i2c.o
 .text.I2C_TransferConfig
                0x00000000080028c8       0x5c Drivers/STM32L4xx_HAL_Driver/Src/stm32l4xx_hal_i2c.o
 .text.HAL_I2CEx_ConfigAnalogFilter
                0x0000000008002924       0x96 Drivers/STM32L4xx_HAL_Driver/Src/stm32l4xx_hal_i2c_ex.o
                0x0000000008002924                HAL_I2CEx_ConfigAnalogFilter
 .text.HAL_I2CEx_ConfigDigitalFilter
                0x00000000080029ba       0x98 Drivers/STM32L4xx_HAL_Driver/Src/stm32l4xx_hal_i2c_ex.o
                0x00000000080029ba                HAL_I2CEx_ConfigDigitalFilter
 *fill*         0x0000000008002a52        0x2 
 .text.HAL_PWREx_GetVoltageRange
                0x0000000008002a54       0x1c Drivers/STM32L4xx_HAL_Driver/Src/stm32l4xx_hal_pwr_ex.o
                0x0000000008002a54                HAL_PWREx_GetVoltageRange
 .text.HAL_PWREx_ControlVoltageScaling
                0x0000000008002a70       0xac Drivers/STM32L4xx_HAL_Driver/Src/stm32l4xx_hal_pwr_ex.o
                0x0000000008002a70                HAL_PWREx_ControlVoltageScaling
 .text.HAL_RCC_OscConfig
                0x0000000008002b1c      0x7cc Drivers/STM32L4xx_HAL_Driver/Src/stm32l4xx_hal_rcc.o
                0x0000000008002b1c                HAL_RCC_OscConfig
 .text.HAL_RCC_ClockConfig
                0x00000000080032e8      0x1c4 Drivers/STM32L4xx_HAL_Driver/Src/stm32l4xx_hal_rcc.o
                0x00000000080032e8                HAL_RCC_ClockConfig
 .text.HAL_RCC_GetSysClockFreq
                0x00000000080034ac      0x114 Drivers/STM32L4xx_HAL_Driver/Src/stm32l4xx_hal_rcc.o
                0x00000000080034ac                HAL_RCC_GetSysClockFreq
 .text.HAL_RCC_GetHCLKFreq
                0x00000000080035c0       0x18 Drivers/STM32L4xx_HAL_Driver/Src/stm32l4xx_hal_rcc.o
                0x00000000080035c0                HAL_RCC_GetHCLKFreq
 .text.HAL_RCC_GetPCLK1Freq
                0x00000000080035d8       0x2c Drivers/STM32L4xx_HAL_Driver/Src/stm32l4xx_hal_rcc.o
                0x00000000080035d8                HAL_RCC_GetPCLK1Freq
 .text.HAL_RCC_GetPCLK2Freq
                0x0000000008003604       0x2c Drivers/STM32L4xx_HAL_Driver/Src/stm32l4xx_hal_rcc.o
                0x0000000008003604                HAL_RCC_GetPCLK2Freq
 .text.RCC_SetFlashLatencyFromMSIRange
                0x0000000008003630       0xc0 Drivers/STM32L4xx_HAL_Driver/Src/stm32l4xx_hal_rcc.o
 .text.HAL_RCCEx_PeriphCLKConfig
                0x00000000080036f0      0x5cc Drivers/STM32L4xx_HAL_Driver/Src/stm32l4xx_hal_rcc_ex.o
                0x00000000080036f0                HAL_RCCEx_PeriphCLKConfig
 .text.RCCEx_PLLSAI1_Config
                0x0000000008003cbc      0x1e0 Drivers/STM32L4xx_HAL_Driver/Src/stm32l4xx_hal_rcc_ex.o
 .text.RCCEx_PLLSAI2_Config
                0x0000000008003e9c      0x1b4 Drivers/STM32L4xx_HAL_Driver/Src/stm32l4xx_hal_rcc_ex.o
 .text.HAL_UART_Init
                0x0000000008004050       0x9c Drivers/STM32L4xx_HAL_Driver/Src/stm32l4xx_hal_uart.o
                0x0000000008004050                HAL_UART_Init
 .text.HAL_UART_Transmit
                0x00000000080040ec      0x126 Drivers/STM32L4xx_HAL_Driver/Src/stm32l4xx_hal_uart.o
                0x00000000080040ec                HAL_UART_Transmit
 *fill*         0x0000000008004212        0x2 
 .text.UART_SetConfig
                0x0000000008004214      0x514 Drivers/STM32L4xx_HAL_Driver/Src/stm32l4xx_hal_uart.o
                0x0000000008004214                UART_SetConfig
 .text.UART_AdvFeatureConfig
                0x0000000008004728      0x144 Drivers/STM32L4xx_HAL_Driver/Src/stm32l4xx_hal_uart.o
                0x0000000008004728                UART_AdvFeatureConfig
 .text.UART_CheckIdleState
                0x000000000800486c       0x8a Drivers/STM32L4xx_HAL_Driver/Src/stm32l4xx_hal_uart.o
                0x000000000800486c                UART_CheckIdleState
 .text.UART_WaitOnFlagUntilTimeout
                0x00000000080048f6       0xf6 Drivers/STM32L4xx_HAL_Driver/Src/stm32l4xx_hal_uart.o
                0x00000000080048f6                UART_WaitOnFlagUntilTimeout
 .text.main     0x00000000080049ec      0x274 Src/main.o
                0x00000000080049ec                main
 .text.SystemClock_Config
                0x0000000008004c60       0xf2 Src/main.o
                0x0000000008004c60                SystemClock_Config
 *fill*         0x0000000008004d52        0x2 
 .text.MX_I2C2_Init
                0x0000000008004d54       0x80 Src/main.o
 .text.MX_USART1_UART_Init
                0x0000000008004dd4       0x60 Src/main.o
 .text.MX_GPIO_Init
                0x0000000008004e34       0xf4 Src/main.o
 .text.HAL_GPIO_EXTI_Callback
                0x0000000008004f28       0x3c Src/main.o
                0x0000000008004f28                HAL_GPIO_EXTI_Callback
 .text.Error_Handler
                0x0000000008004f64        0xe Src/main.o
                0x0000000008004f64                Error_Handler
 *fill*         0x0000000008004f72        0x2 
 .text.HAL_MspInit
                0x0000000008004f74       0x48 Src/stm32l4xx_hal_msp.o
                0x0000000008004f74                HAL_MspInit
 .text.HAL_I2C_MspInit
                0x0000000008004fbc       0x88 Src/stm32l4xx_hal_msp.o
                0x0000000008004fbc                HAL_I2C_MspInit
 .text.HAL_I2C_MspDeInit
                0x0000000008005044       0x48 Src/stm32l4xx_hal_msp.o
                0x0000000008005044                HAL_I2C_MspDeInit
 .text.HAL_UART_MspInit
                0x000000000800508c       0x88 Src/stm32l4xx_hal_msp.o
                0x000000000800508c                HAL_UART_MspInit
 .text.NMI_Handler
                0x0000000008005114        0xe Src/stm32l4xx_it.o
                0x0000000008005114                NMI_Handler
 .text.HardFault_Handler
                0x0000000008005122        0x6 Src/stm32l4xx_it.o
                0x0000000008005122                HardFault_Handler
 .text.MemManage_Handler
                0x0000000008005128        0x6 Src/stm32l4xx_it.o
                0x0000000008005128                MemManage_Handler
 .text.BusFault_Handler
                0x000000000800512e        0x6 Src/stm32l4xx_it.o
                0x000000000800512e                BusFault_Handler
 .text.UsageFault_Handler
                0x0000000008005134        0x6 Src/stm32l4xx_it.o
                0x0000000008005134                UsageFault_Handler
 .text.SVC_Handler
                0x000000000800513a        0xe Src/stm32l4xx_it.o
                0x000000000800513a                SVC_Handler
 .text.DebugMon_Handler
                0x0000000008005148        0xe Src/stm32l4xx_it.o
                0x0000000008005148                DebugMon_Handler
 .text.PendSV_Handler
                0x0000000008005156        0xe Src/stm32l4xx_it.o
                0x0000000008005156                PendSV_Handler
 .text.SysTick_Handler
                0x0000000008005164        0xc Src/stm32l4xx_it.o
                0x0000000008005164                SysTick_Handler
 .text.EXTI15_10_IRQHandler
                0x0000000008005170       0x10 Src/stm32l4xx_it.o
                0x0000000008005170                EXTI15_10_IRQHandler
 .text._sbrk    0x0000000008005180       0x6c Src/sysmem.o
                0x0000000008005180                _sbrk
 .text.SystemInit
                0x00000000080051ec       0x6c Src/system_stm32l4xx.o
                0x00000000080051ec                SystemInit
 .text.Reset_Handler
                0x0000000008005258       0x50 Startup/startup_stm32l475vgtx.o
                0x0000000008005258                Reset_Handler
 .text.Default_Handler
                0x00000000080052a8        0x2 Startup/startup_stm32l475vgtx.o
                0x00000000080052a8                TIM1_BRK_TIM15_IRQHandler
                0x00000000080052a8                EXTI2_IRQHandler
                0x00000000080052a8                TIM8_TRG_COM_IRQHandler
                0x00000000080052a8                TIM8_CC_IRQHandler
                0x00000000080052a8                TIM1_CC_IRQHandler
                0x00000000080052a8                TSC_IRQHandler
                0x00000000080052a8                TAMP_STAMP_IRQHandler
                0x00000000080052a8                EXTI3_IRQHandler
                0x00000000080052a8                LPTIM2_IRQHandler
                0x00000000080052a8                DFSDM1_FLT1_IRQHandler
                0x00000000080052a8                I2C3_ER_IRQHandler
                0x00000000080052a8                DFSDM1_FLT2_IRQHandler
                0x00000000080052a8                EXTI0_IRQHandler
                0x00000000080052a8                I2C2_EV_IRQHandler
                0x00000000080052a8                CAN1_RX0_IRQHandler
                0x00000000080052a8                FPU_IRQHandler
                0x00000000080052a8                TIM1_UP_TIM16_IRQHandler
                0x00000000080052a8                ADC1_2_IRQHandler
                0x00000000080052a8                SPI1_IRQHandler
                0x00000000080052a8                TIM6_DAC_IRQHandler
                0x00000000080052a8                TIM8_UP_IRQHandler
                0x00000000080052a8                DMA2_Channel2_IRQHandler
                0x00000000080052a8                DMA1_Channel4_IRQHandler
                0x00000000080052a8                SAI2_IRQHandler
                0x00000000080052a8                DFSDM1_FLT3_IRQHandler
                0x00000000080052a8                USART3_IRQHandler
                0x00000000080052a8                DMA1_Channel7_IRQHandler
                0x00000000080052a8                CAN1_RX1_IRQHandler
                0x00000000080052a8                UART5_IRQHandler
                0x00000000080052a8                ADC3_IRQHandler
                0x00000000080052a8                TIM4_IRQHandler
                0x00000000080052a8                DMA2_Channel1_IRQHandler
                0x00000000080052a8                QUADSPI_IRQHandler
                0x00000000080052a8                I2C1_EV_IRQHandler
                0x00000000080052a8                DMA1_Channel6_IRQHandler
                0x00000000080052a8                UART4_IRQHandler
                0x00000000080052a8                DMA2_Channel4_IRQHandler
                0x00000000080052a8                TIM3_IRQHandler
                0x00000000080052a8                RCC_IRQHandler
                0x00000000080052a8                DMA1_Channel1_IRQHandler
                0x00000000080052a8                Default_Handler
                0x00000000080052a8                DMA2_Channel7_IRQHandler
                0x00000000080052a8                TIM7_IRQHandler
                0x00000000080052a8                SDMMC1_IRQHandler
                0x00000000080052a8                TIM5_IRQHandler
                0x00000000080052a8                I2C3_EV_IRQHandler
                0x00000000080052a8                EXTI9_5_IRQHandler
                0x00000000080052a8                RTC_WKUP_IRQHandler
                0x00000000080052a8                PVD_PVM_IRQHandler
                0x00000000080052a8                SPI2_IRQHandler
                0x00000000080052a8                CAN1_TX_IRQHandler
                0x00000000080052a8                DMA2_Channel5_IRQHandler
                0x00000000080052a8                DMA1_Channel5_IRQHandler
                0x00000000080052a8                EXTI4_IRQHandler
                0x00000000080052a8                RNG_IRQHandler
                0x00000000080052a8                TIM1_TRG_COM_TIM17_IRQHandler
                0x00000000080052a8                DMA1_Channel3_IRQHandler
                0x00000000080052a8                COMP_IRQHandler
                0x00000000080052a8                WWDG_IRQHandler
                0x00000000080052a8                LPUART1_IRQHandler
                0x00000000080052a8                DMA2_Channel6_IRQHandler
                0x00000000080052a8                TIM2_IRQHandler
                0x00000000080052a8                EXTI1_IRQHandler
                0x00000000080052a8                USART2_IRQHandler
                0x00000000080052a8                DFSDM1_FLT0_IRQHandler
                0x00000000080052a8                I2C2_ER_IRQHandler
                0x00000000080052a8                DMA1_Channel2_IRQHandler
                0x00000000080052a8                TIM8_BRK_IRQHandler
                0x00000000080052a8                CAN1_SCE_IRQHandler
                0x00000000080052a8                FLASH_IRQHandler
                0x00000000080052a8                USART1_IRQHandler
                0x00000000080052a8                OTG_FS_IRQHandler
                0x00000000080052a8                SPI3_IRQHandler
                0x00000000080052a8                I2C1_ER_IRQHandler
                0x00000000080052a8                FMC_IRQHandler
                0x00000000080052a8                SWPMI1_IRQHandler
                0x00000000080052a8                LPTIM1_IRQHandler
                0x00000000080052a8                SAI1_IRQHandler
                0x00000000080052a8                DMA2_Channel3_IRQHandler
                0x00000000080052a8                RTC_Alarm_IRQHandler
 *fill*         0x00000000080052aa        0x2 
 .text.__errno  0x00000000080052ac        0xc /Applications/STM32CubeIDE.app/Contents/Eclipse/plugins/com.st.stm32cube.ide.mcu.externaltools.gnu-tools-for-stm32.7-2018-q2-update.macos64_1.4.0.202007081208/tools/bin/../lib/gcc/arm-none-eabi/7.3.1/../../../../arm-none-eabi/lib/thumb/v7e-m/fpv4-sp/hard/libc_nano.a(lib_a-errno.o)
                0x00000000080052ac                __errno
 .text.__libc_init_array
                0x00000000080052b8       0x48 /Applications/STM32CubeIDE.app/Contents/Eclipse/plugins/com.st.stm32cube.ide.mcu.externaltools.gnu-tools-for-stm32.7-2018-q2-update.macos64_1.4.0.202007081208/tools/bin/../lib/gcc/arm-none-eabi/7.3.1/../../../../arm-none-eabi/lib/thumb/v7e-m/fpv4-sp/hard/libc_nano.a(lib_a-init.o)
                0x00000000080052b8                __libc_init_array
 .text.memset   0x0000000008005300       0x10 /Applications/STM32CubeIDE.app/Contents/Eclipse/plugins/com.st.stm32cube.ide.mcu.externaltools.gnu-tools-for-stm32.7-2018-q2-update.macos64_1.4.0.202007081208/tools/bin/../lib/gcc/arm-none-eabi/7.3.1/../../../../arm-none-eabi/lib/thumb/v7e-m/fpv4-sp/hard/libc_nano.a(lib_a-memset.o)
                0x0000000008005300                memset
 .text.sprintf  0x0000000008005310       0x40 /Applications/STM32CubeIDE.app/Contents/Eclipse/plugins/com.st.stm32cube.ide.mcu.externaltools.gnu-tools-for-stm32.7-2018-q2-update.macos64_1.4.0.202007081208/tools/bin/../lib/gcc/arm-none-eabi/7.3.1/../../../../arm-none-eabi/lib/thumb/v7e-m/fpv4-sp/hard/libc_nano.a(lib_a-sprintf.o)
                0x0000000008005310                sprintf
                0x0000000008005310                siprintf
 .text.strcat   0x0000000008005350       0x1e /Applications/STM32CubeIDE.app/Contents/Eclipse/plugins/com.st.stm32cube.ide.mcu.externaltools.gnu-tools-for-stm32.7-2018-q2-update.macos64_1.4.0.202007081208/tools/bin/../lib/gcc/arm-none-eabi/7.3.1/../../../../arm-none-eabi/lib/thumb/v7e-m/fpv4-sp/hard/libc_nano.a(lib_a-strcat.o)
                0x0000000008005350                strcat
 .text.__ssputs_r
                0x000000000800536e       0xb4 /Applications/STM32CubeIDE.app/Contents/Eclipse/plugins/com.st.stm32cube.ide.mcu.externaltools.gnu-tools-for-stm32.7-2018-q2-update.macos64_1.4.0.202007081208/tools/bin/../lib/gcc/arm-none-eabi/7.3.1/../../../../arm-none-eabi/lib/thumb/v7e-m/fpv4-sp/hard/libc_nano.a(lib_a-nano-svfprintf.o)
                0x000000000800536e                __ssputs_r
 *fill*         0x0000000008005422        0x2 
 .text._svfprintf_r
                0x0000000008005424      0x1f0 /Applications/STM32CubeIDE.app/Contents/Eclipse/plugins/com.st.stm32cube.ide.mcu.externaltools.gnu-tools-for-stm32.7-2018-q2-update.macos64_1.4.0.202007081208/tools/bin/../lib/gcc/arm-none-eabi/7.3.1/../../../../arm-none-eabi/lib/thumb/v7e-m/fpv4-sp/hard/libc_nano.a(lib_a-nano-svfprintf.o)
                0x0000000008005424                _svfprintf_r
                0x0000000008005424                _svfiprintf_r
 .text._printf_common
                0x0000000008005614       0xea /Applications/STM32CubeIDE.app/Contents/Eclipse/plugins/com.st.stm32cube.ide.mcu.externaltools.gnu-tools-for-stm32.7-2018-q2-update.macos64_1.4.0.202007081208/tools/bin/../lib/gcc/arm-none-eabi/7.3.1/../../../../arm-none-eabi/lib/thumb/v7e-m/fpv4-sp/hard/libc_nano.a(lib_a-nano-vfprintf_i.o)
                0x0000000008005614                _printf_common
 *fill*         0x00000000080056fe        0x2 
 .text._printf_i
                0x0000000008005700      0x224 /Applications/STM32CubeIDE.app/Contents/Eclipse/plugins/com.st.stm32cube.ide.mcu.externaltools.gnu-tools-for-stm32.7-2018-q2-update.macos64_1.4.0.202007081208/tools/bin/../lib/gcc/arm-none-eabi/7.3.1/../../../../arm-none-eabi/lib/thumb/v7e-m/fpv4-sp/hard/libc_nano.a(lib_a-nano-vfprintf_i.o)
                0x0000000008005700                _printf_i
 .text.memcpy   0x0000000008005924       0x16 /Applications/STM32CubeIDE.app/Contents/Eclipse/plugins/com.st.stm32cube.ide.mcu.externaltools.gnu-tools-for-stm32.7-2018-q2-update.macos64_1.4.0.202007081208/tools/bin/../lib/gcc/arm-none-eabi/7.3.1/../../../../arm-none-eabi/lib/thumb/v7e-m/fpv4-sp/hard/libc_nano.a(lib_a-memcpy-stub.o)
                0x0000000008005924                memcpy
 .text.memmove  0x000000000800593a       0x32 /Applications/STM32CubeIDE.app/Contents/Eclipse/plugins/com.st.stm32cube.ide.mcu.externaltools.gnu-tools-for-stm32.7-2018-q2-update.macos64_1.4.0.202007081208/tools/bin/../lib/gcc/arm-none-eabi/7.3.1/../../../../arm-none-eabi/lib/thumb/v7e-m/fpv4-sp/hard/libc_nano.a(lib_a-memmove.o)
                0x000000000800593a                memmove
 .text._free_r  0x000000000800596c       0x9c /Applications/STM32CubeIDE.app/Contents/Eclipse/plugins/com.st.stm32cube.ide.mcu.externaltools.gnu-tools-for-stm32.7-2018-q2-update.macos64_1.4.0.202007081208/tools/bin/../lib/gcc/arm-none-eabi/7.3.1/../../../../arm-none-eabi/lib/thumb/v7e-m/fpv4-sp/hard/libc_nano.a(lib_a-nano-freer.o)
                0x000000000800596c                _free_r
 .text._malloc_r
                0x0000000008005a08       0xb4 /Applications/STM32CubeIDE.app/Contents/Eclipse/plugins/com.st.stm32cube.ide.mcu.externaltools.gnu-tools-for-stm32.7-2018-q2-update.macos64_1.4.0.202007081208/tools/bin/../lib/gcc/arm-none-eabi/7.3.1/../../../../arm-none-eabi/lib/thumb/v7e-m/fpv4-sp/hard/libc_nano.a(lib_a-nano-mallocr.o)
                0x0000000008005a08                _malloc_r
 .text._realloc_r
                0x0000000008005abc       0x4c /Applications/STM32CubeIDE.app/Contents/Eclipse/plugins/com.st.stm32cube.ide.mcu.externaltools.gnu-tools-for-stm32.7-2018-q2-update.macos64_1.4.0.202007081208/tools/bin/../lib/gcc/arm-none-eabi/7.3.1/../../../../arm-none-eabi/lib/thumb/v7e-m/fpv4-sp/hard/libc_nano.a(lib_a-nano-reallocr.o)
                0x0000000008005abc                _realloc_r
 .text._sbrk_r  0x0000000008005b08       0x20 /Applications/STM32CubeIDE.app/Contents/Eclipse/plugins/com.st.stm32cube.ide.mcu.externaltools.gnu-tools-for-stm32.7-2018-q2-update.macos64_1.4.0.202007081208/tools/bin/../lib/gcc/arm-none-eabi/7.3.1/../../../../arm-none-eabi/lib/thumb/v7e-m/fpv4-sp/hard/libc_nano.a(lib_a-sbrkr.o)
                0x0000000008005b08                _sbrk_r
 .text.__malloc_lock
                0x0000000008005b28        0x2 /Applications/STM32CubeIDE.app/Contents/Eclipse/plugins/com.st.stm32cube.ide.mcu.externaltools.gnu-tools-for-stm32.7-2018-q2-update.macos64_1.4.0.202007081208/tools/bin/../lib/gcc/arm-none-eabi/7.3.1/../../../../arm-none-eabi/lib/thumb/v7e-m/fpv4-sp/hard/libc_nano.a(lib_a-mlock.o)
                0x0000000008005b28                __malloc_lock
 .text.__malloc_unlock
                0x0000000008005b2a        0x2 /Applications/STM32CubeIDE.app/Contents/Eclipse/plugins/com.st.stm32cube.ide.mcu.externaltools.gnu-tools-for-stm32.7-2018-q2-update.macos64_1.4.0.202007081208/tools/bin/../lib/gcc/arm-none-eabi/7.3.1/../../../../arm-none-eabi/lib/thumb/v7e-m/fpv4-sp/hard/libc_nano.a(lib_a-mlock.o)
                0x0000000008005b2a                __malloc_unlock
 .text._malloc_usable_size_r
                0x0000000008005b2c       0x10 /Applications/STM32CubeIDE.app/Contents/Eclipse/plugins/com.st.stm32cube.ide.mcu.externaltools.gnu-tools-for-stm32.7-2018-q2-update.macos64_1.4.0.202007081208/tools/bin/../lib/gcc/arm-none-eabi/7.3.1/../../../../arm-none-eabi/lib/thumb/v7e-m/fpv4-sp/hard/libc_nano.a(lib_a-nano-msizer.o)
                0x0000000008005b2c                _malloc_usable_size_r
 *(.glue_7)
 .glue_7        0x0000000008005b3c        0x0 linker stubs
 *(.glue_7t)
 .glue_7t       0x0000000008005b3c        0x0 linker stubs
 *(.eh_frame)
 .eh_frame      0x0000000008005b3c        0x0 /Applications/STM32CubeIDE.app/Contents/Eclipse/plugins/com.st.stm32cube.ide.mcu.externaltools.gnu-tools-for-stm32.7-2018-q2-update.macos64_1.4.0.202007081208/tools/bin/../lib/gcc/arm-none-eabi/7.3.1/thumb/v7e-m/fpv4-sp/hard/crtbegin.o
 *(.init)
 .init          0x0000000008005b3c        0x4 /Applications/STM32CubeIDE.app/Contents/Eclipse/plugins/com.st.stm32cube.ide.mcu.externaltools.gnu-tools-for-stm32.7-2018-q2-update.macos64_1.4.0.202007081208/tools/bin/../lib/gcc/arm-none-eabi/7.3.1/thumb/v7e-m/fpv4-sp/hard/crti.o
                0x0000000008005b3c                _init
 .init          0x0000000008005b40        0x8 /Applications/STM32CubeIDE.app/Contents/Eclipse/plugins/com.st.stm32cube.ide.mcu.externaltools.gnu-tools-for-stm32.7-2018-q2-update.macos64_1.4.0.202007081208/tools/bin/../lib/gcc/arm-none-eabi/7.3.1/thumb/v7e-m/fpv4-sp/hard/crtn.o
 *(.fini)
 .fini          0x0000000008005b48        0x4 /Applications/STM32CubeIDE.app/Contents/Eclipse/plugins/com.st.stm32cube.ide.mcu.externaltools.gnu-tools-for-stm32.7-2018-q2-update.macos64_1.4.0.202007081208/tools/bin/../lib/gcc/arm-none-eabi/7.3.1/thumb/v7e-m/fpv4-sp/hard/crti.o
                0x0000000008005b48                _fini
 .fini          0x0000000008005b4c        0x8 /Applications/STM32CubeIDE.app/Contents/Eclipse/plugins/com.st.stm32cube.ide.mcu.externaltools.gnu-tools-for-stm32.7-2018-q2-update.macos64_1.4.0.202007081208/tools/bin/../lib/gcc/arm-none-eabi/7.3.1/thumb/v7e-m/fpv4-sp/hard/crtn.o
                0x0000000008005b54                . = ALIGN (0x4)
                0x0000000008005b54                _etext = .

.vfp11_veneer   0x0000000008005b54        0x0
 .vfp11_veneer  0x0000000008005b54        0x0 linker stubs

.v4_bx          0x0000000008005b54        0x0
 .v4_bx         0x0000000008005b54        0x0 linker stubs

.iplt           0x0000000008005b54        0x0
 .iplt          0x0000000008005b54        0x0 /Applications/STM32CubeIDE.app/Contents/Eclipse/plugins/com.st.stm32cube.ide.mcu.externaltools.gnu-tools-for-stm32.7-2018-q2-update.macos64_1.4.0.202007081208/tools/bin/../lib/gcc/arm-none-eabi/7.3.1/thumb/v7e-m/fpv4-sp/hard/crtbegin.o

.rodata         0x0000000008005b54      0x118
                0x0000000008005b54                . = ALIGN (0x4)
 *(.rodata)
 .rodata        0x0000000008005b54       0x9b Src/main.o
 *(.rodata*)
 *fill*         0x0000000008005bef        0x1 
 .rodata.AHBPrescTable
                0x0000000008005bf0       0x10 Src/system_stm32l4xx.o
                0x0000000008005bf0                AHBPrescTable
 .rodata.APBPrescTable
                0x0000000008005c00        0x8 Src/system_stm32l4xx.o
                0x0000000008005c00                APBPrescTable
 .rodata.MSIRangeTable
                0x0000000008005c08       0x30 Src/system_stm32l4xx.o
                0x0000000008005c08                MSIRangeTable
 .rodata._svfprintf_r.str1.1
                0x0000000008005c38       0x11 /Applications/STM32CubeIDE.app/Contents/Eclipse/plugins/com.st.stm32cube.ide.mcu.externaltools.gnu-tools-for-stm32.7-2018-q2-update.macos64_1.4.0.202007081208/tools/bin/../lib/gcc/arm-none-eabi/7.3.1/../../../../arm-none-eabi/lib/thumb/v7e-m/fpv4-sp/hard/libc_nano.a(lib_a-nano-svfprintf.o)
 .rodata._printf_i.str1.1
                0x0000000008005c49       0x22 /Applications/STM32CubeIDE.app/Contents/Eclipse/plugins/com.st.stm32cube.ide.mcu.externaltools.gnu-tools-for-stm32.7-2018-q2-update.macos64_1.4.0.202007081208/tools/bin/../lib/gcc/arm-none-eabi/7.3.1/../../../../arm-none-eabi/lib/thumb/v7e-m/fpv4-sp/hard/libc_nano.a(lib_a-nano-vfprintf_i.o)
                0x0000000008005c6c                . = ALIGN (0x4)
 *fill*         0x0000000008005c6b        0x1 

.ARM.extab      0x0000000008005c6c        0x0
                0x0000000008005c6c                . = ALIGN (0x4)
 *(.ARM.extab* .gnu.linkonce.armextab.*)
                0x0000000008005c6c                . = ALIGN (0x4)

.ARM            0x0000000008005c6c        0x8
                0x0000000008005c6c                . = ALIGN (0x4)
                0x0000000008005c6c                __exidx_start = .
 *(.ARM.exidx*)
 .ARM.exidx     0x0000000008005c6c        0x8 /Applications/STM32CubeIDE.app/Contents/Eclipse/plugins/com.st.stm32cube.ide.mcu.externaltools.gnu-tools-for-stm32.7-2018-q2-update.macos64_1.4.0.202007081208/tools/bin/../lib/gcc/arm-none-eabi/7.3.1/thumb/v7e-m/fpv4-sp/hard/libgcc.a(_udivmoddi4.o)
                0x0000000008005c74                __exidx_end = .
                0x0000000008005c74                . = ALIGN (0x4)

.rel.dyn        0x0000000008005c74        0x0
 .rel.iplt      0x0000000008005c74        0x0 /Applications/STM32CubeIDE.app/Contents/Eclipse/plugins/com.st.stm32cube.ide.mcu.externaltools.gnu-tools-for-stm32.7-2018-q2-update.macos64_1.4.0.202007081208/tools/bin/../lib/gcc/arm-none-eabi/7.3.1/thumb/v7e-m/fpv4-sp/hard/crtbegin.o

.preinit_array  0x0000000008005c74        0x0
                0x0000000008005c74                . = ALIGN (0x4)
                0x0000000008005c74                PROVIDE (__preinit_array_start = .)
 *(.preinit_array*)
                0x0000000008005c74                PROVIDE (__preinit_array_end = .)
                0x0000000008005c74                . = ALIGN (0x4)

.init_array     0x0000000008005c74        0x4
                0x0000000008005c74                . = ALIGN (0x4)
                0x0000000008005c74                PROVIDE (__init_array_start = .)
 *(SORT_BY_NAME(.init_array.*))
 *(.init_array*)
 .init_array    0x0000000008005c74        0x4 /Applications/STM32CubeIDE.app/Contents/Eclipse/plugins/com.st.stm32cube.ide.mcu.externaltools.gnu-tools-for-stm32.7-2018-q2-update.macos64_1.4.0.202007081208/tools/bin/../lib/gcc/arm-none-eabi/7.3.1/thumb/v7e-m/fpv4-sp/hard/crtbegin.o
                0x0000000008005c78                PROVIDE (__init_array_end = .)
                0x0000000008005c78                . = ALIGN (0x4)

.fini_array     0x0000000008005c78        0x4
                0x0000000008005c78                . = ALIGN (0x4)
                [!provide]                        PROVIDE (__fini_array_start = .)
 *(SORT_BY_NAME(.fini_array.*))
 *(.fini_array*)
 .fini_array    0x0000000008005c78        0x4 /Applications/STM32CubeIDE.app/Contents/Eclipse/plugins/com.st.stm32cube.ide.mcu.externaltools.gnu-tools-for-stm32.7-2018-q2-update.macos64_1.4.0.202007081208/tools/bin/../lib/gcc/arm-none-eabi/7.3.1/thumb/v7e-m/fpv4-sp/hard/crtbegin.o
                [!provide]                        PROVIDE (__fini_array_end = .)
                0x0000000008005c7c                . = ALIGN (0x4)
                0x0000000008005c7c                _sidata = LOADADDR (.data)

.data           0x0000000020000000      0x134 load address 0x0000000008005c7c
                0x0000000020000000                . = ALIGN (0x4)
                0x0000000020000000                _sdata = .
 *(.data)
 *(.data*)
 .data.HTS221_H_Drv
                0x0000000020000000        0xc Drivers/BSP/Components/hts221/hts221.o
                0x0000000020000000                HTS221_H_Drv
 .data.HTS221_T_Drv
                0x000000002000000c       0x10 Drivers/BSP/Components/hts221/hts221.o
                0x000000002000000c                HTS221_T_Drv
 .data.Lis3mdlMagDrv
                0x000000002000001c       0x34 Drivers/BSP/Components/lis3mdl/lis3mdl.o
                0x000000002000001c                Lis3mdlMagDrv
 .data.LPS22HB_P_Drv
                0x0000000020000050        0xc Drivers/BSP/Components/lps22hb/lps22hb.o
                0x0000000020000050                LPS22HB_P_Drv
 .data.Lsm6dslAccDrv
                0x000000002000005c       0x34 Drivers/BSP/Components/lsm6dsl/lsm6dsl.o
                0x000000002000005c                Lsm6dslAccDrv
 .data.Lsm6dslGyroDrv
                0x0000000020000090       0x34 Drivers/BSP/Components/lsm6dsl/lsm6dsl.o
                0x0000000020000090                Lsm6dslGyroDrv
 .data.uwTickPrio
                0x00000000200000c4        0x4 Drivers/STM32L4xx_HAL_Driver/Src/stm32l4xx_hal.o
                0x00000000200000c4                uwTickPrio
 .data.uwTickFreq
                0x00000000200000c8        0x1 Drivers/STM32L4xx_HAL_Driver/Src/stm32l4xx_hal.o
                0x00000000200000c8                uwTickFreq
 *fill*         0x00000000200000c9        0x3 
 .data.SystemCoreClock
                0x00000000200000cc        0x4 Src/system_stm32l4xx.o
                0x00000000200000cc                SystemCoreClock
 .data._impure_ptr
                0x00000000200000d0        0x4 /Applications/STM32CubeIDE.app/Contents/Eclipse/plugins/com.st.stm32cube.ide.mcu.externaltools.gnu-tools-for-stm32.7-2018-q2-update.macos64_1.4.0.202007081208/tools/bin/../lib/gcc/arm-none-eabi/7.3.1/../../../../arm-none-eabi/lib/thumb/v7e-m/fpv4-sp/hard/libc_nano.a(lib_a-impure.o)
                0x00000000200000d0                _impure_ptr
 .data.impure_data
                0x00000000200000d4       0x60 /Applications/STM32CubeIDE.app/Contents/Eclipse/plugins/com.st.stm32cube.ide.mcu.externaltools.gnu-tools-for-stm32.7-2018-q2-update.macos64_1.4.0.202007081208/tools/bin/../lib/gcc/arm-none-eabi/7.3.1/../../../../arm-none-eabi/lib/thumb/v7e-m/fpv4-sp/hard/libc_nano.a(lib_a-impure.o)
                0x0000000020000134                . = ALIGN (0x4)
                0x0000000020000134                _edata = .

.igot.plt       0x0000000020000134        0x0 load address 0x0000000008005db0
 .igot.plt      0x0000000020000134        0x0 /Applications/STM32CubeIDE.app/Contents/Eclipse/plugins/com.st.stm32cube.ide.mcu.externaltools.gnu-tools-for-stm32.7-2018-q2-update.macos64_1.4.0.202007081208/tools/bin/../lib/gcc/arm-none-eabi/7.3.1/thumb/v7e-m/fpv4-sp/hard/crtbegin.o
                0x0000000020000134                . = ALIGN (0x4)

.bss            0x0000000020000134      0x248 load address 0x0000000008005db0
                0x0000000020000134                _sbss = .
                0x0000000020000134                __bss_start__ = _sbss
 *(.bss)
 .bss           0x0000000020000134       0x1c /Applications/STM32CubeIDE.app/Contents/Eclipse/plugins/com.st.stm32cube.ide.mcu.externaltools.gnu-tools-for-stm32.7-2018-q2-update.macos64_1.4.0.202007081208/tools/bin/../lib/gcc/arm-none-eabi/7.3.1/thumb/v7e-m/fpv4-sp/hard/crtbegin.o
 *(.bss*)
 .bss.AccelerometerDrv
                0x0000000020000150        0x4 Drivers/BSP/B-L475E-IOT01/stm32l475e_iot01_accelero.o
 .bss.GyroscopeDrv
                0x0000000020000154        0x4 Drivers/BSP/B-L475E-IOT01/stm32l475e_iot01_gyro.o
 .bss.Hsensor_drv
                0x0000000020000158        0x4 Drivers/BSP/B-L475E-IOT01/stm32l475e_iot01_hsensor.o
 .bss.MagnetoDrv
                0x000000002000015c        0x4 Drivers/BSP/B-L475E-IOT01/stm32l475e_iot01_magneto.o
 .bss.Psensor_drv
                0x0000000020000160        0x4 Drivers/BSP/B-L475E-IOT01/stm32l475e_iot01_psensor.o
 .bss.tsensor_drv
                0x0000000020000164        0x4 Drivers/BSP/B-L475E-IOT01/stm32l475e_iot01_tsensor.o
 .bss.sensorType
                0x0000000020000168        0x4 Src/main.o
                0x0000000020000168                sensorType
 .bss.buffer    0x000000002000016c       0x64 Src/main.o
                0x000000002000016c                buffer
 .bss.__sbrk_heap_end
                0x00000000200001d0        0x4 Src/sysmem.o
 .bss.__malloc_free_list
                0x00000000200001d4        0x4 /Applications/STM32CubeIDE.app/Contents/Eclipse/plugins/com.st.stm32cube.ide.mcu.externaltools.gnu-tools-for-stm32.7-2018-q2-update.macos64_1.4.0.202007081208/tools/bin/../lib/gcc/arm-none-eabi/7.3.1/../../../../arm-none-eabi/lib/thumb/v7e-m/fpv4-sp/hard/libc_nano.a(lib_a-nano-mallocr.o)
                0x00000000200001d4                __malloc_free_list
 .bss.__malloc_sbrk_start
                0x00000000200001d8        0x4 /Applications/STM32CubeIDE.app/Contents/Eclipse/plugins/com.st.stm32cube.ide.mcu.externaltools.gnu-tools-for-stm32.7-2018-q2-update.macos64_1.4.0.202007081208/tools/bin/../lib/gcc/arm-none-eabi/7.3.1/../../../../arm-none-eabi/lib/thumb/v7e-m/fpv4-sp/hard/libc_nano.a(lib_a-nano-mallocr.o)
                0x00000000200001d8                __malloc_sbrk_start
 *(COMMON)
 COMMON         0x00000000200001dc       0xcc Drivers/BSP/B-L475E-IOT01/stm32l475e_iot01.o
                0x00000000200001dc                hDiscoUart
                0x000000002000025c                hI2cHandler
 COMMON         0x00000000200002a8        0x4 Drivers/STM32L4xx_HAL_Driver/Src/stm32l4xx_hal.o
                0x00000000200002a8                uwTick
 COMMON         0x00000000200002ac       0xcc Src/main.o
                0x00000000200002ac                hi2c2
                0x00000000200002f8                huart1
 COMMON         0x0000000020000378        0x4 /Applications/STM32CubeIDE.app/Contents/Eclipse/plugins/com.st.stm32cube.ide.mcu.externaltools.gnu-tools-for-stm32.7-2018-q2-update.macos64_1.4.0.202007081208/tools/bin/../lib/gcc/arm-none-eabi/7.3.1/../../../../arm-none-eabi/lib/thumb/v7e-m/fpv4-sp/hard/libc_nano.a(lib_a-reent.o)
                0x0000000020000378                errno
                0x000000002000037c                . = ALIGN (0x4)
                0x000000002000037c                _ebss = .
                0x000000002000037c                __bss_end__ = _ebss

._user_heap_stack
                0x000000002000037c      0x604 load address 0x0000000008005db0
                0x0000000020000380                . = ALIGN (0x8)
 *fill*         0x000000002000037c        0x4 
                [!provide]                        PROVIDE (end = .)
                0x0000000020000380                PROVIDE (_end = .)
                0x0000000020000580                . = (. + _Min_Heap_Size)
 *fill*         0x0000000020000380      0x200 
                0x0000000020000980                . = (. + _Min_Stack_Size)
 *fill*         0x0000000020000580      0x400 
                0x0000000020000980                . = ALIGN (0x8)

/DISCARD/
 libc.a(*)
 libm.a(*)
 libgcc.a(*)

.ARM.attributes
                0x0000000000000000       0x30
 *(.ARM.attributes)
 .ARM.attributes
                0x0000000000000000       0x22 /Applications/STM32CubeIDE.app/Contents/Eclipse/plugins/com.st.stm32cube.ide.mcu.externaltools.gnu-tools-for-stm32.7-2018-q2-update.macos64_1.4.0.202007081208/tools/bin/../lib/gcc/arm-none-eabi/7.3.1/thumb/v7e-m/fpv4-sp/hard/crti.o
 .ARM.attributes
                0x0000000000000022       0x34 /Applications/STM32CubeIDE.app/Contents/Eclipse/plugins/com.st.stm32cube.ide.mcu.externaltools.gnu-tools-for-stm32.7-2018-q2-update.macos64_1.4.0.202007081208/tools/bin/../lib/gcc/arm-none-eabi/7.3.1/thumb/v7e-m/fpv4-sp/hard/crtbegin.o
 .ARM.attributes
                0x0000000000000056       0x39 Drivers/BSP/B-L475E-IOT01/stm32l475e_iot01.o
 .ARM.attributes
                0x000000000000008f       0x39 Drivers/BSP/B-L475E-IOT01/stm32l475e_iot01_accelero.o
 .ARM.attributes
                0x00000000000000c8       0x39 Drivers/BSP/B-L475E-IOT01/stm32l475e_iot01_gyro.o
 .ARM.attributes
                0x0000000000000101       0x39 Drivers/BSP/B-L475E-IOT01/stm32l475e_iot01_hsensor.o
 .ARM.attributes
                0x000000000000013a       0x39 Drivers/BSP/B-L475E-IOT01/stm32l475e_iot01_magneto.o
 .ARM.attributes
                0x0000000000000173       0x39 Drivers/BSP/B-L475E-IOT01/stm32l475e_iot01_psensor.o
 .ARM.attributes
                0x00000000000001ac       0x39 Drivers/BSP/B-L475E-IOT01/stm32l475e_iot01_tsensor.o
 .ARM.attributes
                0x00000000000001e5       0x39 Drivers/BSP/Components/hts221/hts221.o
 .ARM.attributes
                0x000000000000021e       0x39 Drivers/BSP/Components/lis3mdl/lis3mdl.o
 .ARM.attributes
                0x0000000000000257       0x39 Drivers/BSP/Components/lps22hb/lps22hb.o
 .ARM.attributes
                0x0000000000000290       0x39 Drivers/BSP/Components/lsm6dsl/lsm6dsl.o
 .ARM.attributes
                0x00000000000002c9       0x39 Drivers/STM32L4xx_HAL_Driver/Src/stm32l4xx_hal.o
 .ARM.attributes
                0x0000000000000302       0x39 Drivers/STM32L4xx_HAL_Driver/Src/stm32l4xx_hal_cortex.o
 .ARM.attributes
                0x000000000000033b       0x39 Drivers/STM32L4xx_HAL_Driver/Src/stm32l4xx_hal_gpio.o
 .ARM.attributes
                0x0000000000000374       0x39 Drivers/STM32L4xx_HAL_Driver/Src/stm32l4xx_hal_i2c.o
 .ARM.attributes
                0x00000000000003ad       0x39 Drivers/STM32L4xx_HAL_Driver/Src/stm32l4xx_hal_i2c_ex.o
 .ARM.attributes
                0x00000000000003e6       0x39 Drivers/STM32L4xx_HAL_Driver/Src/stm32l4xx_hal_pwr_ex.o
 .ARM.attributes
                0x000000000000041f       0x39 Drivers/STM32L4xx_HAL_Driver/Src/stm32l4xx_hal_rcc.o
 .ARM.attributes
                0x0000000000000458       0x39 Drivers/STM32L4xx_HAL_Driver/Src/stm32l4xx_hal_rcc_ex.o
 .ARM.attributes
                0x0000000000000491       0x39 Drivers/STM32L4xx_HAL_Driver/Src/stm32l4xx_hal_uart.o
 .ARM.attributes
                0x00000000000004ca       0x39 Src/main.o
 .ARM.attributes
                0x0000000000000503       0x39 Src/stm32l4xx_hal_msp.o
 .ARM.attributes
                0x000000000000053c       0x39 Src/stm32l4xx_it.o
 .ARM.attributes
                0x0000000000000575       0x39 Src/sysmem.o
 .ARM.attributes
                0x00000000000005ae       0x39 Src/system_stm32l4xx.o
 .ARM.attributes
                0x00000000000005e7       0x21 Startup/startup_stm32l475vgtx.o
 .ARM.attributes
                0x0000000000000608       0x34 /Applications/STM32CubeIDE.app/Contents/Eclipse/plugins/com.st.stm32cube.ide.mcu.externaltools.gnu-tools-for-stm32.7-2018-q2-update.macos64_1.4.0.202007081208/tools/bin/../lib/gcc/arm-none-eabi/7.3.1/../../../../arm-none-eabi/lib/thumb/v7e-m/fpv4-sp/hard/libc_nano.a(lib_a-errno.o)
 .ARM.attributes
                0x000000000000063c       0x34 /Applications/STM32CubeIDE.app/Contents/Eclipse/plugins/com.st.stm32cube.ide.mcu.externaltools.gnu-tools-for-stm32.7-2018-q2-update.macos64_1.4.0.202007081208/tools/bin/../lib/gcc/arm-none-eabi/7.3.1/../../../../arm-none-eabi/lib/thumb/v7e-m/fpv4-sp/hard/libc_nano.a(lib_a-impure.o)
 .ARM.attributes
                0x0000000000000670       0x34 /Applications/STM32CubeIDE.app/Contents/Eclipse/plugins/com.st.stm32cube.ide.mcu.externaltools.gnu-tools-for-stm32.7-2018-q2-update.macos64_1.4.0.202007081208/tools/bin/../lib/gcc/arm-none-eabi/7.3.1/../../../../arm-none-eabi/lib/thumb/v7e-m/fpv4-sp/hard/libc_nano.a(lib_a-init.o)
 .ARM.attributes
                0x00000000000006a4       0x34 /Applications/STM32CubeIDE.app/Contents/Eclipse/plugins/com.st.stm32cube.ide.mcu.externaltools.gnu-tools-for-stm32.7-2018-q2-update.macos64_1.4.0.202007081208/tools/bin/../lib/gcc/arm-none-eabi/7.3.1/../../../../arm-none-eabi/lib/thumb/v7e-m/fpv4-sp/hard/libc_nano.a(lib_a-memset.o)
 .ARM.attributes
                0x00000000000006d8       0x34 /Applications/STM32CubeIDE.app/Contents/Eclipse/plugins/com.st.stm32cube.ide.mcu.externaltools.gnu-tools-for-stm32.7-2018-q2-update.macos64_1.4.0.202007081208/tools/bin/../lib/gcc/arm-none-eabi/7.3.1/../../../../arm-none-eabi/lib/thumb/v7e-m/fpv4-sp/hard/libc_nano.a(lib_a-sprintf.o)
 .ARM.attributes
                0x000000000000070c       0x34 /Applications/STM32CubeIDE.app/Contents/Eclipse/plugins/com.st.stm32cube.ide.mcu.externaltools.gnu-tools-for-stm32.7-2018-q2-update.macos64_1.4.0.202007081208/tools/bin/../lib/gcc/arm-none-eabi/7.3.1/../../../../arm-none-eabi/lib/thumb/v7e-m/fpv4-sp/hard/libc_nano.a(lib_a-strcat.o)
 .ARM.attributes
                0x0000000000000740       0x1b /Applications/STM32CubeIDE.app/Contents/Eclipse/plugins/com.st.stm32cube.ide.mcu.externaltools.gnu-tools-for-stm32.7-2018-q2-update.macos64_1.4.0.202007081208/tools/bin/../lib/gcc/arm-none-eabi/7.3.1/../../../../arm-none-eabi/lib/thumb/v7e-m/fpv4-sp/hard/libc_nano.a(lib_a-strlen.o)
 .ARM.attributes
                0x000000000000075b       0x34 /Applications/STM32CubeIDE.app/Contents/Eclipse/plugins/com.st.stm32cube.ide.mcu.externaltools.gnu-tools-for-stm32.7-2018-q2-update.macos64_1.4.0.202007081208/tools/bin/../lib/gcc/arm-none-eabi/7.3.1/../../../../arm-none-eabi/lib/thumb/v7e-m/fpv4-sp/hard/libc_nano.a(lib_a-nano-svfprintf.o)
 .ARM.attributes
                0x000000000000078f       0x34 /Applications/STM32CubeIDE.app/Contents/Eclipse/plugins/com.st.stm32cube.ide.mcu.externaltools.gnu-tools-for-stm32.7-2018-q2-update.macos64_1.4.0.202007081208/tools/bin/../lib/gcc/arm-none-eabi/7.3.1/../../../../arm-none-eabi/lib/thumb/v7e-m/fpv4-sp/hard/libc_nano.a(lib_a-nano-vfprintf_i.o)
 .ARM.attributes
                0x00000000000007c3       0x20 /Applications/STM32CubeIDE.app/Contents/Eclipse/plugins/com.st.stm32cube.ide.mcu.externaltools.gnu-tools-for-stm32.7-2018-q2-update.macos64_1.4.0.202007081208/tools/bin/../lib/gcc/arm-none-eabi/7.3.1/../../../../arm-none-eabi/lib/thumb/v7e-m/fpv4-sp/hard/libc_nano.a(lib_a-memchr.o)
 .ARM.attributes
                0x00000000000007e3       0x34 /Applications/STM32CubeIDE.app/Contents/Eclipse/plugins/com.st.stm32cube.ide.mcu.externaltools.gnu-tools-for-stm32.7-2018-q2-update.macos64_1.4.0.202007081208/tools/bin/../lib/gcc/arm-none-eabi/7.3.1/../../../../arm-none-eabi/lib/thumb/v7e-m/fpv4-sp/hard/libc_nano.a(lib_a-memcpy-stub.o)
 .ARM.attributes
                0x0000000000000817       0x34 /Applications/STM32CubeIDE.app/Contents/Eclipse/plugins/com.st.stm32cube.ide.mcu.externaltools.gnu-tools-for-stm32.7-2018-q2-update.macos64_1.4.0.202007081208/tools/bin/../lib/gcc/arm-none-eabi/7.3.1/../../../../arm-none-eabi/lib/thumb/v7e-m/fpv4-sp/hard/libc_nano.a(lib_a-memmove.o)
 .ARM.attributes
                0x000000000000084b       0x34 /Applications/STM32CubeIDE.app/Contents/Eclipse/plugins/com.st.stm32cube.ide.mcu.externaltools.gnu-tools-for-stm32.7-2018-q2-update.macos64_1.4.0.202007081208/tools/bin/../lib/gcc/arm-none-eabi/7.3.1/../../../../arm-none-eabi/lib/thumb/v7e-m/fpv4-sp/hard/libc_nano.a(lib_a-nano-freer.o)
 .ARM.attributes
                0x000000000000087f       0x34 /Applications/STM32CubeIDE.app/Contents/Eclipse/plugins/com.st.stm32cube.ide.mcu.externaltools.gnu-tools-for-stm32.7-2018-q2-update.macos64_1.4.0.202007081208/tools/bin/../lib/gcc/arm-none-eabi/7.3.1/../../../../arm-none-eabi/lib/thumb/v7e-m/fpv4-sp/hard/libc_nano.a(lib_a-nano-mallocr.o)
 .ARM.attributes
                0x00000000000008b3       0x34 /Applications/STM32CubeIDE.app/Contents/Eclipse/plugins/com.st.stm32cube.ide.mcu.externaltools.gnu-tools-for-stm32.7-2018-q2-update.macos64_1.4.0.202007081208/tools/bin/../lib/gcc/arm-none-eabi/7.3.1/../../../../arm-none-eabi/lib/thumb/v7e-m/fpv4-sp/hard/libc_nano.a(lib_a-nano-reallocr.o)
 .ARM.attributes
                0x00000000000008e7       0x34 /Applications/STM32CubeIDE.app/Contents/Eclipse/plugins/com.st.stm32cube.ide.mcu.externaltools.gnu-tools-for-stm32.7-2018-q2-update.macos64_1.4.0.202007081208/tools/bin/../lib/gcc/arm-none-eabi/7.3.1/../../../../arm-none-eabi/lib/thumb/v7e-m/fpv4-sp/hard/libc_nano.a(lib_a-sbrkr.o)
 .ARM.attributes
                0x000000000000091b       0x34 /Applications/STM32CubeIDE.app/Contents/Eclipse/plugins/com.st.stm32cube.ide.mcu.externaltools.gnu-tools-for-stm32.7-2018-q2-update.macos64_1.4.0.202007081208/tools/bin/../lib/gcc/arm-none-eabi/7.3.1/../../../../arm-none-eabi/lib/thumb/v7e-m/fpv4-sp/hard/libc_nano.a(lib_a-mlock.o)
 .ARM.attributes
                0x000000000000094f       0x34 /Applications/STM32CubeIDE.app/Contents/Eclipse/plugins/com.st.stm32cube.ide.mcu.externaltools.gnu-tools-for-stm32.7-2018-q2-update.macos64_1.4.0.202007081208/tools/bin/../lib/gcc/arm-none-eabi/7.3.1/../../../../arm-none-eabi/lib/thumb/v7e-m/fpv4-sp/hard/libc_nano.a(lib_a-nano-msizer.o)
 .ARM.attributes
                0x0000000000000983       0x34 /Applications/STM32CubeIDE.app/Contents/Eclipse/plugins/com.st.stm32cube.ide.mcu.externaltools.gnu-tools-for-stm32.7-2018-q2-update.macos64_1.4.0.202007081208/tools/bin/../lib/gcc/arm-none-eabi/7.3.1/../../../../arm-none-eabi/lib/thumb/v7e-m/fpv4-sp/hard/libc_nano.a(lib_a-reent.o)
 .ARM.attributes
                0x00000000000009b7       0x22 /Applications/STM32CubeIDE.app/Contents/Eclipse/plugins/com.st.stm32cube.ide.mcu.externaltools.gnu-tools-for-stm32.7-2018-q2-update.macos64_1.4.0.202007081208/tools/bin/../lib/gcc/arm-none-eabi/7.3.1/thumb/v7e-m/fpv4-sp/hard/libgcc.a(_aeabi_uldivmod.o)
 .ARM.attributes
                0x00000000000009d9       0x34 /Applications/STM32CubeIDE.app/Contents/Eclipse/plugins/com.st.stm32cube.ide.mcu.externaltools.gnu-tools-for-stm32.7-2018-q2-update.macos64_1.4.0.202007081208/tools/bin/../lib/gcc/arm-none-eabi/7.3.1/thumb/v7e-m/fpv4-sp/hard/libgcc.a(_udivmoddi4.o)
 .ARM.attributes
                0x0000000000000a0d       0x22 /Applications/STM32CubeIDE.app/Contents/Eclipse/plugins/com.st.stm32cube.ide.mcu.externaltools.gnu-tools-for-stm32.7-2018-q2-update.macos64_1.4.0.202007081208/tools/bin/../lib/gcc/arm-none-eabi/7.3.1/thumb/v7e-m/fpv4-sp/hard/libgcc.a(_dvmd_tls.o)
 .ARM.attributes
                0x0000000000000a2f       0x22 /Applications/STM32CubeIDE.app/Contents/Eclipse/plugins/com.st.stm32cube.ide.mcu.externaltools.gnu-tools-for-stm32.7-2018-q2-update.macos64_1.4.0.202007081208/tools/bin/../lib/gcc/arm-none-eabi/7.3.1/thumb/v7e-m/fpv4-sp/hard/crtn.o
OUTPUT(Lab7.elf elf32-littlearm)

.debug_info     0x0000000000000000    0x12395
 .debug_info    0x0000000000000000     0x1a64 Drivers/BSP/B-L475E-IOT01/stm32l475e_iot01.o
 .debug_info    0x0000000000001a64      0x651 Drivers/BSP/B-L475E-IOT01/stm32l475e_iot01_accelero.o
 .debug_info    0x00000000000020b5      0x63a Drivers/BSP/B-L475E-IOT01/stm32l475e_iot01_gyro.o
 .debug_info    0x00000000000026ef      0x4c3 Drivers/BSP/B-L475E-IOT01/stm32l475e_iot01_hsensor.o
 .debug_info    0x0000000000002bb2      0x525 Drivers/BSP/B-L475E-IOT01/stm32l475e_iot01_magneto.o
 .debug_info    0x00000000000030d7      0x4c3 Drivers/BSP/B-L475E-IOT01/stm32l475e_iot01_psensor.o
 .debug_info    0x000000000000359a      0x4ae Drivers/BSP/B-L475E-IOT01/stm32l475e_iot01_tsensor.o
 .debug_info    0x0000000000003a48      0x462 Drivers/BSP/Components/hts221/hts221.o
 .debug_info    0x0000000000003eaa      0x355 Drivers/BSP/Components/lis3mdl/lis3mdl.o
 .debug_info    0x00000000000041ff      0x40c Drivers/BSP/Components/lps22hb/lps22hb.o
 .debug_info    0x000000000000460b      0x540 Drivers/BSP/Components/lsm6dsl/lsm6dsl.o
 .debug_info    0x0000000000004b4b      0xc1a Drivers/STM32L4xx_HAL_Driver/Src/stm32l4xx_hal.o
 .debug_info    0x0000000000005765      0xf67 Drivers/STM32L4xx_HAL_Driver/Src/stm32l4xx_hal_cortex.o
 .debug_info    0x00000000000066cc      0x9c2 Drivers/STM32L4xx_HAL_Driver/Src/stm32l4xx_hal_gpio.o
 .debug_info    0x000000000000708e     0x210d Drivers/STM32L4xx_HAL_Driver/Src/stm32l4xx_hal_i2c.o
 .debug_info    0x000000000000919b      0xb72 Drivers/STM32L4xx_HAL_Driver/Src/stm32l4xx_hal_i2c_ex.o
 .debug_info    0x0000000000009d0d      0xb35 Drivers/STM32L4xx_HAL_Driver/Src/stm32l4xx_hal_pwr_ex.o
 .debug_info    0x000000000000a842      0xd2f Drivers/STM32L4xx_HAL_Driver/Src/stm32l4xx_hal_rcc.o
 .debug_info    0x000000000000b571      0xf41 Drivers/STM32L4xx_HAL_Driver/Src/stm32l4xx_hal_rcc_ex.o
 .debug_info    0x000000000000c4b2     0x1830 Drivers/STM32L4xx_HAL_Driver/Src/stm32l4xx_hal_uart.o
 .debug_info    0x000000000000dce2     0x236c Src/main.o
 .debug_info    0x000000000001004e      0xf09 Src/stm32l4xx_hal_msp.o
 .debug_info    0x0000000000010f57      0x370 Src/stm32l4xx_it.o
 .debug_info    0x00000000000112c7      0x985 Src/sysmem.o
 .debug_info    0x0000000000011c4c      0x727 Src/system_stm32l4xx.o
 .debug_info    0x0000000000012373       0x22 Startup/startup_stm32l475vgtx.o

.debug_abbrev   0x0000000000000000     0x2a2b
 .debug_abbrev  0x0000000000000000      0x26f Drivers/BSP/B-L475E-IOT01/stm32l475e_iot01.o
 .debug_abbrev  0x000000000000026f      0x15f Drivers/BSP/B-L475E-IOT01/stm32l475e_iot01_accelero.o
 .debug_abbrev  0x00000000000003ce      0x15f Drivers/BSP/B-L475E-IOT01/stm32l475e_iot01_gyro.o
 .debug_abbrev  0x000000000000052d      0x128 Drivers/BSP/B-L475E-IOT01/stm32l475e_iot01_hsensor.o
 .debug_abbrev  0x0000000000000655      0x15f Drivers/BSP/B-L475E-IOT01/stm32l475e_iot01_magneto.o
 .debug_abbrev  0x00000000000007b4      0x128 Drivers/BSP/B-L475E-IOT01/stm32l475e_iot01_psensor.o
 .debug_abbrev  0x00000000000008dc      0x128 Drivers/BSP/B-L475E-IOT01/stm32l475e_iot01_tsensor.o
 .debug_abbrev  0x0000000000000a04      0x125 Drivers/BSP/Components/hts221/hts221.o
 .debug_abbrev  0x0000000000000b29      0x133 Drivers/BSP/Components/lis3mdl/lis3mdl.o
 .debug_abbrev  0x0000000000000c5c      0x13d Drivers/BSP/Components/lps22hb/lps22hb.o
 .debug_abbrev  0x0000000000000d99      0x194 Drivers/BSP/Components/lsm6dsl/lsm6dsl.o
 .debug_abbrev  0x0000000000000f2d      0x1fb Drivers/STM32L4xx_HAL_Driver/Src/stm32l4xx_hal.o
 .debug_abbrev  0x0000000000001128      0x2fa Drivers/STM32L4xx_HAL_Driver/Src/stm32l4xx_hal_cortex.o
 .debug_abbrev  0x0000000000001422      0x1c0 Drivers/STM32L4xx_HAL_Driver/Src/stm32l4xx_hal_gpio.o
 .debug_abbrev  0x00000000000015e2      0x22a Drivers/STM32L4xx_HAL_Driver/Src/stm32l4xx_hal_i2c.o
 .debug_abbrev  0x000000000000180c      0x1b9 Drivers/STM32L4xx_HAL_Driver/Src/stm32l4xx_hal_i2c_ex.o
 .debug_abbrev  0x00000000000019c5      0x1cb Drivers/STM32L4xx_HAL_Driver/Src/stm32l4xx_hal_pwr_ex.o
 .debug_abbrev  0x0000000000001b90      0x245 Drivers/STM32L4xx_HAL_Driver/Src/stm32l4xx_hal_rcc.o
 .debug_abbrev  0x0000000000001dd5      0x238 Drivers/STM32L4xx_HAL_Driver/Src/stm32l4xx_hal_rcc_ex.o
 .debug_abbrev  0x000000000000200d      0x205 Drivers/STM32L4xx_HAL_Driver/Src/stm32l4xx_hal_uart.o
 .debug_abbrev  0x0000000000002212      0x2a3 Src/main.o
 .debug_abbrev  0x00000000000024b5      0x197 Src/stm32l4xx_hal_msp.o
 .debug_abbrev  0x000000000000264c       0xe2 Src/stm32l4xx_it.o
 .debug_abbrev  0x000000000000272e      0x19b Src/sysmem.o
 .debug_abbrev  0x00000000000028c9      0x150 Src/system_stm32l4xx.o
 .debug_abbrev  0x0000000000002a19       0x12 Startup/startup_stm32l475vgtx.o

.debug_aranges  0x0000000000000000      0xf18
 .debug_aranges
                0x0000000000000000      0x130 Drivers/BSP/B-L475E-IOT01/stm32l475e_iot01.o
 .debug_aranges
                0x0000000000000130       0x38 Drivers/BSP/B-L475E-IOT01/stm32l475e_iot01_accelero.o
 .debug_aranges
                0x0000000000000168       0x38 Drivers/BSP/B-L475E-IOT01/stm32l475e_iot01_gyro.o
 .debug_aranges
                0x00000000000001a0       0x30 Drivers/BSP/B-L475E-IOT01/stm32l475e_iot01_hsensor.o
 .debug_aranges
                0x00000000000001d0       0x38 Drivers/BSP/B-L475E-IOT01/stm32l475e_iot01_magneto.o
 .debug_aranges
                0x0000000000000208       0x30 Drivers/BSP/B-L475E-IOT01/stm32l475e_iot01_psensor.o
 .debug_aranges
                0x0000000000000238       0x28 Drivers/BSP/B-L475E-IOT01/stm32l475e_iot01_tsensor.o
 .debug_aranges
                0x0000000000000260       0x40 Drivers/BSP/Components/hts221/hts221.o
 .debug_aranges
                0x00000000000002a0       0x40 Drivers/BSP/Components/lis3mdl/lis3mdl.o
 .debug_aranges
                0x00000000000002e0       0x48 Drivers/BSP/Components/lps22hb/lps22hb.o
 .debug_aranges
                0x0000000000000328       0x68 Drivers/BSP/Components/lsm6dsl/lsm6dsl.o
 .debug_aranges
                0x0000000000000390      0x130 Drivers/STM32L4xx_HAL_Driver/Src/stm32l4xx_hal.o
 .debug_aranges
                0x00000000000004c0      0x118 Drivers/STM32L4xx_HAL_Driver/Src/stm32l4xx_hal_cortex.o
 .debug_aranges
                0x00000000000005d8       0x58 Drivers/STM32L4xx_HAL_Driver/Src/stm32l4xx_hal_gpio.o
 .debug_aranges
                0x0000000000000630      0x290 Drivers/STM32L4xx_HAL_Driver/Src/stm32l4xx_hal_i2c.o
 .debug_aranges
                0x00000000000008c0       0x48 Drivers/STM32L4xx_HAL_Driver/Src/stm32l4xx_hal_i2c_ex.o
 .debug_aranges
                0x0000000000000908      0x150 Drivers/STM32L4xx_HAL_Driver/Src/stm32l4xx_hal_pwr_ex.o
 .debug_aranges
                0x0000000000000a58       0x88 Drivers/STM32L4xx_HAL_Driver/Src/stm32l4xx_hal_rcc.o
 .debug_aranges
                0x0000000000000ae0       0xc0 Drivers/STM32L4xx_HAL_Driver/Src/stm32l4xx_hal_rcc_ex.o
 .debug_aranges
                0x0000000000000ba0      0x210 Drivers/STM32L4xx_HAL_Driver/Src/stm32l4xx_hal_uart.o
 .debug_aranges
                0x0000000000000db0       0x50 Src/main.o
 .debug_aranges
                0x0000000000000e00       0x40 Src/stm32l4xx_hal_msp.o
 .debug_aranges
                0x0000000000000e40       0x68 Src/stm32l4xx_it.o
 .debug_aranges
                0x0000000000000ea8       0x20 Src/sysmem.o
 .debug_aranges
                0x0000000000000ec8       0x28 Src/system_stm32l4xx.o
 .debug_aranges
                0x0000000000000ef0       0x28 Startup/startup_stm32l475vgtx.o

.debug_ranges   0x0000000000000000      0xd80
 .debug_ranges  0x0000000000000000      0x120 Drivers/BSP/B-L475E-IOT01/stm32l475e_iot01.o
 .debug_ranges  0x0000000000000120       0x28 Drivers/BSP/B-L475E-IOT01/stm32l475e_iot01_accelero.o
 .debug_ranges  0x0000000000000148       0x28 Drivers/BSP/B-L475E-IOT01/stm32l475e_iot01_gyro.o
 .debug_ranges  0x0000000000000170       0x20 Drivers/BSP/B-L475E-IOT01/stm32l475e_iot01_hsensor.o
 .debug_ranges  0x0000000000000190       0x28 Drivers/BSP/B-L475E-IOT01/stm32l475e_iot01_magneto.o
 .debug_ranges  0x00000000000001b8       0x20 Drivers/BSP/B-L475E-IOT01/stm32l475e_iot01_psensor.o
 .debug_ranges  0x00000000000001d8       0x18 Drivers/BSP/B-L475E-IOT01/stm32l475e_iot01_tsensor.o
 .debug_ranges  0x00000000000001f0       0x30 Drivers/BSP/Components/hts221/hts221.o
 .debug_ranges  0x0000000000000220       0x30 Drivers/BSP/Components/lis3mdl/lis3mdl.o
 .debug_ranges  0x0000000000000250       0x38 Drivers/BSP/Components/lps22hb/lps22hb.o
 .debug_ranges  0x0000000000000288       0x58 Drivers/BSP/Components/lsm6dsl/lsm6dsl.o
 .debug_ranges  0x00000000000002e0      0x120 Drivers/STM32L4xx_HAL_Driver/Src/stm32l4xx_hal.o
 .debug_ranges  0x0000000000000400      0x108 Drivers/STM32L4xx_HAL_Driver/Src/stm32l4xx_hal_cortex.o
 .debug_ranges  0x0000000000000508       0x48 Drivers/STM32L4xx_HAL_Driver/Src/stm32l4xx_hal_gpio.o
 .debug_ranges  0x0000000000000550      0x280 Drivers/STM32L4xx_HAL_Driver/Src/stm32l4xx_hal_i2c.o
 .debug_ranges  0x00000000000007d0       0x38 Drivers/STM32L4xx_HAL_Driver/Src/stm32l4xx_hal_i2c_ex.o
 .debug_ranges  0x0000000000000808      0x140 Drivers/STM32L4xx_HAL_Driver/Src/stm32l4xx_hal_pwr_ex.o
 .debug_ranges  0x0000000000000948       0x78 Drivers/STM32L4xx_HAL_Driver/Src/stm32l4xx_hal_rcc.o
 .debug_ranges  0x00000000000009c0       0xb0 Drivers/STM32L4xx_HAL_Driver/Src/stm32l4xx_hal_rcc_ex.o
 .debug_ranges  0x0000000000000a70      0x200 Drivers/STM32L4xx_HAL_Driver/Src/stm32l4xx_hal_uart.o
 .debug_ranges  0x0000000000000c70       0x40 Src/main.o
 .debug_ranges  0x0000000000000cb0       0x30 Src/stm32l4xx_hal_msp.o
 .debug_ranges  0x0000000000000ce0       0x58 Src/stm32l4xx_it.o
 .debug_ranges  0x0000000000000d38       0x10 Src/sysmem.o
 .debug_ranges  0x0000000000000d48       0x18 Src/system_stm32l4xx.o
 .debug_ranges  0x0000000000000d60       0x20 Startup/startup_stm32l475vgtx.o

.debug_macro    0x0000000000000000    0x27774
 .debug_macro   0x0000000000000000      0x1f2 Drivers/BSP/B-L475E-IOT01/stm32l475e_iot01.o
 .debug_macro   0x00000000000001f2      0xa5a Drivers/BSP/B-L475E-IOT01/stm32l475e_iot01.o
 .debug_macro   0x0000000000000c4c      0x1a7 Drivers/BSP/B-L475E-IOT01/stm32l475e_iot01.o
 .debug_macro   0x0000000000000df3       0x2e Drivers/BSP/B-L475E-IOT01/stm32l475e_iot01.o
 .debug_macro   0x0000000000000e21       0x28 Drivers/BSP/B-L475E-IOT01/stm32l475e_iot01.o
 .debug_macro   0x0000000000000e49       0x22 Drivers/BSP/B-L475E-IOT01/stm32l475e_iot01.o
 .debug_macro   0x0000000000000e6b       0x8e Drivers/BSP/B-L475E-IOT01/stm32l475e_iot01.o
 .debug_macro   0x0000000000000ef9       0x51 Drivers/BSP/B-L475E-IOT01/stm32l475e_iot01.o
 .debug_macro   0x0000000000000f4a       0xef Drivers/BSP/B-L475E-IOT01/stm32l475e_iot01.o
 .debug_macro   0x0000000000001039       0x6a Drivers/BSP/B-L475E-IOT01/stm32l475e_iot01.o
 .debug_macro   0x00000000000010a3      0x1df Drivers/BSP/B-L475E-IOT01/stm32l475e_iot01.o
 .debug_macro   0x0000000000001282       0x1c Drivers/BSP/B-L475E-IOT01/stm32l475e_iot01.o
 .debug_macro   0x000000000000129e       0x22 Drivers/BSP/B-L475E-IOT01/stm32l475e_iot01.o
 .debug_macro   0x00000000000012c0      0x101 Drivers/BSP/B-L475E-IOT01/stm32l475e_iot01.o
 .debug_macro   0x00000000000013c1     0x1011 Drivers/BSP/B-L475E-IOT01/stm32l475e_iot01.o
 .debug_macro   0x00000000000023d2      0x11f Drivers/BSP/B-L475E-IOT01/stm32l475e_iot01.o
 .debug_macro   0x00000000000024f1    0x19db6 Drivers/BSP/B-L475E-IOT01/stm32l475e_iot01.o
 .debug_macro   0x000000000001c2a7       0x43 Drivers/BSP/B-L475E-IOT01/stm32l475e_iot01.o
 .debug_macro   0x000000000001c2ea     0x3890 Drivers/BSP/B-L475E-IOT01/stm32l475e_iot01.o
 .debug_macro   0x000000000001fb7a      0x174 Drivers/BSP/B-L475E-IOT01/stm32l475e_iot01.o
 .debug_macro   0x000000000001fcee       0x5c Drivers/BSP/B-L475E-IOT01/stm32l475e_iot01.o
 .debug_macro   0x000000000001fd4a     0x1519 Drivers/BSP/B-L475E-IOT01/stm32l475e_iot01.o
 .debug_macro   0x0000000000021263      0x59e Drivers/BSP/B-L475E-IOT01/stm32l475e_iot01.o
 .debug_macro   0x0000000000021801      0x13d Drivers/BSP/B-L475E-IOT01/stm32l475e_iot01.o
 .debug_macro   0x000000000002193e      0x17d Drivers/BSP/B-L475E-IOT01/stm32l475e_iot01.o
 .debug_macro   0x0000000000021abb      0x26b Drivers/BSP/B-L475E-IOT01/stm32l475e_iot01.o
 .debug_macro   0x0000000000021d26      0x23d Drivers/BSP/B-L475E-IOT01/stm32l475e_iot01.o
 .debug_macro   0x0000000000021f63      0x241 Drivers/BSP/B-L475E-IOT01/stm32l475e_iot01.o
 .debug_macro   0x00000000000221a4      0x37c Drivers/BSP/B-L475E-IOT01/stm32l475e_iot01.o
 .debug_macro   0x0000000000022520       0xd6 Drivers/BSP/B-L475E-IOT01/stm32l475e_iot01.o
 .debug_macro   0x00000000000225f6      0x22c Drivers/BSP/B-L475E-IOT01/stm32l475e_iot01.o
 .debug_macro   0x0000000000022822       0x61 Drivers/BSP/B-L475E-IOT01/stm32l475e_iot01.o
 .debug_macro   0x0000000000022883       0xa5 Drivers/BSP/B-L475E-IOT01/stm32l475e_iot01.o
 .debug_macro   0x0000000000022928      0x122 Drivers/BSP/B-L475E-IOT01/stm32l475e_iot01.o
 .debug_macro   0x0000000000022a4a      0x3e9 Drivers/BSP/B-L475E-IOT01/stm32l475e_iot01.o
 .debug_macro   0x0000000000022e33      0x59e Drivers/BSP/B-L475E-IOT01/stm32l475e_iot01.o
 .debug_macro   0x00000000000233d1       0x44 Drivers/BSP/B-L475E-IOT01/stm32l475e_iot01.o
 .debug_macro   0x0000000000023415      0x331 Drivers/BSP/B-L475E-IOT01/stm32l475e_iot01.o
 .debug_macro   0x0000000000023746      0x1ba Drivers/BSP/B-L475E-IOT01/stm32l475e_iot01.o
 .debug_macro   0x0000000000023900      0x201 Drivers/BSP/B-L475E-IOT01/stm32l475e_iot01_accelero.o
 .debug_macro   0x0000000000023b01      0x428 Drivers/BSP/B-L475E-IOT01/stm32l475e_iot01_accelero.o
 .debug_macro   0x0000000000023f29      0x201 Drivers/BSP/B-L475E-IOT01/stm32l475e_iot01_gyro.o
 .debug_macro   0x000000000002412a      0x201 Drivers/BSP/B-L475E-IOT01/stm32l475e_iot01_hsensor.o
 .debug_macro   0x000000000002432b      0x15f Drivers/BSP/B-L475E-IOT01/stm32l475e_iot01_hsensor.o
 .debug_macro   0x000000000002448a      0x1f7 Drivers/BSP/B-L475E-IOT01/stm32l475e_iot01_magneto.o
 .debug_macro   0x0000000000024681      0x1aa Drivers/BSP/B-L475E-IOT01/stm32l475e_iot01_magneto.o
 .debug_macro   0x000000000002482b      0x201 Drivers/BSP/B-L475E-IOT01/stm32l475e_iot01_psensor.o
 .debug_macro   0x0000000000024a2c      0x287 Drivers/BSP/B-L475E-IOT01/stm32l475e_iot01_psensor.o
 .debug_macro   0x0000000000024cb3      0x201 Drivers/BSP/B-L475E-IOT01/stm32l475e_iot01_tsensor.o
 .debug_macro   0x0000000000024eb4       0x86 Drivers/BSP/Components/hts221/hts221.o
 .debug_macro   0x0000000000024f3a       0x7c Drivers/BSP/Components/lis3mdl/lis3mdl.o
 .debug_macro   0x0000000000024fb6       0x86 Drivers/BSP/Components/lps22hb/lps22hb.o
 .debug_macro   0x000000000002503c       0x86 Drivers/BSP/Components/lsm6dsl/lsm6dsl.o
 .debug_macro   0x00000000000250c2      0x213 Drivers/STM32L4xx_HAL_Driver/Src/stm32l4xx_hal.o
 .debug_macro   0x00000000000252d5      0x1c5 Drivers/STM32L4xx_HAL_Driver/Src/stm32l4xx_hal_cortex.o
 .debug_macro   0x000000000002549a      0x204 Drivers/STM32L4xx_HAL_Driver/Src/stm32l4xx_hal_gpio.o
 .debug_macro   0x000000000002569e      0x28a Drivers/STM32L4xx_HAL_Driver/Src/stm32l4xx_hal_i2c.o
 .debug_macro   0x0000000000025928      0x1c5 Drivers/STM32L4xx_HAL_Driver/Src/stm32l4xx_hal_i2c_ex.o
 .debug_macro   0x0000000000025aed      0x1e9 Drivers/STM32L4xx_HAL_Driver/Src/stm32l4xx_hal_pwr_ex.o
 .debug_macro   0x0000000000025cd6      0x207 Drivers/STM32L4xx_HAL_Driver/Src/stm32l4xx_hal_rcc.o
 .debug_macro   0x0000000000025edd      0x1fb Drivers/STM32L4xx_HAL_Driver/Src/stm32l4xx_hal_rcc_ex.o
 .debug_macro   0x00000000000260d8      0x1f0 Drivers/STM32L4xx_HAL_Driver/Src/stm32l4xx_hal_uart.o
 .debug_macro   0x00000000000262c8      0x356 Src/main.o
 .debug_macro   0x000000000002661e       0x1c Src/main.o
 .debug_macro   0x000000000002663a       0x46 Src/main.o
 .debug_macro   0x0000000000026680       0x18 Src/main.o
 .debug_macro   0x0000000000026698       0x3c Src/main.o
 .debug_macro   0x00000000000266d4       0x34 Src/main.o
 .debug_macro   0x0000000000026708       0x52 Src/main.o
 .debug_macro   0x000000000002675a       0x1f Src/main.o
 .debug_macro   0x0000000000026779       0x43 Src/main.o
 .debug_macro   0x00000000000267bc       0x20 Src/main.o
 .debug_macro   0x00000000000267dc      0x1a3 Src/main.o
 .debug_macro   0x000000000002697f      0x32a Src/main.o
 .debug_macro   0x0000000000026ca9       0x10 Src/main.o
 .debug_macro   0x0000000000026cb9       0x35 Src/main.o
 .debug_macro   0x0000000000026cee       0x20 Src/main.o
 .debug_macro   0x0000000000026d0e      0x1c0 Src/main.o
 .debug_macro   0x0000000000026ece      0x1d4 Src/stm32l4xx_hal_msp.o
 .debug_macro   0x00000000000270a2      0x1de Src/stm32l4xx_it.o
 .debug_macro   0x0000000000027280       0xee Src/sysmem.o
 .debug_macro   0x000000000002736e      0x23b Src/sysmem.o
 .debug_macro   0x00000000000275a9      0x1cb Src/system_stm32l4xx.o

.debug_line     0x0000000000000000     0xe5e4
 .debug_line    0x0000000000000000      0xa16 Drivers/BSP/B-L475E-IOT01/stm32l475e_iot01.o
 .debug_line    0x0000000000000a16      0x80e Drivers/BSP/B-L475E-IOT01/stm32l475e_iot01_accelero.o
 .debug_line    0x0000000000001224      0x808 Drivers/BSP/B-L475E-IOT01/stm32l475e_iot01_gyro.o
 .debug_line    0x0000000000001a2c      0x77c Drivers/BSP/B-L475E-IOT01/stm32l475e_iot01_hsensor.o
 .debug_line    0x00000000000021a8      0x7fd Drivers/BSP/B-L475E-IOT01/stm32l475e_iot01_magneto.o
 .debug_line    0x00000000000029a5      0x7ed Drivers/BSP/B-L475E-IOT01/stm32l475e_iot01_psensor.o
 .debug_line    0x0000000000003192      0x7d8 Drivers/BSP/B-L475E-IOT01/stm32l475e_iot01_tsensor.o
 .debug_line    0x000000000000396a      0x4a4 Drivers/BSP/Components/hts221/hts221.o
 .debug_line    0x0000000000003e0e      0x49c Drivers/BSP/Components/lis3mdl/lis3mdl.o
 .debug_line    0x00000000000042aa      0x4c3 Drivers/BSP/Components/lps22hb/lps22hb.o
 .debug_line    0x000000000000476d      0x550 Drivers/BSP/Components/lsm6dsl/lsm6dsl.o
 .debug_line    0x0000000000004cbd      0x98e Drivers/STM32L4xx_HAL_Driver/Src/stm32l4xx_hal.o
 .debug_line    0x000000000000564b      0xa16 Drivers/STM32L4xx_HAL_Driver/Src/stm32l4xx_hal_cortex.o
 .debug_line    0x0000000000006061      0x8a9 Drivers/STM32L4xx_HAL_Driver/Src/stm32l4xx_hal_gpio.o
 .debug_line    0x000000000000690a     0x1ad0 Drivers/STM32L4xx_HAL_Driver/Src/stm32l4xx_hal_i2c.o
 .debug_line    0x00000000000083da      0x831 Drivers/STM32L4xx_HAL_Driver/Src/stm32l4xx_hal_i2c_ex.o
 .debug_line    0x0000000000008c0b      0xaa2 Drivers/STM32L4xx_HAL_Driver/Src/stm32l4xx_hal_pwr_ex.o
 .debug_line    0x00000000000096ad      0xa05 Drivers/STM32L4xx_HAL_Driver/Src/stm32l4xx_hal_rcc.o
 .debug_line    0x000000000000a0b2      0xc9b Drivers/STM32L4xx_HAL_Driver/Src/stm32l4xx_hal_rcc_ex.o
 .debug_line    0x000000000000ad4d     0x129d Drivers/STM32L4xx_HAL_Driver/Src/stm32l4xx_hal_uart.o
 .debug_line    0x000000000000bfea      0xa82 Src/main.o
 .debug_line    0x000000000000ca6c      0x747 Src/stm32l4xx_hal_msp.o
 .debug_line    0x000000000000d1b3      0x79e Src/stm32l4xx_it.o
 .debug_line    0x000000000000d951      0x4fe Src/sysmem.o
 .debug_line    0x000000000000de4f      0x713 Src/system_stm32l4xx.o
 .debug_line    0x000000000000e562       0x82 Startup/startup_stm32l475vgtx.o

.debug_str      0x0000000000000000    0xecfc3
 .debug_str     0x0000000000000000    0xe2869 Drivers/BSP/B-L475E-IOT01/stm32l475e_iot01.o
                                      0xe2cf8 (size before relaxing)
 .debug_str     0x00000000000e2869     0x18d9 Drivers/BSP/B-L475E-IOT01/stm32l475e_iot01_accelero.o
                                      0xe334a (size before relaxing)
 .debug_str     0x00000000000e4142       0xe0 Drivers/BSP/B-L475E-IOT01/stm32l475e_iot01_gyro.o
                                      0xe32e4 (size before relaxing)
 .debug_str     0x00000000000e4222      0x7ff Drivers/BSP/B-L475E-IOT01/stm32l475e_iot01_hsensor.o
                                      0xe2267 (size before relaxing)
 .debug_str     0x00000000000e4a21      0xba1 Drivers/BSP/B-L475E-IOT01/stm32l475e_iot01_magneto.o
                                      0xe2669 (size before relaxing)
 .debug_str     0x00000000000e55c2      0xd6b Drivers/BSP/B-L475E-IOT01/stm32l475e_iot01_psensor.o
                                      0xe2889 (size before relaxing)
 .debug_str     0x00000000000e632d       0xa1 Drivers/BSP/B-L475E-IOT01/stm32l475e_iot01_tsensor.o
                                      0xe2250 (size before relaxing)
 .debug_str     0x00000000000e63ce       0xff Drivers/BSP/Components/hts221/hts221.o
                                       0x44a1 (size before relaxing)
 .debug_str     0x00000000000e64cd       0xbc Drivers/BSP/Components/lis3mdl/lis3mdl.o
                                       0x47e4 (size before relaxing)
 .debug_str     0x00000000000e6589       0xa5 Drivers/BSP/Components/lps22hb/lps22hb.o
                                       0x4a8c (size before relaxing)
 .debug_str     0x00000000000e662e       0xfa Drivers/BSP/Components/lsm6dsl/lsm6dsl.o
                                       0x548a (size before relaxing)
 .debug_str     0x00000000000e6728      0x5b0 Drivers/STM32L4xx_HAL_Driver/Src/stm32l4xx_hal.o
                                      0xe1a46 (size before relaxing)
 .debug_str     0x00000000000e6cd8      0x3d3 Drivers/STM32L4xx_HAL_Driver/Src/stm32l4xx_hal_cortex.o
                                      0xe17b6 (size before relaxing)
 .debug_str     0x00000000000e70ab      0x228 Drivers/STM32L4xx_HAL_Driver/Src/stm32l4xx_hal_gpio.o
                                      0xe11ea (size before relaxing)
 .debug_str     0x00000000000e72d3      0xd54 Drivers/STM32L4xx_HAL_Driver/Src/stm32l4xx_hal_i2c.o
                                      0xe207c (size before relaxing)
 .debug_str     0x00000000000e8027       0xb8 Drivers/STM32L4xx_HAL_Driver/Src/stm32l4xx_hal_i2c_ex.o
                                      0xe1474 (size before relaxing)
 .debug_str     0x00000000000e80df      0x4af Drivers/STM32L4xx_HAL_Driver/Src/stm32l4xx_hal_pwr_ex.o
                                      0xe1486 (size before relaxing)
 .debug_str     0x00000000000e858e      0x512 Drivers/STM32L4xx_HAL_Driver/Src/stm32l4xx_hal_rcc.o
                                      0xe152d (size before relaxing)
 .debug_str     0x00000000000e8aa0      0x600 Drivers/STM32L4xx_HAL_Driver/Src/stm32l4xx_hal_rcc_ex.o
                                      0xe16be (size before relaxing)
 .debug_str     0x00000000000e90a0      0x85b Drivers/STM32L4xx_HAL_Driver/Src/stm32l4xx_hal_uart.o
                                      0xe1b22 (size before relaxing)
 .debug_str     0x00000000000e98fb     0x307b Src/main.o
                                      0xe92e6 (size before relaxing)
 .debug_str     0x00000000000ec976       0x1b Src/stm32l4xx_hal_msp.o
                                      0xe164e (size before relaxing)
 .debug_str     0x00000000000ec991       0xcd Src/stm32l4xx_it.o
                                      0xe0e9d (size before relaxing)
 .debug_str     0x00000000000eca5e      0x4e4 Src/sysmem.o
                                       0x5f50 (size before relaxing)
 .debug_str     0x00000000000ecf42       0x50 Src/system_stm32l4xx.o
                                      0xe0f66 (size before relaxing)
 .debug_str     0x00000000000ecf92       0x31 Startup/startup_stm32l475vgtx.o
                                         0x5d (size before relaxing)

.comment        0x0000000000000000       0x7b
 .comment       0x0000000000000000       0x7b Drivers/BSP/B-L475E-IOT01/stm32l475e_iot01.o
                                         0x7c (size before relaxing)
 .comment       0x000000000000007b       0x7c Drivers/BSP/B-L475E-IOT01/stm32l475e_iot01_accelero.o
 .comment       0x000000000000007b       0x7c Drivers/BSP/B-L475E-IOT01/stm32l475e_iot01_gyro.o
 .comment       0x000000000000007b       0x7c Drivers/BSP/B-L475E-IOT01/stm32l475e_iot01_hsensor.o
 .comment       0x000000000000007b       0x7c Drivers/BSP/B-L475E-IOT01/stm32l475e_iot01_magneto.o
 .comment       0x000000000000007b       0x7c Drivers/BSP/B-L475E-IOT01/stm32l475e_iot01_psensor.o
 .comment       0x000000000000007b       0x7c Drivers/BSP/B-L475E-IOT01/stm32l475e_iot01_tsensor.o
 .comment       0x000000000000007b       0x7c Drivers/BSP/Components/hts221/hts221.o
 .comment       0x000000000000007b       0x7c Drivers/BSP/Components/lis3mdl/lis3mdl.o
 .comment       0x000000000000007b       0x7c Drivers/BSP/Components/lps22hb/lps22hb.o
 .comment       0x000000000000007b       0x7c Drivers/BSP/Components/lsm6dsl/lsm6dsl.o
 .comment       0x000000000000007b       0x7c Drivers/STM32L4xx_HAL_Driver/Src/stm32l4xx_hal.o
 .comment       0x000000000000007b       0x7c Drivers/STM32L4xx_HAL_Driver/Src/stm32l4xx_hal_cortex.o
 .comment       0x000000000000007b       0x7c Drivers/STM32L4xx_HAL_Driver/Src/stm32l4xx_hal_gpio.o
 .comment       0x000000000000007b       0x7c Drivers/STM32L4xx_HAL_Driver/Src/stm32l4xx_hal_i2c.o
 .comment       0x000000000000007b       0x7c Drivers/STM32L4xx_HAL_Driver/Src/stm32l4xx_hal_i2c_ex.o
 .comment       0x000000000000007b       0x7c Drivers/STM32L4xx_HAL_Driver/Src/stm32l4xx_hal_pwr_ex.o
 .comment       0x000000000000007b       0x7c Drivers/STM32L4xx_HAL_Driver/Src/stm32l4xx_hal_rcc.o
 .comment       0x000000000000007b       0x7c Drivers/STM32L4xx_HAL_Driver/Src/stm32l4xx_hal_rcc_ex.o
 .comment       0x000000000000007b       0x7c Drivers/STM32L4xx_HAL_Driver/Src/stm32l4xx_hal_uart.o
 .comment       0x000000000000007b       0x7c Src/main.o
 .comment       0x000000000000007b       0x7c Src/stm32l4xx_hal_msp.o
 .comment       0x000000000000007b       0x7c Src/stm32l4xx_it.o
 .comment       0x000000000000007b       0x7c Src/sysmem.o
 .comment       0x000000000000007b       0x7c Src/system_stm32l4xx.o

.debug_frame    0x0000000000000000     0x3e44
 .debug_frame   0x0000000000000000      0x4e0 Drivers/BSP/B-L475E-IOT01/stm32l475e_iot01.o
 .debug_frame   0x00000000000004e0       0x98 Drivers/BSP/B-L475E-IOT01/stm32l475e_iot01_accelero.o
 .debug_frame   0x0000000000000578       0x98 Drivers/BSP/B-L475E-IOT01/stm32l475e_iot01_gyro.o
 .debug_frame   0x0000000000000610       0x6c Drivers/BSP/B-L475E-IOT01/stm32l475e_iot01_hsensor.o
 .debug_frame   0x000000000000067c       0x98 Drivers/BSP/B-L475E-IOT01/stm32l475e_iot01_magneto.o
 .debug_frame   0x0000000000000714       0x6c Drivers/BSP/B-L475E-IOT01/stm32l475e_iot01_psensor.o